Archive member included to satisfy reference by file (symbol)

c:/progra~2/gnuarm~1/102020~1/bin/../lib/gcc/arm-none-eabi/10.2.1/thumb/v6-m/nofp\libgcc.a(_dvmd_tls.o)
                              CMakeFiles/pico_multicore_temp.dir/D_/My_Wisdom/Works/Github/Raspberry_Pi_Pico/pico-sdk/src/rp2_common/pico_divider/divider.S.obj (__aeabi_idiv0)
c:/progra~2/gnuarm~1/102020~1/bin/../lib/gcc/arm-none-eabi/10.2.1/../../../../arm-none-eabi/lib/thumb/v6-m/nofp\libg.a(lib_a-calloc.o)
                              CMakeFiles/pico_multicore_temp.dir/D_/My_Wisdom/Works/Github/Raspberry_Pi_Pico/pico-sdk/src/rp2_common/pico_malloc/pico_malloc.c.obj (calloc)
c:/progra~2/gnuarm~1/102020~1/bin/../lib/gcc/arm-none-eabi/10.2.1/../../../../arm-none-eabi/lib/thumb/v6-m/nofp\libg.a(lib_a-callocr.o)
                              c:/progra~2/gnuarm~1/102020~1/bin/../lib/gcc/arm-none-eabi/10.2.1/../../../../arm-none-eabi/lib/thumb/v6-m/nofp\libg.a(lib_a-calloc.o) (_calloc_r)
c:/progra~2/gnuarm~1/102020~1/bin/../lib/gcc/arm-none-eabi/10.2.1/../../../../arm-none-eabi/lib/thumb/v6-m/nofp\libg.a(lib_a-ctype_.o)
                              CMakeFiles/pico_multicore_temp.dir/D_/My_Wisdom/Works/Github/Raspberry_Pi_Pico/pico-sdk/lib/tinyusb/src/tusb.c.obj (_ctype_)
c:/progra~2/gnuarm~1/102020~1/bin/../lib/gcc/arm-none-eabi/10.2.1/../../../../arm-none-eabi/lib/thumb/v6-m/nofp\libg.a(lib_a-impure.o)
                              c:/progra~2/gnuarm~1/102020~1/bin/../lib/gcc/arm-none-eabi/10.2.1/../../../../arm-none-eabi/lib/thumb/v6-m/nofp\libg.a(lib_a-calloc.o) (_impure_ptr)
c:/progra~2/gnuarm~1/102020~1/bin/../lib/gcc/arm-none-eabi/10.2.1/../../../../arm-none-eabi/lib/thumb/v6-m/nofp\libg.a(lib_a-init.o)
                              c:/progra~2/gnuarm~1/102020~1/bin/../lib/gcc/arm-none-eabi/10.2.1/../../../../arm-none-eabi/lib/thumb/v6-m/nofp/crt0.o (__libc_init_array)
c:/progra~2/gnuarm~1/102020~1/bin/../lib/gcc/arm-none-eabi/10.2.1/../../../../arm-none-eabi/lib/thumb/v6-m/nofp\libg.a(lib_a-malloc.o)
                              CMakeFiles/pico_multicore_temp.dir/D_/My_Wisdom/Works/Github/Raspberry_Pi_Pico/pico-sdk/src/rp2_common/pico_malloc/pico_malloc.c.obj (malloc)
c:/progra~2/gnuarm~1/102020~1/bin/../lib/gcc/arm-none-eabi/10.2.1/../../../../arm-none-eabi/lib/thumb/v6-m/nofp\libg.a(lib_a-mallocr.o)
                              c:/progra~2/gnuarm~1/102020~1/bin/../lib/gcc/arm-none-eabi/10.2.1/../../../../arm-none-eabi/lib/thumb/v6-m/nofp\libg.a(lib_a-callocr.o) (_malloc_r)
c:/progra~2/gnuarm~1/102020~1/bin/../lib/gcc/arm-none-eabi/10.2.1/../../../../arm-none-eabi/lib/thumb/v6-m/nofp\libg.a(lib_a-mlock.o)
                              c:/progra~2/gnuarm~1/102020~1/bin/../lib/gcc/arm-none-eabi/10.2.1/../../../../arm-none-eabi/lib/thumb/v6-m/nofp\libg.a(lib_a-mallocr.o) (__malloc_lock)
c:/progra~2/gnuarm~1/102020~1/bin/../lib/gcc/arm-none-eabi/10.2.1/../../../../arm-none-eabi/lib/thumb/v6-m/nofp\libg.a(lib_a-sbrkr.o)
                              c:/progra~2/gnuarm~1/102020~1/bin/../lib/gcc/arm-none-eabi/10.2.1/../../../../arm-none-eabi/lib/thumb/v6-m/nofp\libg.a(lib_a-mallocr.o) (_sbrk_r)
c:/progra~2/gnuarm~1/102020~1/bin/../lib/gcc/arm-none-eabi/10.2.1/../../../../arm-none-eabi/lib/thumb/v6-m/nofp\libg.a(lib_a-strlen-stub.o)
                              CMakeFiles/pico_multicore_temp.dir/D_/My_Wisdom/Works/Github/Raspberry_Pi_Pico/pico-sdk/src/rp2_common/pico_stdio/stdio.c.obj (strlen)
c:/progra~2/gnuarm~1/102020~1/bin/../lib/gcc/arm-none-eabi/10.2.1/../../../../arm-none-eabi/lib/thumb/v6-m/nofp\libg.a(lib_a-freer.o)
                              c:/progra~2/gnuarm~1/102020~1/bin/../lib/gcc/arm-none-eabi/10.2.1/../../../../arm-none-eabi/lib/thumb/v6-m/nofp\libg.a(lib_a-malloc.o) (_free_r)
c:/progra~2/gnuarm~1/102020~1/bin/../lib/gcc/arm-none-eabi/10.2.1/../../../../arm-none-eabi/lib/thumb/v6-m/nofp\libg.a(lib_a-lock.o)
                              c:/progra~2/gnuarm~1/102020~1/bin/../lib/gcc/arm-none-eabi/10.2.1/../../../../arm-none-eabi/lib/thumb/v6-m/nofp\libg.a(lib_a-mlock.o) (__retarget_lock_acquire_recursive)
c:/progra~2/gnuarm~1/102020~1/bin/../lib/gcc/arm-none-eabi/10.2.1/../../../../arm-none-eabi/lib/thumb/v6-m/nofp\libg.a(lib_a-reent.o)
                              c:/progra~2/gnuarm~1/102020~1/bin/../lib/gcc/arm-none-eabi/10.2.1/../../../../arm-none-eabi/lib/thumb/v6-m/nofp\libg.a(lib_a-sbrkr.o) (errno)

Discarded input sections

 .text          0x00000000        0x0 c:/progra~2/gnuarm~1/102020~1/bin/../lib/gcc/arm-none-eabi/10.2.1/thumb/v6-m/nofp/crti.o
 .data          0x00000000        0x0 c:/progra~2/gnuarm~1/102020~1/bin/../lib/gcc/arm-none-eabi/10.2.1/thumb/v6-m/nofp/crti.o
 .bss           0x00000000        0x0 c:/progra~2/gnuarm~1/102020~1/bin/../lib/gcc/arm-none-eabi/10.2.1/thumb/v6-m/nofp/crti.o
 .data          0x00000000        0x4 c:/progra~2/gnuarm~1/102020~1/bin/../lib/gcc/arm-none-eabi/10.2.1/thumb/v6-m/nofp/crtbegin.o
[...]
Memory Configuration

Name             Origin             Length             Attributes
FLASH            0x10000000         0x00200000         xr
RAM              0x20000000         0x00040000         xrw
SCRATCH_X        0x20040000         0x00001000         xrw
SCRATCH_Y        0x20041000         0x00001000         xrw
*default*        0x00000000         0xffffffff

Linker script and memory map

LOAD c:/progra~2/gnuarm~1/102020~1/bin/../lib/gcc/arm-none-eabi/10.2.1/thumb/v6-m/nofp/crti.o
LOAD c:/progra~2/gnuarm~1/102020~1/bin/../lib/gcc/arm-none-eabi/10.2.1/thumb/v6-m/nofp/crtbegin.o
LOAD c:/progra~2/gnuarm~1/102020~1/bin/../lib/gcc/arm-none-eabi/10.2.1/../../../../arm-none-eabi/lib/thumb/v6-m/nofp/crt0.o

.flash_begin    0x10000000        0x0
                0x10000000                __flash_binary_start = .

.boot2          0x10000000      0x100
                0x10000000                __boot2_start__ = .
 *(.boot2)
 .boot2         0x10000000      0x100 C:\Users\ASWIN\AppData\Local\Temp\ccKSdXDl.o
                0x10000100                __boot2_end__ = .
                0x00000001                ASSERT (((__boot2_end__ - __boot2_start__) == 0x100), ERROR: Pico second stage bootloader must be 256 bytes in size)

.text           0x10000100     0x6c98
                0x10000100                __logical_binary_start = .
 *(.vectors)
 .vectors       0x10000100       0xd4 CMakeFiles/pico_multicore_temp.dir/D_/My_Wisdom/Works/Github/Raspberry_Pi_Pico/pico-sdk/src/rp2_common/pico_standard_link/crt0.S.obj
                0x10000100                __vectors
                0x100001c0                isr_invalid
                0x100001c2                isr_nmi
                0x100001c4                isr_hardfault
                0x100001c6                isr_svcall
                0x100001c8                isr_pendsv
                0x100001ca                isr_systick
                0x100001cc                isr_irq11
                0x100001cc                isr_irq5
                0x100001cc                isr_irq23
                0x100001cc                isr_irq18
                0x100001cc                isr_irq31
                0x100001cc                isr_irq28
                0x100001cc                isr_irq19
                0x100001cc                isr_irq0
                0x100001cc                isr_irq6
                0x100001cc                isr_irq27
                0x100001cc                isr_irq12
                0x100001cc                isr_irq22
                0x100001cc                isr_irq13
                0x100001cc                isr_irq17
                0x100001cc                isr_irq14
                0x100001cc                isr_irq2
                0x100001cc                isr_irq10
                0x100001cc                isr_irq8
                0x100001cc                isr_irq24
                0x100001cc                isr_irq1
                0x100001cc                isr_irq7
                0x100001cc                isr_irq21
                0x100001cc                isr_irq20
                0x100001cc                isr_irq15
                0x100001cc                isr_irq25
                0x100001cc                __unhandled_user_irq
                0x100001cc                isr_irq4
                0x100001cc                isr_irq16
                0x100001cc                isr_irq29
                0x100001cc                isr_irq26
                0x100001cc                isr_irq3
                0x100001cc                isr_irq30
                0x100001cc                isr_irq9
                0x100001d2                unhandled_user_irq_num_in_r0
 *(.binary_info_header)
 .binary_info_header
                0x100001d4       0x14 CMakeFiles/pico_multicore_temp.dir/D_/My_Wisdom/Works/Github/Raspberry_Pi_Pico/pico-sdk/src/rp2_common/pico_standard_link/crt0.S.obj
                0x100001e8                __binary_info_header_end = .
 *(.reset)
 .reset         0x100001e8       0xa8 CMakeFiles/pico_multicore_temp.dir/D_/My_Wisdom/Works/Github/Raspberry_Pi_Pico/pico-sdk/src/rp2_common/pico_standard_link/crt0.S.obj
                0x100001e8                _entry_point
                0x10000266                __get_current_exception
 .reset         0x10000290       0x30 CMakeFiles/pico_multicore_temp.dir/D_/My_Wisdom/Works/Github/Raspberry_Pi_Pico/pico-sdk/src/rp2_common/pico_standard_link/binary_info.c.obj
 *(.init)
 .init          0x100002c0        0x4 c:/progra~2/gnuarm~1/102020~1/bin/../lib/gcc/arm-none-eabi/10.2.1/thumb/v6-m/nofp/crti.o
                0x100002c0                _init
 *(EXCLUDE_FILE(*libm.a: *libc.a:*lib_a-mem*.o *libgcc.a:) .text*)
 .text          0x100002c4       0x48 c:/progra~2/gnuarm~1/102020~1/bin/../lib/gcc/arm-none-eabi/10.2.1/thumb/v6-m/nofp/crtbegin.o
 .text.main     0x1000030c       0x5c CMakeFiles/pico_multicore_temp.dir/multicore_temp.c.obj
                0x1000030c                main
 .text.filter_pt1_fun
                0x10000368       0x28 CMakeFiles/pico_multicore_temp.dir/multicore_temp.c.obj
                0x10000368                filter_pt1_fun
 .text.tempcalc_fun
                0x10000390       0x7c CMakeFiles/pico_multicore_temp.dir/multicore_temp.c.obj
                0x10000390                tempcalc_fun
 .text.core1_func
                0x1000040c       0x6e CMakeFiles/pico_multicore_temp.dir/multicore_temp.c.obj
                0x1000040c                core1_func
 *fill*         0x1000047a        0x2 
 .text.gpio_set_function
                0x1000047c       0x30 CMakeFiles/pico_multicore_temp.dir/D_/My_Wisdom/Works/Github/Raspberry_Pi_Pico/pico-sdk/src/rp2_common/hardware_gpio/gpio.c.obj
                0x1000047c                gpio_set_function
 .text.gpio_init
                0x100004ac       0x16 CMakeFiles/pico_multicore_temp.dir/D_/My_Wisdom/Works/Github/Raspberry_Pi_Pico/pico-sdk/src/rp2_common/hardware_gpio/gpio.c.obj
                0x100004ac                gpio_init
 *fill*         0x100004c2        0x2 
 .text.hw_claim_lock
                0x100004c4       0x18 CMakeFiles/pico_multicore_temp.dir/D_/My_Wisdom/Works/Github/Raspberry_Pi_Pico/pico-sdk/src/rp2_common/hardware_claim/claim.c.obj
                0x100004c4                hw_claim_lock
 .text.hw_claim_unlock
                0x100004dc       0x14 CMakeFiles/pico_multicore_temp.dir/D_/My_Wisdom/Works/Github/Raspberry_Pi_Pico/pico-sdk/src/rp2_common/hardware_claim/claim.c.obj
                0x100004dc                hw_claim_unlock
 .text.hw_claim_or_assert
                0x100004f0       0x36 CMakeFiles/pico_multicore_temp.dir/D_/My_Wisdom/Works/Github/Raspberry_Pi_Pico/pico-sdk/src/rp2_common/hardware_claim/claim.c.obj
                0x100004f0                hw_claim_or_assert
 .text.hw_claim_unused_from_range
                0x10000526       0x58 CMakeFiles/pico_multicore_temp.dir/D_/My_Wisdom/Works/Github/Raspberry_Pi_Pico/pico-sdk/src/rp2_common/hardware_claim/claim.c.obj
                0x10000526                hw_claim_unused_from_range
 *fill*         0x1000057e        0x2 
 .text.spin_locks_reset
                0x10000580       0x20 CMakeFiles/pico_multicore_temp.dir/D_/My_Wisdom/Works/Github/Raspberry_Pi_Pico/pico-sdk/src/rp2_common/hardware_sync/sync.c.obj
                0x10000580                spin_locks_reset
 .text.next_striped_spin_lock_num
                0x100005a0       0x1c CMakeFiles/pico_multicore_temp.dir/D_/My_Wisdom/Works/Github/Raspberry_Pi_Pico/pico-sdk/src/rp2_common/hardware_sync/sync.c.obj
                0x100005a0                next_striped_spin_lock_num
 .text.spin_lock_claim_unused
                0x100005bc       0x20 CMakeFiles/pico_multicore_temp.dir/D_/My_Wisdom/Works/Github/Raspberry_Pi_Pico/pico-sdk/src/rp2_common/hardware_sync/sync.c.obj
                0x100005bc                spin_lock_claim_unused
 .text.running_on_fpga
                0x100005dc       0x14 CMakeFiles/pico_multicore_temp.dir/D_/My_Wisdom/Works/Github/Raspberry_Pi_Pico/pico-sdk/src/rp2_common/pico_platform/platform.c.obj
                0x100005dc                running_on_fpga
 .text.sev_callback
                0x100005f0        0x8 CMakeFiles/pico_multicore_temp.dir/D_/My_Wisdom/Works/Github/Raspberry_Pi_Pico/pico-sdk/src/common/pico_time/time.c.obj
 .text.alarm_pool_post_alloc_init
                0x100005f8       0x40 CMakeFiles/pico_multicore_temp.dir/D_/My_Wisdom/Works/Github/Raspberry_Pi_Pico/pico-sdk/src/common/pico_time/time.c.obj
 .text.timer_pool_entry_comparator
                0x10000638       0x78 CMakeFiles/pico_multicore_temp.dir/D_/My_Wisdom/Works/Github/Raspberry_Pi_Pico/pico-sdk/src/common/pico_time/time.c.obj
                0x10000638                timer_pool_entry_comparator
 .text.ph_add_child_node
                0x100006b0       0xa4 CMakeFiles/pico_multicore_temp.dir/D_/My_Wisdom/Works/Github/Raspberry_Pi_Pico/pico-sdk/src/common/pico_time/time.c.obj
 .text.ph_merge_nodes
                0x10000754       0x3e CMakeFiles/pico_multicore_temp.dir/D_/My_Wisdom/Works/Github/Raspberry_Pi_Pico/pico-sdk/src/common/pico_time/time.c.obj
 *fill*         0x10000792        0x2 
 .text.add_alarm_under_lock
                0x10000794      0x174 CMakeFiles/pico_multicore_temp.dir/D_/My_Wisdom/Works/Github/Raspberry_Pi_Pico/pico-sdk/src/common/pico_time/time.c.obj
 .text.alarm_pool_alarm_callback
                0x10000908      0x308 CMakeFiles/pico_multicore_temp.dir/D_/My_Wisdom/Works/Github/Raspberry_Pi_Pico/pico-sdk/src/common/pico_time/time.c.obj
 .text.alarm_pool_init_default
                0x10000c10       0x2c CMakeFiles/pico_multicore_temp.dir/D_/My_Wisdom/Works/Github/Raspberry_Pi_Pico/pico-sdk/src/common/pico_time/time.c.obj
                0x10000c10                alarm_pool_init_default
 .text.alarm_pool_get_default
                0x10000c3c       0x2c CMakeFiles/pico_multicore_temp.dir/D_/My_Wisdom/Works/Github/Raspberry_Pi_Pico/pico-sdk/src/common/pico_time/time.c.obj
                0x10000c3c                alarm_pool_get_default
 .text.alarm_pool_add_alarm_at
                0x10000c68      0x140 CMakeFiles/pico_multicore_temp.dir/D_/My_Wisdom/Works/Github/Raspberry_Pi_Pico/pico-sdk/src/common/pico_time/time.c.obj
                0x10000c68                alarm_pool_add_alarm_at
 .text.alarm_pool_cancel_alarm
                0x10000da8       0xec CMakeFiles/pico_multicore_temp.dir/D_/My_Wisdom/Works/Github/Raspberry_Pi_Pico/pico-sdk/src/common/pico_time/time.c.obj
                0x10000da8                alarm_pool_cancel_alarm
 .text.sleep_until
                0x10000e94       0xa0 CMakeFiles/pico_multicore_temp.dir/D_/My_Wisdom/Works/Github/Raspberry_Pi_Pico/pico-sdk/src/common/pico_time/time.c.obj
                0x10000e94                sleep_until
 .text.sleep_us
                0x10000f34       0x2e CMakeFiles/pico_multicore_temp.dir/D_/My_Wisdom/Works/Github/Raspberry_Pi_Pico/pico-sdk/src/common/pico_time/time.c.obj
                0x10000f34                sleep_us
 .text.sleep_ms
                0x10000f62       0x14 CMakeFiles/pico_multicore_temp.dir/D_/My_Wisdom/Works/Github/Raspberry_Pi_Pico/pico-sdk/src/common/pico_time/time.c.obj
                0x10000f62                sleep_ms
 *fill*         0x10000f76        0x2 
 .text.best_effort_wfe_or_timeout
                0x10000f78       0x80 CMakeFiles/pico_multicore_temp.dir/D_/My_Wisdom/Works/Github/Raspberry_Pi_Pico/pico-sdk/src/common/pico_time/time.c.obj
                0x10000f78                best_effort_wfe_or_timeout
 .text.hardware_alarm_irq_handler
                0x10000ff8       0x8c CMakeFiles/pico_multicore_temp.dir/D_/My_Wisdom/Works/Github/Raspberry_Pi_Pico/pico-sdk/src/rp2_common/hardware_timer/timer.c.obj
 .text.hardware_alarm_claim
                0x10001084       0x18 CMakeFiles/pico_multicore_temp.dir/D_/My_Wisdom/Works/Github/Raspberry_Pi_Pico/pico-sdk/src/rp2_common/hardware_timer/timer.c.obj
                0x10001084                hardware_alarm_claim
 .text.time_us_64
                0x1000109c       0x18 CMakeFiles/pico_multicore_temp.dir/D_/My_Wisdom/Works/Github/Raspberry_Pi_Pico/pico-sdk/src/rp2_common/hardware_timer/timer.c.obj
                0x1000109c                time_us_64
 .text.busy_wait_until
                0x100010b4       0x28 CMakeFiles/pico_multicore_temp.dir/D_/My_Wisdom/Works/Github/Raspberry_Pi_Pico/pico-sdk/src/rp2_common/hardware_timer/timer.c.obj
                0x100010b4                busy_wait_until
 .text.hardware_alarm_set_callback
                0x100010dc       0x90 CMakeFiles/pico_multicore_temp.dir/D_/My_Wisdom/Works/Github/Raspberry_Pi_Pico/pico-sdk/src/rp2_common/hardware_timer/timer.c.obj
                0x100010dc                hardware_alarm_set_callback
 .text.hardware_alarm_set_target
                0x1000116c       0xc8 CMakeFiles/pico_multicore_temp.dir/D_/My_Wisdom/Works/Github/Raspberry_Pi_Pico/pico-sdk/src/rp2_common/hardware_timer/timer.c.obj
                0x1000116c                hardware_alarm_set_target
 .text.hardware_alarm_cancel
                0x10001234       0x40 CMakeFiles/pico_multicore_temp.dir/D_/My_Wisdom/Works/Github/Raspberry_Pi_Pico/pico-sdk/src/rp2_common/hardware_timer/timer.c.obj
                0x10001234                hardware_alarm_cancel
 .text.lock_init
                0x10001274       0x10 CMakeFiles/pico_multicore_temp.dir/D_/My_Wisdom/Works/Github/Raspberry_Pi_Pico/pico-sdk/src/common/pico_sync/lock_core.c.obj
                0x10001274                lock_init
 .text.mutex_init
                0x10001284       0x1a CMakeFiles/pico_multicore_temp.dir/D_/My_Wisdom/Works/Github/Raspberry_Pi_Pico/pico-sdk/src/common/pico_sync/mutex.c.obj
                0x10001284                mutex_init
 .text.critical_section_init_with_lock_num
                0x1000129e        0xc CMakeFiles/pico_multicore_temp.dir/D_/My_Wisdom/Works/Github/Raspberry_Pi_Pico/pico-sdk/src/common/pico_sync/critical_section.c.obj
                0x1000129e                critical_section_init_with_lock_num
 .text.critical_section_init
                0x100012aa       0x14 CMakeFiles/pico_multicore_temp.dir/D_/My_Wisdom/Works/Github/Raspberry_Pi_Pico/pico-sdk/src/common/pico_sync/critical_section.c.obj
                0x100012aa                critical_section_init
 *fill*         0x100012be        0x2 
 .text.ph_add_child_node
                0x100012c0       0xa4 CMakeFiles/pico_multicore_temp.dir/D_/My_Wisdom/Works/Github/Raspberry_Pi_Pico/pico-sdk/src/common/pico_util/pheap.c.obj
 .text.ph_merge_nodes
                0x10001364       0x3e CMakeFiles/pico_multicore_temp.dir/D_/My_Wisdom/Works/Github/Raspberry_Pi_Pico/pico-sdk/src/common/pico_util/pheap.c.obj
 *fill*         0x100013a2        0x2 
 .text.ph_clear
                0x100013a4       0x70 CMakeFiles/pico_multicore_temp.dir/D_/My_Wisdom/Works/Github/Raspberry_Pi_Pico/pico-sdk/src/common/pico_util/pheap.c.obj
                0x100013a4                ph_clear
 .text.ph_post_alloc_init
                0x10001414        0xe CMakeFiles/pico_multicore_temp.dir/D_/My_Wisdom/Works/Github/Raspberry_Pi_Pico/pico-sdk/src/common/pico_util/pheap.c.obj
                0x10001414                ph_post_alloc_init
 *fill*         0x10001422        0x2 
 .text.ph_merge_two_pass
                0x10001424       0xa8 CMakeFiles/pico_multicore_temp.dir/D_/My_Wisdom/Works/Github/Raspberry_Pi_Pico/pico-sdk/src/common/pico_util/pheap.c.obj
                0x10001424                ph_merge_two_pass
 .text.ph_remove_any_head
                0x100014cc      0x108 CMakeFiles/pico_multicore_temp.dir/D_/My_Wisdom/Works/Github/Raspberry_Pi_Pico/pico-sdk/src/common/pico_util/pheap.c.obj
 .text.ph_remove_head
                0x100015d4       0x14 CMakeFiles/pico_multicore_temp.dir/D_/My_Wisdom/Works/Github/Raspberry_Pi_Pico/pico-sdk/src/common/pico_util/pheap.c.obj
                0x100015d4                ph_remove_head
 .text.ph_remove_and_free_node
                0x100015e8       0xf8 CMakeFiles/pico_multicore_temp.dir/D_/My_Wisdom/Works/Github/Raspberry_Pi_Pico/pico-sdk/src/common/pico_util/pheap.c.obj
                0x100015e8                ph_remove_and_free_node
 .text.runtime_init
                0x100016e0       0xcc CMakeFiles/pico_multicore_temp.dir/D_/My_Wisdom/Works/Github/Raspberry_Pi_Pico/pico-sdk/src/rp2_common/pico_runtime/runtime.c.obj
                0x100016e0                runtime_init
 .text._exit    0x100017ac        0x4 CMakeFiles/pico_multicore_temp.dir/D_/My_Wisdom/Works/Github/Raspberry_Pi_Pico/pico-sdk/src/rp2_common/pico_runtime/runtime.c.obj
                0x100017ac                _exit
 .text.exit     0x100017b0        0x6 CMakeFiles/pico_multicore_temp.dir/D_/My_Wisdom/Works/Github/Raspberry_Pi_Pico/pico-sdk/src/rp2_common/pico_runtime/runtime.c.obj
                0x100017b0                exit
 *fill*         0x100017b6        0x2 
 .text.__assert_func
                0x100017b8       0x3c CMakeFiles/pico_multicore_temp.dir/D_/My_Wisdom/Works/Github/Raspberry_Pi_Pico/pico-sdk/src/rp2_common/pico_runtime/runtime.c.obj
                0x100017b8                __assert_func
 .text.panic    0x100017f4       0x30 CMakeFiles/pico_multicore_temp.dir/D_/My_Wisdom/Works/Github/Raspberry_Pi_Pico/pico-sdk/src/rp2_common/pico_runtime/runtime.c.obj
                0x100017f4                panic
 .text.clock_configure
                0x10001824       0xe8 CMakeFiles/pico_multicore_temp.dir/D_/My_Wisdom/Works/Github/Raspberry_Pi_Pico/pico-sdk/src/rp2_common/hardware_clocks/clocks.c.obj
                0x10001824                clock_configure
 .text.clocks_init
                0x1000190c      0x124 CMakeFiles/pico_multicore_temp.dir/D_/My_Wisdom/Works/Github/Raspberry_Pi_Pico/pico-sdk/src/rp2_common/hardware_clocks/clocks.c.obj
                0x1000190c                clocks_init
 .text.watchdog_start_tick
                0x10001a30       0x10 CMakeFiles/pico_multicore_temp.dir/D_/My_Wisdom/Works/Github/Raspberry_Pi_Pico/pico-sdk/src/rp2_common/hardware_watchdog/watchdog.c.obj
                0x10001a30                watchdog_start_tick
 .text.watchdog_update
                0x10001a40       0x14 CMakeFiles/pico_multicore_temp.dir/D_/My_Wisdom/Works/Github/Raspberry_Pi_Pico/pico-sdk/src/rp2_common/hardware_watchdog/watchdog.c.obj
                0x10001a40                watchdog_update
 .text._watchdog_enable
                0x10001a54       0x70 CMakeFiles/pico_multicore_temp.dir/D_/My_Wisdom/Works/Github/Raspberry_Pi_Pico/pico-sdk/src/rp2_common/hardware_watchdog/watchdog.c.obj
                0x10001a54                _watchdog_enable
 .text.watchdog_reboot
                0x10001ac4       0x48 CMakeFiles/pico_multicore_temp.dir/D_/My_Wisdom/Works/Github/Raspberry_Pi_Pico/pico-sdk/src/rp2_common/hardware_watchdog/watchdog.c.obj
                0x10001ac4                watchdog_reboot
 .text.xosc_init
                0x10001b0c       0x28 CMakeFiles/pico_multicore_temp.dir/D_/My_Wisdom/Works/Github/Raspberry_Pi_Pico/pico-sdk/src/rp2_common/hardware_xosc/xosc.c.obj
                0x10001b0c                xosc_init
 .text.pll_init
                0x10001b34       0xd0 CMakeFiles/pico_multicore_temp.dir/D_/My_Wisdom/Works/Github/Raspberry_Pi_Pico/pico-sdk/src/rp2_common/hardware_pll/pll.c.obj
                0x10001b34                pll_init
 .text.set_raw_irq_handler_and_unlock
                0x10001c04       0x28 CMakeFiles/pico_multicore_temp.dir/D_/My_Wisdom/Works/Github/Raspberry_Pi_Pico/pico-sdk/src/rp2_common/hardware_irq/irq.c.obj
 .text.make_branch
                0x10001c2c       0x34 CMakeFiles/pico_multicore_temp.dir/D_/My_Wisdom/Works/Github/Raspberry_Pi_Pico/pico-sdk/src/rp2_common/hardware_irq/irq.c.obj
 .text.insert_branch_and_link
                0x10001c60       0x40 CMakeFiles/pico_multicore_temp.dir/D_/My_Wisdom/Works/Github/Raspberry_Pi_Pico/pico-sdk/src/rp2_common/hardware_irq/irq.c.obj
 .text.irq_is_enabled
                0x10001ca0       0x18 CMakeFiles/pico_multicore_temp.dir/D_/My_Wisdom/Works/Github/Raspberry_Pi_Pico/pico-sdk/src/rp2_common/hardware_irq/irq.c.obj
                0x10001ca0                irq_is_enabled
 .text.irq_set_mask_enabled
                0x10001cb8       0x20 CMakeFiles/pico_multicore_temp.dir/D_/My_Wisdom/Works/Github/Raspberry_Pi_Pico/pico-sdk/src/rp2_common/hardware_irq/irq.c.obj
                0x10001cb8                irq_set_mask_enabled
 .text.irq_set_enabled
                0x10001cd8        0xe CMakeFiles/pico_multicore_temp.dir/D_/My_Wisdom/Works/Github/Raspberry_Pi_Pico/pico-sdk/src/rp2_common/hardware_irq/irq.c.obj
                0x10001cd8                irq_set_enabled
 *fill*         0x10001ce6        0x2 
 .text.irq_set_pending
                0x10001ce8       0x10 CMakeFiles/pico_multicore_temp.dir/D_/My_Wisdom/Works/Github/Raspberry_Pi_Pico/pico-sdk/src/rp2_common/hardware_irq/irq.c.obj
                0x10001ce8                irq_set_pending
 .text.irq_get_vtable_handler
                0x10001cf8       0x10 CMakeFiles/pico_multicore_temp.dir/D_/My_Wisdom/Works/Github/Raspberry_Pi_Pico/pico-sdk/src/rp2_common/hardware_irq/irq.c.obj
                0x10001cf8                irq_get_vtable_handler
 .text.irq_set_exclusive_handler
                0x10001d08       0x54 CMakeFiles/pico_multicore_temp.dir/D_/My_Wisdom/Works/Github/Raspberry_Pi_Pico/pico-sdk/src/rp2_common/hardware_irq/irq.c.obj
                0x10001d08                irq_set_exclusive_handler
 .text.irq_remove_handler
                0x10001d5c      0x1ac CMakeFiles/pico_multicore_temp.dir/D_/My_Wisdom/Works/Github/Raspberry_Pi_Pico/pico-sdk/src/rp2_common/hardware_irq/irq.c.obj
                0x10001d5c                irq_remove_handler
 .text.irq_set_priority
                0x10001f08       0x28 CMakeFiles/pico_multicore_temp.dir/D_/My_Wisdom/Works/Github/Raspberry_Pi_Pico/pico-sdk/src/rp2_common/hardware_irq/irq.c.obj
                0x10001f08                irq_set_priority
 .text.irq_add_tail_to_free_list
                0x10001f30       0xf0 CMakeFiles/pico_multicore_temp.dir/D_/My_Wisdom/Works/Github/Raspberry_Pi_Pico/pico-sdk/src/rp2_common/hardware_irq/irq.c.obj
                0x10001f30                irq_add_tail_to_free_list
 .text.irq_init_priorities
                0x10002020       0x16 CMakeFiles/pico_multicore_temp.dir/D_/My_Wisdom/Works/Github/Raspberry_Pi_Pico/pico-sdk/src/rp2_common/hardware_irq/irq.c.obj
                0x10002020                irq_init_priorities
 .text._out_null
                0x10002036        0x2 CMakeFiles/pico_multicore_temp.dir/D_/My_Wisdom/Works/Github/Raspberry_Pi_Pico/pico-sdk/src/rp2_common/pico_printf/printf.c.obj
 .text._out_fct
                0x10002038        0xe CMakeFiles/pico_multicore_temp.dir/D_/My_Wisdom/Works/Github/Raspberry_Pi_Pico/pico-sdk/src/rp2_common/pico_printf/printf.c.obj
 .text._atoi    0x10002046       0x24 CMakeFiles/pico_multicore_temp.dir/D_/My_Wisdom/Works/Github/Raspberry_Pi_Pico/pico-sdk/src/rp2_common/pico_printf/printf.c.obj
 .text._out_rev
                0x1000206a       0xae CMakeFiles/pico_multicore_temp.dir/D_/My_Wisdom/Works/Github/Raspberry_Pi_Pico/pico-sdk/src/rp2_common/pico_printf/printf.c.obj
 .text._ntoa_format
                0x10002118      0x112 CMakeFiles/pico_multicore_temp.dir/D_/My_Wisdom/Works/Github/Raspberry_Pi_Pico/pico-sdk/src/rp2_common/pico_printf/printf.c.obj
 .text._ntoa_long
                0x1000222a       0xbc CMakeFiles/pico_multicore_temp.dir/D_/My_Wisdom/Works/Github/Raspberry_Pi_Pico/pico-sdk/src/rp2_common/pico_printf/printf.c.obj
 .text._ntoa_long_long
                0x100022e6       0xe2 CMakeFiles/pico_multicore_temp.dir/D_/My_Wisdom/Works/Github/Raspberry_Pi_Pico/pico-sdk/src/rp2_common/pico_printf/printf.c.obj
 .text._etoa    0x100023c8      0x414 CMakeFiles/pico_multicore_temp.dir/D_/My_Wisdom/Works/Github/Raspberry_Pi_Pico/pico-sdk/src/rp2_common/pico_printf/printf.c.obj
 .text._ftoa    0x100027dc      0x354 CMakeFiles/pico_multicore_temp.dir/D_/My_Wisdom/Works/Github/Raspberry_Pi_Pico/pico-sdk/src/rp2_common/pico_printf/printf.c.obj
 .text._vsnprintf
                0x10002b30      0x624 CMakeFiles/pico_multicore_temp.dir/D_/My_Wisdom/Works/Github/Raspberry_Pi_Pico/pico-sdk/src/rp2_common/pico_printf/printf.c.obj
 .text.vfctprintf
                0x10003154       0x20 CMakeFiles/pico_multicore_temp.dir/D_/My_Wisdom/Works/Github/Raspberry_Pi_Pico/pico-sdk/src/rp2_common/pico_printf/printf.c.obj
                0x10003154                vfctprintf
 .text          0x10003174       0x10 CMakeFiles/pico_multicore_temp.dir/D_/My_Wisdom/Works/Github/Raspberry_Pi_Pico/pico-sdk/src/rp2_common/pico_bit_ops/bit_ops_aeabi.S.obj
 .text.rom_func_lookup
                0x10003184       0x10 CMakeFiles/pico_multicore_temp.dir/D_/My_Wisdom/Works/Github/Raspberry_Pi_Pico/pico-sdk/src/rp2_common/pico_bootrom/bootrom.c.obj
                0x10003184                rom_func_lookup
 .text.rom_data_lookup
                0x10003194       0x10 CMakeFiles/pico_multicore_temp.dir/D_/My_Wisdom/Works/Github/Raspberry_Pi_Pico/pico-sdk/src/rp2_common/pico_bootrom/bootrom.c.obj
                0x10003194                rom_data_lookup
 .text.rom_funcs_lookup
                0x100031a4       0x36 CMakeFiles/pico_multicore_temp.dir/D_/My_Wisdom/Works/Github/Raspberry_Pi_Pico/pico-sdk/src/rp2_common/pico_bootrom/bootrom.c.obj
                0x100031a4                rom_funcs_lookup
 *fill*         0x100031da        0x2 
 .text.__wrap___aeabi_idiv
                0x100031dc       0x58 CMakeFiles/pico_multicore_temp.dir/D_/My_Wisdom/Works/Github/Raspberry_Pi_Pico/pico-sdk/src/rp2_common/pico_divider/divider.S.obj
                0x100031dc                __wrap___aeabi_idivmod
                0x100031dc                divmod_s32s32
                0x100031dc                div_s32s32
                0x100031dc                __wrap___aeabi_idiv
                0x100031e4                divmod_s32s32_unsafe
                0x10003210                divmod_s32s32_savestate
 .text.__wrap___aeabi_uidiv
                0x10003234       0x54 CMakeFiles/pico_multicore_temp.dir/D_/My_Wisdom/Works/Github/Raspberry_Pi_Pico/pico-sdk/src/rp2_common/pico_divider/divider.S.obj
                0x10003234                __wrap___aeabi_uidiv
                0x10003234                __wrap___aeabi_uidivmod
                0x10003234                div_u32u32
                0x10003234                divmod_u32u32
                0x1000323c                divmod_u32u32_unsafe
                0x10003264                divmod_u32u32_savestate
 .text.__wrap___aeabi_ldiv
                0x10003288      0x430 CMakeFiles/pico_multicore_temp.dir/D_/My_Wisdom/Works/Github/Raspberry_Pi_Pico/pico-sdk/src/rp2_common/pico_divider/divider.S.obj
                0x10003288                div_s64s64
                0x10003288                divmod_s64s64
                0x10003288                __wrap___aeabi_ldivmod
                0x100032c0                divmod_u64u64
                0x100032c0                div_u64u64
                0x100032c0                __wrap___aeabi_uldivmod
                0x100032d0                divmod_u64u64_savestate
                0x100032f8                divmod_s64s64_unsafe
                0x10003380                divmod_u64u64_unsafe
 .text.__wrap___aeabi_darithmetic
                0x100036b8       0x54 CMakeFiles/pico_multicore_temp.dir/D_/My_Wisdom/Works/Github/Raspberry_Pi_Pico/pico-sdk/src/rp2_common/pico_double/double_aeabi.S.obj
                0x100036b8                __wrap___aeabi_drsub
                0x100036be                __wrap___aeabi_dsub
                0x100036d0                __wrap___aeabi_dadd
                0x100036e2                __wrap___aeabi_ddiv
                0x100036f4                __wrap___aeabi_dmul
 .text.__wrap___aeabi_cdcmple
                0x1000370c       0x6c CMakeFiles/pico_multicore_temp.dir/D_/My_Wisdom/Works/Github/Raspberry_Pi_Pico/pico-sdk/src/rp2_common/pico_double/double_aeabi.S.obj
                0x1000370c                __wrap___aeabi_cdrcmple
                0x1000371c                __wrap___aeabi_cdcmpeq
                0x1000371c                __wrap___aeabi_cdcmple
 .text.__wrap___aeabi_dcmplt
                0x10003778        0xc CMakeFiles/pico_multicore_temp.dir/D_/My_Wisdom/Works/Github/Raspberry_Pi_Pico/pico-sdk/src/rp2_common/pico_double/double_aeabi.S.obj
                0x10003778                __wrap___aeabi_dcmplt
 .text.__wrap___aeabi_dcmple
                0x10003784       0x10 CMakeFiles/pico_multicore_temp.dir/D_/My_Wisdom/Works/Github/Raspberry_Pi_Pico/pico-sdk/src/rp2_common/pico_double/double_aeabi.S.obj
                0x10003784                __wrap___aeabi_dcmple
 .text.__wrap___aeabi_dcmpge
                0x10003794       0x10 CMakeFiles/pico_multicore_temp.dir/D_/My_Wisdom/Works/Github/Raspberry_Pi_Pico/pico-sdk/src/rp2_common/pico_double/double_aeabi.S.obj
                0x10003794                __wrap___aeabi_dcmpge
 .text.__wrap___aeabi_dcmpgt
                0x100037a4        0xa CMakeFiles/pico_multicore_temp.dir/D_/My_Wisdom/Works/Github/Raspberry_Pi_Pico/pico-sdk/src/rp2_common/pico_double/double_aeabi.S.obj
                0x100037a4                __wrap___aeabi_dcmpgt
 .text.__wrap___aeabi_dcmpun
                0x100037ae       0x1c CMakeFiles/pico_multicore_temp.dir/D_/My_Wisdom/Works/Github/Raspberry_Pi_Pico/pico-sdk/src/rp2_common/pico_double/double_aeabi.S.obj
                0x100037ae                __wrap___aeabi_dcmpun
 *fill*         0x100037ca        0x2 
 .text.__wrap___aeabi_i2d
                0x100037cc       0x38 CMakeFiles/pico_multicore_temp.dir/D_/My_Wisdom/Works/Github/Raspberry_Pi_Pico/pico-sdk/src/rp2_common/pico_double/double_aeabi.S.obj
                0x100037cc                __wrap___aeabi_ui2d
                0x100037d4                __wrap___aeabi_i2d
 .text.__wrap___aeabi_d2iz
                0x10003804       0x48 CMakeFiles/pico_multicore_temp.dir/D_/My_Wisdom/Works/Github/Raspberry_Pi_Pico/pico-sdk/src/rp2_common/pico_double/double_aeabi.S.obj
                0x10003804                double2int_z
                0x10003804                __wrap___aeabi_d2iz
 .text.__wrap___aeabi_d2uiz
                0x1000384c       0x18 CMakeFiles/pico_multicore_temp.dir/D_/My_Wisdom/Works/Github/Raspberry_Pi_Pico/pico-sdk/src/rp2_common/pico_double/double_aeabi.S.obj
                0x1000384c                __wrap___aeabi_d2uiz
                0x1000384c                double2uint
 .text.__wrap___aeabi_d2f
                0x10003864       0x18 CMakeFiles/pico_multicore_temp.dir/D_/My_Wisdom/Works/Github/Raspberry_Pi_Pico/pico-sdk/src/rp2_common/pico_double/double_aeabi.S.obj
                0x10003864                __wrap___aeabi_d2f
 .text.__aeabi_double_init
                0x1000387c       0xb8 CMakeFiles/pico_multicore_temp.dir/D_/My_Wisdom/Works/Github/Raspberry_Pi_Pico/pico-sdk/src/rp2_common/pico_double/double_init_rom.c.obj
                0x1000387c                __aeabi_double_init
 .text.double_table_shim_on_use_helper
                0x10003934       0x34 CMakeFiles/pico_multicore_temp.dir/D_/My_Wisdom/Works/Github/Raspberry_Pi_Pico/pico-sdk/src/rp2_common/pico_double/double_v1_rom_shim.S.obj
                0x10003934                double_table_shim_on_use_helper
 .text.__wrap___aeabi_dsub
                0x10003968       0x10 CMakeFiles/pico_multicore_temp.dir/D_/My_Wisdom/Works/Github/Raspberry_Pi_Pico/pico-sdk/src/rp2_common/pico_double/double_v1_rom_shim.S.obj
                0x10003968                drsub_shim
                0x1000396e                dsub_shim
 .text.dadd_shim
                0x10003978      0x15c CMakeFiles/pico_multicore_temp.dir/D_/My_Wisdom/Works/Github/Raspberry_Pi_Pico/pico-sdk/src/rp2_common/pico_double/double_v1_rom_shim.S.obj
                0x10003978                dadd_shim
 .text.dmul_shim
                0x10003ad4      0x15c CMakeFiles/pico_multicore_temp.dir/D_/My_Wisdom/Works/Github/Raspberry_Pi_Pico/pico-sdk/src/rp2_common/pico_double/double_v1_rom_shim.S.obj
                0x10003ad4                dmul_shim
 .text.ddiv_shim
                0x10003c30      0x1b0 CMakeFiles/pico_multicore_temp.dir/D_/My_Wisdom/Works/Github/Raspberry_Pi_Pico/pico-sdk/src/rp2_common/pico_double/double_v1_rom_shim.S.obj
                0x10003c30                ddiv_shim
 .text.dcordic_rot_step
                0x10003de0       0x7c CMakeFiles/pico_multicore_temp.dir/D_/My_Wisdom/Works/Github/Raspberry_Pi_Pico/pico-sdk/src/rp2_common/pico_double/double_v1_rom_shim.S.obj
                0x10003de0                dcordic_rot_step
 .text.double2uint_shim
                0x10003e5c        0xe CMakeFiles/pico_multicore_temp.dir/D_/My_Wisdom/Works/Github/Raspberry_Pi_Pico/pico-sdk/src/rp2_common/pico_double/double_v1_rom_shim.S.obj
                0x10003e5c                double2uint_shim
                0x10003e5e                double2ufix_shim
 *fill*         0x10003e6a        0x2 
 .text.double2uint64_shim
                0x10003e6c       0x6c CMakeFiles/pico_multicore_temp.dir/D_/My_Wisdom/Works/Github/Raspberry_Pi_Pico/pico-sdk/src/rp2_common/pico_double/double_v1_rom_shim.S.obj
                0x10003e6c                double2uint64_shim
                0x10003e6e                double2ufix64_shim
                0x10003e88                d2fix_a
 .text.double2float_shim
                0x10003ed8       0x5c CMakeFiles/pico_multicore_temp.dir/D_/My_Wisdom/Works/Github/Raspberry_Pi_Pico/pico-sdk/src/rp2_common/pico_double/double_v1_rom_shim.S.obj
                0x10003ed8                double2float_shim
 .text.dunpacks
                0x10003f34       0x3c CMakeFiles/pico_multicore_temp.dir/D_/My_Wisdom/Works/Github/Raspberry_Pi_Pico/pico-sdk/src/rp2_common/pico_double/double_v1_rom_shim.S.obj
                0x10003f34                dunpacks
 .text.__aeabi_lmul
                0x10003f70       0x32 CMakeFiles/pico_multicore_temp.dir/D_/My_Wisdom/Works/Github/Raspberry_Pi_Pico/pico-sdk/src/rp2_common/pico_int64_ops/pico_int64_ops_aeabi.S.obj
                0x10003f70                __wrap___aeabi_lmul
 *fill*         0x10003fa2        0x2 
 .text.__wrap___aeabi_farithmetic
                0x10003fa4       0x34 CMakeFiles/pico_multicore_temp.dir/D_/My_Wisdom/Works/Github/Raspberry_Pi_Pico/pico-sdk/src/rp2_common/pico_float/float_aeabi.S.obj
                0x10003fa4                __wrap___aeabi_frsub
                0x10003faa                __wrap___aeabi_fsub
                0x10003fb4                __wrap___aeabi_fadd
                0x10003fbe                __wrap___aeabi_fdiv
                0x10003fc8                __wrap___aeabi_fmul
 .text.__wrap___aeabi_cfcmple
                0x10003fd8       0x50 CMakeFiles/pico_multicore_temp.dir/D_/My_Wisdom/Works/Github/Raspberry_Pi_Pico/pico-sdk/src/rp2_common/pico_float/float_aeabi.S.obj
                0x10003fd8                __wrap___aeabi_cfrcmple
                0x10003fe4                __wrap___aeabi_cfcmple
                0x10003fe4                __wrap___aeabi_cfcmpeq
 .text.__wrap___aeabi_fcmplt
                0x10004028        0xc CMakeFiles/pico_multicore_temp.dir/D_/My_Wisdom/Works/Github/Raspberry_Pi_Pico/pico-sdk/src/rp2_common/pico_float/float_aeabi.S.obj
                0x10004028                __wrap___aeabi_fcmplt
 .text.__wrap___aeabi_fcmpgt
                0x10004034        0xa CMakeFiles/pico_multicore_temp.dir/D_/My_Wisdom/Works/Github/Raspberry_Pi_Pico/pico-sdk/src/rp2_common/pico_float/float_aeabi.S.obj
                0x10004034                __wrap___aeabi_fcmpgt
 *fill*         0x1000403e        0x2 
 .text.__wrap___aeabi_i2f
                0x10004040       0x44 CMakeFiles/pico_multicore_temp.dir/D_/My_Wisdom/Works/Github/Raspberry_Pi_Pico/pico-sdk/src/rp2_common/pico_float/float_aeabi.S.obj
                0x10004040                __wrap___aeabi_i2f
 .text.__wrap___aeabi_f2d
                0x10004084       0x14 CMakeFiles/pico_multicore_temp.dir/D_/My_Wisdom/Works/Github/Raspberry_Pi_Pico/pico-sdk/src/rp2_common/pico_float/float_aeabi.S.obj
                0x10004084                __wrap___aeabi_f2d
 .text.__aeabi_float_init
                0x10004098       0xfc CMakeFiles/pico_multicore_temp.dir/D_/My_Wisdom/Works/Github/Raspberry_Pi_Pico/pico-sdk/src/rp2_common/pico_float/float_init_rom.c.obj
                0x10004098                __aeabi_float_init
 .text.float_table_shim_on_use_helper
                0x10004194       0x34 CMakeFiles/pico_multicore_temp.dir/D_/My_Wisdom/Works/Github/Raspberry_Pi_Pico/pico-sdk/src/rp2_common/pico_float/float_v1_rom_shim.S.obj
                0x10004194                float_table_shim_on_use_helper
 .text.float2double_shim
                0x100041c8       0x30 CMakeFiles/pico_multicore_temp.dir/D_/My_Wisdom/Works/Github/Raspberry_Pi_Pico/pico-sdk/src/rp2_common/pico_float/float_v1_rom_shim.S.obj
                0x100041c8                float2double_shim
 .text          0x100041f8       0x10 CMakeFiles/pico_multicore_temp.dir/D_/My_Wisdom/Works/Github/Raspberry_Pi_Pico/pico-sdk/src/rp2_common/pico_mem_ops/mem_ops_aeabi.S.obj
                0x100041f8                __aeabi_mem_init
 .text.memset   0x10004208        0xc CMakeFiles/pico_multicore_temp.dir/D_/My_Wisdom/Works/Github/Raspberry_Pi_Pico/pico-sdk/src/rp2_common/pico_mem_ops/mem_ops_aeabi.S.obj
                0x10004208                __wrap_memset
 .text.memcpy   0x10004214        0xc CMakeFiles/pico_multicore_temp.dir/D_/My_Wisdom/Works/Github/Raspberry_Pi_Pico/pico-sdk/src/rp2_common/pico_mem_ops/mem_ops_aeabi.S.obj
                0x10004214                __wrap_memcpy
                0x10004214                __wrap___aeabi_memcpy
 .text.stdio_out_chars_crlf
                0x10004220       0x80 CMakeFiles/pico_multicore_temp.dir/D_/My_Wisdom/Works/Github/Raspberry_Pi_Pico/pico-sdk/src/rp2_common/pico_stdio/stdio.c.obj
 .text.stdio_stack_buffer_flush
                0x100042a0       0x44 CMakeFiles/pico_multicore_temp.dir/D_/My_Wisdom/Works/Github/Raspberry_Pi_Pico/pico-sdk/src/rp2_common/pico_stdio/stdio.c.obj
 .text.stdio_buffered_printer
                0x100042e4       0x20 CMakeFiles/pico_multicore_temp.dir/D_/My_Wisdom/Works/Github/Raspberry_Pi_Pico/pico-sdk/src/rp2_common/pico_stdio/stdio.c.obj
 .text.stdout_serialize_begin
                0x10004304       0x2c CMakeFiles/pico_multicore_temp.dir/D_/My_Wisdom/Works/Github/Raspberry_Pi_Pico/pico-sdk/src/rp2_common/pico_stdio/stdio.c.obj
                0x10004304                stdout_serialize_begin
 .text.stdout_serialize_end
                0x10004330       0x10 CMakeFiles/pico_multicore_temp.dir/D_/My_Wisdom/Works/Github/Raspberry_Pi_Pico/pico-sdk/src/rp2_common/pico_stdio/stdio.c.obj
                0x10004330                stdout_serialize_end
 .text.stdio_put_string
                0x10004340       0x84 CMakeFiles/pico_multicore_temp.dir/D_/My_Wisdom/Works/Github/Raspberry_Pi_Pico/pico-sdk/src/rp2_common/pico_stdio/stdio.c.obj
 .text.stdio_set_driver_enabled
                0x100043c4       0x38 CMakeFiles/pico_multicore_temp.dir/D_/My_Wisdom/Works/Github/Raspberry_Pi_Pico/pico-sdk/src/rp2_common/pico_stdio/stdio.c.obj
                0x100043c4                stdio_set_driver_enabled
 .text.stdio_flush
                0x100043fc       0x20 CMakeFiles/pico_multicore_temp.dir/D_/My_Wisdom/Works/Github/Raspberry_Pi_Pico/pico-sdk/src/rp2_common/pico_stdio/stdio.c.obj
                0x100043fc                stdio_flush
 .text.__wrap_puts
                0x1000441c       0x1c CMakeFiles/pico_multicore_temp.dir/D_/My_Wisdom/Works/Github/Raspberry_Pi_Pico/pico-sdk/src/rp2_common/pico_stdio/stdio.c.obj
                0x1000441c                __wrap_puts
 .text.__wrap_vprintf
                0x10004438       0x44 CMakeFiles/pico_multicore_temp.dir/D_/My_Wisdom/Works/Github/Raspberry_Pi_Pico/pico-sdk/src/rp2_common/pico_stdio/stdio.c.obj
                0x10004438                __wrap_vprintf
 .text.__wrap_printf
                0x1000447c       0x18 CMakeFiles/pico_multicore_temp.dir/D_/My_Wisdom/Works/Github/Raspberry_Pi_Pico/pico-sdk/src/rp2_common/pico_stdio/stdio.c.obj
                0x1000447c                __wrap_printf
 .text.stdio_init_all
                0x10004494        0x8 CMakeFiles/pico_multicore_temp.dir/D_/My_Wisdom/Works/Github/Raspberry_Pi_Pico/pico-sdk/src/rp2_common/pico_stdio/stdio.c.obj
                0x10004494                stdio_init_all
 .text.resetd_init
                0x1000449c        0x2 CMakeFiles/pico_multicore_temp.dir/D_/My_Wisdom/Works/Github/Raspberry_Pi_Pico/pico-sdk/src/rp2_common/pico_stdio_usb/reset_interface.c.obj
 *fill*         0x1000449e        0x2 
 .text.resetd_reset
                0x100044a0        0xc CMakeFiles/pico_multicore_temp.dir/D_/My_Wisdom/Works/Github/Raspberry_Pi_Pico/pico-sdk/src/rp2_common/pico_stdio_usb/reset_interface.c.obj
 .text.resetd_open
                0x100044ac       0x34 CMakeFiles/pico_multicore_temp.dir/D_/My_Wisdom/Works/Github/Raspberry_Pi_Pico/pico-sdk/src/rp2_common/pico_stdio_usb/reset_interface.c.obj
 .text.resetd_control_complete_cb
                0x100044e0        0x4 CMakeFiles/pico_multicore_temp.dir/D_/My_Wisdom/Works/Github/Raspberry_Pi_Pico/pico-sdk/src/rp2_common/pico_stdio_usb/reset_interface.c.obj
 .text.resetd_xfer_cb
                0x100044e4        0x4 CMakeFiles/pico_multicore_temp.dir/D_/My_Wisdom/Works/Github/Raspberry_Pi_Pico/pico-sdk/src/rp2_common/pico_stdio_usb/reset_interface.c.obj
 .text.reset_usb_boot
                0x100044e8       0x18 CMakeFiles/pico_multicore_temp.dir/D_/My_Wisdom/Works/Github/Raspberry_Pi_Pico/pico-sdk/src/rp2_common/pico_stdio_usb/reset_interface.c.obj
 .text.resetd_control_request_cb
                0x10004500       0x5c CMakeFiles/pico_multicore_temp.dir/D_/My_Wisdom/Works/Github/Raspberry_Pi_Pico/pico-sdk/src/rp2_common/pico_stdio_usb/reset_interface.c.obj
 .text.usbd_app_driver_get_cb
                0x1000455c        0xc CMakeFiles/pico_multicore_temp.dir/D_/My_Wisdom/Works/Github/Raspberry_Pi_Pico/pico-sdk/src/rp2_common/pico_stdio_usb/reset_interface.c.obj
                0x1000455c                usbd_app_driver_get_cb
 .text.tud_cdc_line_coding_cb
                0x10004568       0x28 CMakeFiles/pico_multicore_temp.dir/D_/My_Wisdom/Works/Github/Raspberry_Pi_Pico/pico-sdk/src/rp2_common/pico_stdio_usb/reset_interface.c.obj
                0x10004568                tud_cdc_line_coding_cb
 .text.stdio_usb_in_chars
                0x10004590       0x70 CMakeFiles/pico_multicore_temp.dir/D_/My_Wisdom/Works/Github/Raspberry_Pi_Pico/pico-sdk/src/rp2_common/pico_stdio_usb/stdio_usb.c.obj
                0x10004590                stdio_usb_in_chars
 .text.low_priority_worker_irq
                0x10004600       0x20 CMakeFiles/pico_multicore_temp.dir/D_/My_Wisdom/Works/Github/Raspberry_Pi_Pico/pico-sdk/src/rp2_common/pico_stdio_usb/stdio_usb.c.obj
 .text.stdio_usb_out_chars
                0x10004620       0xd4 CMakeFiles/pico_multicore_temp.dir/D_/My_Wisdom/Works/Github/Raspberry_Pi_Pico/pico-sdk/src/rp2_common/pico_stdio_usb/stdio_usb.c.obj
 .text.timer_task
                0x100046f4       0x10 CMakeFiles/pico_multicore_temp.dir/D_/My_Wisdom/Works/Github/Raspberry_Pi_Pico/pico-sdk/src/rp2_common/pico_stdio_usb/stdio_usb.c.obj
 .text.stdio_usb_init
                0x10004704       0x90 CMakeFiles/pico_multicore_temp.dir/D_/My_Wisdom/Works/Github/Raspberry_Pi_Pico/pico-sdk/src/rp2_common/pico_stdio_usb/stdio_usb.c.obj
                0x10004704                stdio_usb_init
 .text.tud_descriptor_device_cb
                0x10004794        0x8 CMakeFiles/pico_multicore_temp.dir/D_/My_Wisdom/Works/Github/Raspberry_Pi_Pico/pico-sdk/src/rp2_common/pico_stdio_usb/stdio_usb_descriptors.c.obj
                0x10004794                tud_descriptor_device_cb
 .text.tud_descriptor_configuration_cb
                0x1000479c        0x8 CMakeFiles/pico_multicore_temp.dir/D_/My_Wisdom/Works/Github/Raspberry_Pi_Pico/pico-sdk/src/rp2_common/pico_stdio_usb/stdio_usb_descriptors.c.obj
                0x1000479c                tud_descriptor_configuration_cb
 .text.tud_descriptor_string_cb
                0x100047a4       0x50 CMakeFiles/pico_multicore_temp.dir/D_/My_Wisdom/Works/Github/Raspberry_Pi_Pico/pico-sdk/src/rp2_common/pico_stdio_usb/stdio_usb_descriptors.c.obj
                0x100047a4                tud_descriptor_string_cb
 .text.hw_endpoint_get_by_addr
                0x100047f4       0x1c CMakeFiles/pico_multicore_temp.dir/D_/My_Wisdom/Works/Github/Raspberry_Pi_Pico/pico-sdk/lib/tinyusb/src/portable/raspberrypi/rp2040/dcd_rp2040.c.obj
 .text.reset_ep0
                0x10004810       0x2c CMakeFiles/pico_multicore_temp.dir/D_/My_Wisdom/Works/Github/Raspberry_Pi_Pico/pico-sdk/lib/tinyusb/src/portable/raspberrypi/rp2040/dcd_rp2040.c.obj
 .text._hw_endpoint_alloc
                0x1000483c       0x7c CMakeFiles/pico_multicore_temp.dir/D_/My_Wisdom/Works/Github/Raspberry_Pi_Pico/pico-sdk/lib/tinyusb/src/portable/raspberrypi/rp2040/dcd_rp2040.c.obj
 .text._hw_endpoint_init
                0x100048b8       0xbc CMakeFiles/pico_multicore_temp.dir/D_/My_Wisdom/Works/Github/Raspberry_Pi_Pico/pico-sdk/lib/tinyusb/src/portable/raspberrypi/rp2040/dcd_rp2040.c.obj
 .text.hw_endpoint_init
                0x10004974       0x18 CMakeFiles/pico_multicore_temp.dir/D_/My_Wisdom/Works/Github/Raspberry_Pi_Pico/pico-sdk/lib/tinyusb/src/portable/raspberrypi/rp2040/dcd_rp2040.c.obj
 .text.hw_handle_buff_status
                0x1000498c       0xb8 CMakeFiles/pico_multicore_temp.dir/D_/My_Wisdom/Works/Github/Raspberry_Pi_Pico/pico-sdk/lib/tinyusb/src/portable/raspberrypi/rp2040/dcd_rp2040.c.obj
 .text.dcd_rp2040_irq
                0x10004a44       0x8c CMakeFiles/pico_multicore_temp.dir/D_/My_Wisdom/Works/Github/Raspberry_Pi_Pico/pico-sdk/lib/tinyusb/src/portable/raspberrypi/rp2040/dcd_rp2040.c.obj
 .text.hw_endpoint_xfer
                0x10004ad0       0x18 CMakeFiles/pico_multicore_temp.dir/D_/My_Wisdom/Works/Github/Raspberry_Pi_Pico/pico-sdk/lib/tinyusb/src/portable/raspberrypi/rp2040/dcd_rp2040.c.obj
 .text.ep0_0len_status
                0x10004ae8       0x14 CMakeFiles/pico_multicore_temp.dir/D_/My_Wisdom/Works/Github/Raspberry_Pi_Pico/pico-sdk/lib/tinyusb/src/portable/raspberrypi/rp2040/dcd_rp2040.c.obj
 .text._hw_endpoint_stall
                0x10004afc       0x54 CMakeFiles/pico_multicore_temp.dir/D_/My_Wisdom/Works/Github/Raspberry_Pi_Pico/pico-sdk/lib/tinyusb/src/portable/raspberrypi/rp2040/dcd_rp2040.c.obj
 .text.hw_endpoint_stall
                0x10004b50        0xc CMakeFiles/pico_multicore_temp.dir/D_/My_Wisdom/Works/Github/Raspberry_Pi_Pico/pico-sdk/lib/tinyusb/src/portable/raspberrypi/rp2040/dcd_rp2040.c.obj
 .text._hw_endpoint_clear_stall
                0x10004b5c       0x34 CMakeFiles/pico_multicore_temp.dir/D_/My_Wisdom/Works/Github/Raspberry_Pi_Pico/pico-sdk/lib/tinyusb/src/portable/raspberrypi/rp2040/dcd_rp2040.c.obj
 .text.hw_endpoint_clear_stall
                0x10004b90        0xc CMakeFiles/pico_multicore_temp.dir/D_/My_Wisdom/Works/Github/Raspberry_Pi_Pico/pico-sdk/lib/tinyusb/src/portable/raspberrypi/rp2040/dcd_rp2040.c.obj
 .text.dcd_int_enable
                0x10004b9c       0x2c CMakeFiles/pico_multicore_temp.dir/D_/My_Wisdom/Works/Github/Raspberry_Pi_Pico/pico-sdk/lib/tinyusb/src/portable/raspberrypi/rp2040/dcd_rp2040.c.obj
                0x10004b9c                dcd_int_enable
 .text.dcd_set_address
                0x10004bc8       0x30 CMakeFiles/pico_multicore_temp.dir/D_/My_Wisdom/Works/Github/Raspberry_Pi_Pico/pico-sdk/lib/tinyusb/src/portable/raspberrypi/rp2040/dcd_rp2040.c.obj
                0x10004bc8                dcd_set_address
 .text.dcd_connect
                0x10004bf8       0x30 CMakeFiles/pico_multicore_temp.dir/D_/My_Wisdom/Works/Github/Raspberry_Pi_Pico/pico-sdk/lib/tinyusb/src/portable/raspberrypi/rp2040/dcd_rp2040.c.obj
                0x10004bf8                dcd_connect
 .text.dcd_init
                0x10004c28       0x90 CMakeFiles/pico_multicore_temp.dir/D_/My_Wisdom/Works/Github/Raspberry_Pi_Pico/pico-sdk/lib/tinyusb/src/portable/raspberrypi/rp2040/dcd_rp2040.c.obj
                0x10004c28                dcd_init
 .text.dcd_edpt0_status_complete
                0x10004cb8       0x44 CMakeFiles/pico_multicore_temp.dir/D_/My_Wisdom/Works/Github/Raspberry_Pi_Pico/pico-sdk/lib/tinyusb/src/portable/raspberrypi/rp2040/dcd_rp2040.c.obj
                0x10004cb8                dcd_edpt0_status_complete
 .text.dcd_edpt_open
                0x10004cfc       0x40 CMakeFiles/pico_multicore_temp.dir/D_/My_Wisdom/Works/Github/Raspberry_Pi_Pico/pico-sdk/lib/tinyusb/src/portable/raspberrypi/rp2040/dcd_rp2040.c.obj
                0x10004cfc                dcd_edpt_open
 .text.dcd_edpt_xfer
                0x10004d3c       0x34 CMakeFiles/pico_multicore_temp.dir/D_/My_Wisdom/Works/Github/Raspberry_Pi_Pico/pico-sdk/lib/tinyusb/src/portable/raspberrypi/rp2040/dcd_rp2040.c.obj
                0x10004d3c                dcd_edpt_xfer
 .text.dcd_edpt_stall
                0x10004d70       0x28 CMakeFiles/pico_multicore_temp.dir/D_/My_Wisdom/Works/Github/Raspberry_Pi_Pico/pico-sdk/lib/tinyusb/src/portable/raspberrypi/rp2040/dcd_rp2040.c.obj
                0x10004d70                dcd_edpt_stall
 .text.dcd_edpt_clear_stall
                0x10004d98       0x28 CMakeFiles/pico_multicore_temp.dir/D_/My_Wisdom/Works/Github/Raspberry_Pi_Pico/pico-sdk/lib/tinyusb/src/portable/raspberrypi/rp2040/dcd_rp2040.c.obj
                0x10004d98                dcd_edpt_clear_stall
 .text.rp2040_usb_init
                0x10004dc0       0x50 CMakeFiles/pico_multicore_temp.dir/D_/My_Wisdom/Works/Github/Raspberry_Pi_Pico/pico-sdk/lib/tinyusb/src/portable/raspberrypi/rp2040/rp2040_usb.c.obj
                0x10004dc0                rp2040_usb_init
 .text.hw_endpoint_reset_transfer
                0x10004e10       0x14 CMakeFiles/pico_multicore_temp.dir/D_/My_Wisdom/Works/Github/Raspberry_Pi_Pico/pico-sdk/lib/tinyusb/src/portable/raspberrypi/rp2040/rp2040_usb.c.obj
                0x10004e10                hw_endpoint_reset_transfer
 .text._hw_endpoint_buffer_control_update32
                0x10004e24       0x54 CMakeFiles/pico_multicore_temp.dir/D_/My_Wisdom/Works/Github/Raspberry_Pi_Pico/pico-sdk/lib/tinyusb/src/portable/raspberrypi/rp2040/rp2040_usb.c.obj
                0x10004e24                _hw_endpoint_buffer_control_update32
 .text._hw_endpoint_start_next_buffer
                0x10004e78       0x5a CMakeFiles/pico_multicore_temp.dir/D_/My_Wisdom/Works/Github/Raspberry_Pi_Pico/pico-sdk/lib/tinyusb/src/portable/raspberrypi/rp2040/rp2040_usb.c.obj
                0x10004e78                _hw_endpoint_start_next_buffer
 .text._hw_endpoint_xfer_start
                0x10004ed2       0x46 CMakeFiles/pico_multicore_temp.dir/D_/My_Wisdom/Works/Github/Raspberry_Pi_Pico/pico-sdk/lib/tinyusb/src/portable/raspberrypi/rp2040/rp2040_usb.c.obj
                0x10004ed2                _hw_endpoint_xfer_start
 .text._hw_endpoint_xfer_sync
                0x10004f18       0x74 CMakeFiles/pico_multicore_temp.dir/D_/My_Wisdom/Works/Github/Raspberry_Pi_Pico/pico-sdk/lib/tinyusb/src/portable/raspberrypi/rp2040/rp2040_usb.c.obj
                0x10004f18                _hw_endpoint_xfer_sync
 .text._hw_endpoint_xfer_continue
                0x10004f8c       0x58 CMakeFiles/pico_multicore_temp.dir/D_/My_Wisdom/Works/Github/Raspberry_Pi_Pico/pico-sdk/lib/tinyusb/src/portable/raspberrypi/rp2040/rp2040_usb.c.obj
                0x10004f8c                _hw_endpoint_xfer_continue
 .text._hw_endpoint_xfer
                0x10004fe4       0x34 CMakeFiles/pico_multicore_temp.dir/D_/My_Wisdom/Works/Github/Raspberry_Pi_Pico/pico-sdk/lib/tinyusb/src/portable/raspberrypi/rp2040/rp2040_usb.c.obj
                0x10004fe4                _hw_endpoint_xfer
 .text.mark_interface_endpoint
                0x10005018       0x2a CMakeFiles/pico_multicore_temp.dir/D_/My_Wisdom/Works/Github/Raspberry_Pi_Pico/pico-sdk/lib/tinyusb/src/device/usbd.c.obj
 *fill*         0x10005042        0x2 
 .text.usbd_reset
                0x10005044       0x88 CMakeFiles/pico_multicore_temp.dir/D_/My_Wisdom/Works/Github/Raspberry_Pi_Pico/pico-sdk/lib/tinyusb/src/device/usbd.c.obj
 .text.invoke_class_control
                0x100050cc       0x18 CMakeFiles/pico_multicore_temp.dir/D_/My_Wisdom/Works/Github/Raspberry_Pi_Pico/pico-sdk/lib/tinyusb/src/device/usbd.c.obj
 .text.process_set_config
                0x100050e4      0x1d0 CMakeFiles/pico_multicore_temp.dir/D_/My_Wisdom/Works/Github/Raspberry_Pi_Pico/pico-sdk/lib/tinyusb/src/device/usbd.c.obj
 .text.process_get_descriptor
                0x100052b4       0xf4 CMakeFiles/pico_multicore_temp.dir/D_/My_Wisdom/Works/Github/Raspberry_Pi_Pico/pico-sdk/lib/tinyusb/src/device/usbd.c.obj
 .text.tud_mounted
                0x100053a8       0x10 CMakeFiles/pico_multicore_temp.dir/D_/My_Wisdom/Works/Github/Raspberry_Pi_Pico/pico-sdk/lib/tinyusb/src/device/usbd.c.obj
                0x100053a8                tud_mounted
 .text.tud_suspended
                0x100053b8       0x10 CMakeFiles/pico_multicore_temp.dir/D_/My_Wisdom/Works/Github/Raspberry_Pi_Pico/pico-sdk/lib/tinyusb/src/device/usbd.c.obj
                0x100053b8                tud_suspended
 .text.tud_init
                0x100053c8       0xb8 CMakeFiles/pico_multicore_temp.dir/D_/My_Wisdom/Works/Github/Raspberry_Pi_Pico/pico-sdk/lib/tinyusb/src/device/usbd.c.obj
                0x100053c8                tud_init
 .text.dcd_event_handler
                0x10005480      0x1c4 CMakeFiles/pico_multicore_temp.dir/D_/My_Wisdom/Works/Github/Raspberry_Pi_Pico/pico-sdk/lib/tinyusb/src/device/usbd.c.obj
                0x10005480                dcd_event_handler
 .text.dcd_event_bus_signal
                0x10005644       0x26 CMakeFiles/pico_multicore_temp.dir/D_/My_Wisdom/Works/Github/Raspberry_Pi_Pico/pico-sdk/lib/tinyusb/src/device/usbd.c.obj
                0x10005644                dcd_event_bus_signal
 .text.dcd_event_setup_received
                0x1000566a       0x34 CMakeFiles/pico_multicore_temp.dir/D_/My_Wisdom/Works/Github/Raspberry_Pi_Pico/pico-sdk/lib/tinyusb/src/device/usbd.c.obj
                0x1000566a                dcd_event_setup_received
 .text.dcd_event_xfer_complete
                0x1000569e       0x44 CMakeFiles/pico_multicore_temp.dir/D_/My_Wisdom/Works/Github/Raspberry_Pi_Pico/pico-sdk/lib/tinyusb/src/device/usbd.c.obj
                0x1000569e                dcd_event_xfer_complete
 .text.usbd_edpt_open
                0x100056e2        0x8 CMakeFiles/pico_multicore_temp.dir/D_/My_Wisdom/Works/Github/Raspberry_Pi_Pico/pico-sdk/lib/tinyusb/src/device/usbd.c.obj
                0x100056e2                usbd_edpt_open
 *fill*         0x100056ea        0x2 
 .text.usbd_open_edpt_pair
                0x100056ec       0x8c CMakeFiles/pico_multicore_temp.dir/D_/My_Wisdom/Works/Github/Raspberry_Pi_Pico/pico-sdk/lib/tinyusb/src/device/usbd.c.obj
                0x100056ec                usbd_open_edpt_pair
 .text.usbd_edpt_claim
                0x10005778       0x8c CMakeFiles/pico_multicore_temp.dir/D_/My_Wisdom/Works/Github/Raspberry_Pi_Pico/pico-sdk/lib/tinyusb/src/device/usbd.c.obj
                0x10005778                usbd_edpt_claim
 .text.usbd_edpt_release
                0x10005804       0x68 CMakeFiles/pico_multicore_temp.dir/D_/My_Wisdom/Works/Github/Raspberry_Pi_Pico/pico-sdk/lib/tinyusb/src/device/usbd.c.obj
                0x10005804                usbd_edpt_release
 .text.usbd_edpt_xfer
                0x1000586c       0x80 CMakeFiles/pico_multicore_temp.dir/D_/My_Wisdom/Works/Github/Raspberry_Pi_Pico/pico-sdk/lib/tinyusb/src/device/usbd.c.obj
                0x1000586c                usbd_edpt_xfer
 .text.usbd_edpt_stall
                0x100058ec       0x2c CMakeFiles/pico_multicore_temp.dir/D_/My_Wisdom/Works/Github/Raspberry_Pi_Pico/pico-sdk/lib/tinyusb/src/device/usbd.c.obj
                0x100058ec                usbd_edpt_stall
 .text.usbd_edpt_clear_stall
                0x10005918       0x2c CMakeFiles/pico_multicore_temp.dir/D_/My_Wisdom/Works/Github/Raspberry_Pi_Pico/pico-sdk/lib/tinyusb/src/device/usbd.c.obj
                0x10005918                usbd_edpt_clear_stall
 .text.usbd_edpt_stalled
                0x10005944       0x1c CMakeFiles/pico_multicore_temp.dir/D_/My_Wisdom/Works/Github/Raspberry_Pi_Pico/pico-sdk/lib/tinyusb/src/device/usbd.c.obj
                0x10005944                usbd_edpt_stalled
 .text.process_control_request
                0x10005960      0x37c CMakeFiles/pico_multicore_temp.dir/D_/My_Wisdom/Works/Github/Raspberry_Pi_Pico/pico-sdk/lib/tinyusb/src/device/usbd.c.obj
 .text.tud_task
                0x10005cdc      0x204 CMakeFiles/pico_multicore_temp.dir/D_/My_Wisdom/Works/Github/Raspberry_Pi_Pico/pico-sdk/lib/tinyusb/src/device/usbd.c.obj
                0x10005cdc                tud_task
 .text._data_stage_xact
                0x10005ee0       0x58 CMakeFiles/pico_multicore_temp.dir/D_/My_Wisdom/Works/Github/Raspberry_Pi_Pico/pico-sdk/lib/tinyusb/src/device/usbd_control.c.obj
 .text.tud_control_status
                0x10005f38       0x38 CMakeFiles/pico_multicore_temp.dir/D_/My_Wisdom/Works/Github/Raspberry_Pi_Pico/pico-sdk/lib/tinyusb/src/device/usbd_control.c.obj
                0x10005f38                tud_control_status
 .text.tud_control_xfer
                0x10005f70       0xa8 CMakeFiles/pico_multicore_temp.dir/D_/My_Wisdom/Works/Github/Raspberry_Pi_Pico/pico-sdk/lib/tinyusb/src/device/usbd_control.c.obj
                0x10005f70                tud_control_xfer
 .text.usbd_control_reset
                0x10006018       0x14 CMakeFiles/pico_multicore_temp.dir/D_/My_Wisdom/Works/Github/Raspberry_Pi_Pico/pico-sdk/lib/tinyusb/src/device/usbd_control.c.obj
                0x10006018                usbd_control_reset
 .text.usbd_control_set_complete_callback
                0x1000602c        0xc CMakeFiles/pico_multicore_temp.dir/D_/My_Wisdom/Works/Github/Raspberry_Pi_Pico/pico-sdk/lib/tinyusb/src/device/usbd_control.c.obj
                0x1000602c                usbd_control_set_complete_callback
 .text.usbd_control_set_request
                0x10006038       0x1c CMakeFiles/pico_multicore_temp.dir/D_/My_Wisdom/Works/Github/Raspberry_Pi_Pico/pico-sdk/lib/tinyusb/src/device/usbd_control.c.obj
                0x10006038                usbd_control_set_request
 .text.usbd_control_xfer_cb
                0x10006054       0xe8 CMakeFiles/pico_multicore_temp.dir/D_/My_Wisdom/Works/Github/Raspberry_Pi_Pico/pico-sdk/lib/tinyusb/src/device/usbd_control.c.obj
                0x10006054                usbd_control_xfer_cb
 .text._prep_out_transaction
                0x1000613c       0x46 CMakeFiles/pico_multicore_temp.dir/D_/My_Wisdom/Works/Github/Raspberry_Pi_Pico/pico-sdk/lib/tinyusb/src/class/cdc/cdc_device.c.obj
 *fill*         0x10006182        0x2 
 .text.tud_cdc_n_connected
                0x10006184       0x48 CMakeFiles/pico_multicore_temp.dir/D_/My_Wisdom/Works/Github/Raspberry_Pi_Pico/pico-sdk/lib/tinyusb/src/class/cdc/cdc_device.c.obj
                0x10006184                tud_cdc_n_connected
 .text.tud_cdc_n_available
                0x100061cc       0x20 CMakeFiles/pico_multicore_temp.dir/D_/My_Wisdom/Works/Github/Raspberry_Pi_Pico/pico-sdk/lib/tinyusb/src/class/cdc/cdc_device.c.obj
                0x100061cc                tud_cdc_n_available
 .text.tud_cdc_n_read
                0x100061ec       0x30 CMakeFiles/pico_multicore_temp.dir/D_/My_Wisdom/Works/Github/Raspberry_Pi_Pico/pico-sdk/lib/tinyusb/src/class/cdc/cdc_device.c.obj
                0x100061ec                tud_cdc_n_read
 .text.tud_cdc_n_write_flush
                0x1000621c       0xc4 CMakeFiles/pico_multicore_temp.dir/D_/My_Wisdom/Works/Github/Raspberry_Pi_Pico/pico-sdk/lib/tinyusb/src/class/cdc/cdc_device.c.obj
                0x1000621c                tud_cdc_n_write_flush
 .text.tud_cdc_n_write
                0x100062e0       0x38 CMakeFiles/pico_multicore_temp.dir/D_/My_Wisdom/Works/Github/Raspberry_Pi_Pico/pico-sdk/lib/tinyusb/src/class/cdc/cdc_device.c.obj
                0x100062e0                tud_cdc_n_write
 .text.tud_cdc_n_write_available
                0x10006318       0x20 CMakeFiles/pico_multicore_temp.dir/D_/My_Wisdom/Works/Github/Raspberry_Pi_Pico/pico-sdk/lib/tinyusb/src/class/cdc/cdc_device.c.obj
                0x10006318                tud_cdc_n_write_available
 .text.cdcd_init
                0x10006338       0xdc CMakeFiles/pico_multicore_temp.dir/D_/My_Wisdom/Works/Github/Raspberry_Pi_Pico/pico-sdk/lib/tinyusb/src/class/cdc/cdc_device.c.obj
                0x10006338                cdcd_init
 .text.cdcd_reset
                0x10006414       0x44 CMakeFiles/pico_multicore_temp.dir/D_/My_Wisdom/Works/Github/Raspberry_Pi_Pico/pico-sdk/lib/tinyusb/src/class/cdc/cdc_device.c.obj
                0x10006414                cdcd_reset
 .text.cdcd_open
                0x10006458      0x118 CMakeFiles/pico_multicore_temp.dir/D_/My_Wisdom/Works/Github/Raspberry_Pi_Pico/pico-sdk/lib/tinyusb/src/class/cdc/cdc_device.c.obj
                0x10006458                cdcd_open
 .text.cdcd_control_complete
                0x10006570       0x60 CMakeFiles/pico_multicore_temp.dir/D_/My_Wisdom/Works/Github/Raspberry_Pi_Pico/pico-sdk/lib/tinyusb/src/class/cdc/cdc_device.c.obj
                0x10006570                cdcd_control_complete
 .text.cdcd_control_request
                0x100065d0       0x9c CMakeFiles/pico_multicore_temp.dir/D_/My_Wisdom/Works/Github/Raspberry_Pi_Pico/pico-sdk/lib/tinyusb/src/class/cdc/cdc_device.c.obj
                0x100065d0                cdcd_control_request
 .text.cdcd_xfer_cb
                0x1000666c      0x130 CMakeFiles/pico_multicore_temp.dir/D_/My_Wisdom/Works/Github/Raspberry_Pi_Pico/pico-sdk/lib/tinyusb/src/class/cdc/cdc_device.c.obj
                0x1000666c                cdcd_xfer_cb
 .text.tusb_init
                0x1000679c       0x38 CMakeFiles/pico_multicore_temp.dir/D_/My_Wisdom/Works/Github/Raspberry_Pi_Pico/pico-sdk/lib/tinyusb/src/tusb.c.obj
                0x1000679c                tusb_init
 .text.tusb_inited
                0x100067d4        0xc CMakeFiles/pico_multicore_temp.dir/D_/My_Wisdom/Works/Github/Raspberry_Pi_Pico/pico-sdk/lib/tinyusb/src/tusb.c.obj
                0x100067d4                tusb_inited
 .text.advance_pointer
                0x100067e0       0x1e CMakeFiles/pico_multicore_temp.dir/D_/My_Wisdom/Works/Github/Raspberry_Pi_Pico/pico-sdk/lib/tinyusb/src/common/tusb_fifo.c.obj
 .text.backward_pointer
                0x100067fe       0x1a CMakeFiles/pico_multicore_temp.dir/D_/My_Wisdom/Works/Github/Raspberry_Pi_Pico/pico-sdk/lib/tinyusb/src/common/tusb_fifo.c.obj
 .text.get_relative_pointer
                0x10006818       0x16 CMakeFiles/pico_multicore_temp.dir/D_/My_Wisdom/Works/Github/Raspberry_Pi_Pico/pico-sdk/lib/tinyusb/src/common/tusb_fifo.c.obj
 .text.tu_fifo_lock
                0x1000682e       0x12 CMakeFiles/pico_multicore_temp.dir/D_/My_Wisdom/Works/Github/Raspberry_Pi_Pico/pico-sdk/lib/tinyusb/src/common/tusb_fifo.c.obj
 .text.tu_fifo_unlock
                0x10006840        0xe CMakeFiles/pico_multicore_temp.dir/D_/My_Wisdom/Works/Github/Raspberry_Pi_Pico/pico-sdk/lib/tinyusb/src/common/tusb_fifo.c.obj
 .text._tu_fifo_peek_at
                0x1000684e       0x66 CMakeFiles/pico_multicore_temp.dir/D_/My_Wisdom/Works/Github/Raspberry_Pi_Pico/pico-sdk/lib/tinyusb/src/common/tusb_fifo.c.obj
 .text._ff_pull_n
                0x100068b4       0x4a CMakeFiles/pico_multicore_temp.dir/D_/My_Wisdom/Works/Github/Raspberry_Pi_Pico/pico-sdk/lib/tinyusb/src/common/tusb_fifo.c.obj
 .text._tu_fifo_peek_at_n
                0x100068fe       0x72 CMakeFiles/pico_multicore_temp.dir/D_/My_Wisdom/Works/Github/Raspberry_Pi_Pico/pico-sdk/lib/tinyusb/src/common/tusb_fifo.c.obj
 .text._ff_push_n
                0x10006970       0x4a CMakeFiles/pico_multicore_temp.dir/D_/My_Wisdom/Works/Github/Raspberry_Pi_Pico/pico-sdk/lib/tinyusb/src/common/tusb_fifo.c.obj
 .text.tu_fifo_config
                0x100069ba       0x48 CMakeFiles/pico_multicore_temp.dir/D_/My_Wisdom/Works/Github/Raspberry_Pi_Pico/pico-sdk/lib/tinyusb/src/common/tusb_fifo.c.obj
                0x100069ba                tu_fifo_config
 .text.tu_fifo_count
                0x10006a02       0x1c CMakeFiles/pico_multicore_temp.dir/D_/My_Wisdom/Works/Github/Raspberry_Pi_Pico/pico-sdk/lib/tinyusb/src/common/tusb_fifo.c.obj
                0x10006a02                tu_fifo_count
 .text.tu_fifo_remaining
                0x10006a1e       0x20 CMakeFiles/pico_multicore_temp.dir/D_/My_Wisdom/Works/Github/Raspberry_Pi_Pico/pico-sdk/lib/tinyusb/src/common/tusb_fifo.c.obj
                0x10006a1e                tu_fifo_remaining
 .text.tu_fifo_read
                0x10006a3e       0x3a CMakeFiles/pico_multicore_temp.dir/D_/My_Wisdom/Works/Github/Raspberry_Pi_Pico/pico-sdk/lib/tinyusb/src/common/tusb_fifo.c.obj
                0x10006a3e                tu_fifo_read
 .text.tu_fifo_read_n
                0x10006a78       0x3e CMakeFiles/pico_multicore_temp.dir/D_/My_Wisdom/Works/Github/Raspberry_Pi_Pico/pico-sdk/lib/tinyusb/src/common/tusb_fifo.c.obj
                0x10006a78                tu_fifo_read_n
 .text.tu_fifo_write
                0x10006ab6       0x5c CMakeFiles/pico_multicore_temp.dir/D_/My_Wisdom/Works/Github/Raspberry_Pi_Pico/pico-sdk/lib/tinyusb/src/common/tusb_fifo.c.obj
                0x10006ab6                tu_fifo_write
 .text.tu_fifo_write_n
                0x10006b12       0x7c CMakeFiles/pico_multicore_temp.dir/D_/My_Wisdom/Works/Github/Raspberry_Pi_Pico/pico-sdk/lib/tinyusb/src/common/tusb_fifo.c.obj
                0x10006b12                tu_fifo_write_n
 .text.tu_fifo_clear
                0x10006b8e       0x18 CMakeFiles/pico_multicore_temp.dir/D_/My_Wisdom/Works/Github/Raspberry_Pi_Pico/pico-sdk/lib/tinyusb/src/common/tusb_fifo.c.obj
                0x10006b8e                tu_fifo_clear
 .text.core1_trampoline
                0x10006ba6        0x2 CMakeFiles/pico_multicore_temp.dir/D_/My_Wisdom/Works/Github/Raspberry_Pi_Pico/pico-sdk/src/rp2_common/pico_multicore/multicore.c.obj
 .text.core1_wrapper
                0x10006ba8        0xc CMakeFiles/pico_multicore_temp.dir/D_/My_Wisdom/Works/Github/Raspberry_Pi_Pico/pico-sdk/src/rp2_common/pico_multicore/multicore.c.obj
                0x10006ba8                core1_wrapper
 .text.multicore_fifo_push_blocking
                0x10006bb4       0x14 CMakeFiles/pico_multicore_temp.dir/D_/My_Wisdom/Works/Github/Raspberry_Pi_Pico/pico-sdk/src/rp2_common/pico_multicore/multicore.c.obj
                0x10006bb4                multicore_fifo_push_blocking
 .text.multicore_fifo_pop_blocking
                0x10006bc8       0x16 CMakeFiles/pico_multicore_temp.dir/D_/My_Wisdom/Works/Github/Raspberry_Pi_Pico/pico-sdk/src/rp2_common/pico_multicore/multicore.c.obj
                0x10006bc8                multicore_fifo_pop_blocking
 .text.multicore_launch_core1_raw
                0x10006bde       0x50 CMakeFiles/pico_multicore_temp.dir/D_/My_Wisdom/Works/Github/Raspberry_Pi_Pico/pico-sdk/src/rp2_common/pico_multicore/multicore.c.obj
                0x10006bde                multicore_launch_core1_raw
 *fill*         0x10006c2e        0x2 
 .text.multicore_launch_core1_with_stack
                0x10006c30       0x50 CMakeFiles/pico_multicore_temp.dir/D_/My_Wisdom/Works/Github/Raspberry_Pi_Pico/pico-sdk/src/rp2_common/pico_multicore/multicore.c.obj
                0x10006c30                multicore_launch_core1_with_stack
 .text.multicore_launch_core1
                0x10006c80       0x24 CMakeFiles/pico_multicore_temp.dir/D_/My_Wisdom/Works/Github/Raspberry_Pi_Pico/pico-sdk/src/rp2_common/pico_multicore/multicore.c.obj
                0x10006c80                multicore_launch_core1
 .text.adc_init
                0x10006ca4       0x34 CMakeFiles/pico_multicore_temp.dir/D_/My_Wisdom/Works/Github/Raspberry_Pi_Pico/pico-sdk/src/rp2_common/hardware_adc/adc.c.obj
                0x10006ca4                adc_init
 .text.strlen   0x10006cd8       0x5c c:/progra~2/gnuarm~1/102020~1/bin/../lib/gcc/arm-none-eabi/10.2.1/../../../../arm-none-eabi/lib/thumb/v6-m/nofp\libg.a(lib_a-strlen-stub.o)
                0x10006cd8                strlen
 *(.fini)
 .fini          0x10006d34        0x4 c:/progra~2/gnuarm~1/102020~1/bin/../lib/gcc/arm-none-eabi/10.2.1/thumb/v6-m/nofp/crti.o
                0x10006d34                _fini
 .fini.__stub   0x10006d38       0x60 linker stubs
 *crtbegin.o(.ctors)
 *crtbegin?.o(.ctors)
 *(EXCLUDE_FILE(*crtend.o *crtend?.o) .ctors)
 *(SORT_BY_NAME(.ctors.*))
 *(.ctors)
 *crtbegin.o(.dtors)
 *crtbegin?.o(.dtors)
 *(EXCLUDE_FILE(*crtend.o *crtend?.o) .dtors)
 *(SORT_BY_NAME(.dtors.*))
 *(.dtors)
 *(.eh_frame*)
 .eh_frame      0x10006d98        0x0 c:/progra~2/gnuarm~1/102020~1/bin/../lib/gcc/arm-none-eabi/10.2.1/thumb/v6-m/nofp/crtbegin.o
                0x10006d98                . = ALIGN (0x4)

.glue_7         0x10006d98        0x0
 .glue_7        0x10006d98        0x0 linker stubs

.glue_7t        0x10006d98        0x0
 .glue_7t       0x10006d98        0x0 linker stubs

.vfp11_veneer   0x10006d98        0x0
 .vfp11_veneer  0x10006d98        0x0 linker stubs

.v4_bx          0x10006d98        0x0
 .v4_bx         0x10006d98        0x0 linker stubs

.iplt           0x10006d98        0x0
 .iplt          0x10006d98        0x0 c:/progra~2/gnuarm~1/102020~1/bin/../lib/gcc/arm-none-eabi/10.2.1/thumb/v6-m/nofp/crtbegin.o

.rodata         0x10006d98     0x15bc
 *(EXCLUDE_FILE(*libm.a: *libc.a:*lib_a-mem*.o *libgcc.a:) .rodata*)
 .rodata.tempcalc_fun.str1.4
                0x10006d98        0x7 CMakeFiles/pico_multicore_temp.dir/multicore_temp.c.obj
 *fill*         0x10006d9f        0x1 
 .rodata.spin_lock_claim_unused.str1.4
                0x10006da0       0x1b CMakeFiles/pico_multicore_temp.dir/D_/My_Wisdom/Works/Github/Raspberry_Pi_Pico/pico-sdk/src/rp2_common/hardware_sync/sync.c.obj
 *fill*         0x10006dbb        0x1 
 .rodata.repeating_timer_callback.str1.4
                0x10006dbc       0x65 CMakeFiles/pico_multicore_temp.dir/D_/My_Wisdom/Works/Github/Raspberry_Pi_Pico/pico-sdk/src/common/pico_time/time.c.obj
 *fill*         0x10006e21        0x3 
 .rodata.timer_pool_entry_comparator.str1.4
                0x10006e24       0x22 CMakeFiles/pico_multicore_temp.dir/D_/My_Wisdom/Works/Github/Raspberry_Pi_Pico/pico-sdk/src/common/pico_time/time.c.obj
 *fill*         0x10006e46        0x2 
 .rodata.ph_add_child_node.str1.4
                0x10006e48       0xae CMakeFiles/pico_multicore_temp.dir/D_/My_Wisdom/Works/Github/Raspberry_Pi_Pico/pico-sdk/src/common/pico_time/time.c.obj
 *fill*         0x10006ef6        0x2 
 .rodata.add_alarm_under_lock.str1.4
                0x10006ef8       0x28 CMakeFiles/pico_multicore_temp.dir/D_/My_Wisdom/Works/Github/Raspberry_Pi_Pico/pico-sdk/src/common/pico_time/time.c.obj
                                 0x2b (size before relaxing)
 .rodata.alarm_pool_alarm_callback.str1.4
                0x10006f20       0x82 CMakeFiles/pico_multicore_temp.dir/D_/My_Wisdom/Works/Github/Raspberry_Pi_Pico/pico-sdk/src/common/pico_time/time.c.obj
 *fill*         0x10006fa2        0x2 
 .rodata.alarm_pool_get_default.str1.4
                0x10006fa4       0x21 CMakeFiles/pico_multicore_temp.dir/D_/My_Wisdom/Works/Github/Raspberry_Pi_Pico/pico-sdk/src/common/pico_time/time.c.obj
 *fill*         0x10006fc5        0x3 
 .rodata.alarm_pool_cancel_alarm.str1.4
                0x10006fc8       0x27 CMakeFiles/pico_multicore_temp.dir/D_/My_Wisdom/Works/Github/Raspberry_Pi_Pico/pico-sdk/src/common/pico_time/time.c.obj
 *fill*         0x10006fef        0x1 
 .rodata.sleep_until.str1.4
                0x10006ff0       0x4d CMakeFiles/pico_multicore_temp.dir/D_/My_Wisdom/Works/Github/Raspberry_Pi_Pico/pico-sdk/src/common/pico_time/time.c.obj
 *fill*         0x1000703d        0x3 
 .rodata.__func__.1
                0x10007040       0x18 CMakeFiles/pico_multicore_temp.dir/D_/My_Wisdom/Works/Github/Raspberry_Pi_Pico/pico-sdk/src/common/pico_time/time.c.obj
 .rodata.__func__.10
                0x10007058       0x1a CMakeFiles/pico_multicore_temp.dir/D_/My_Wisdom/Works/Github/Raspberry_Pi_Pico/pico-sdk/src/common/pico_time/time.c.obj
 *fill*         0x10007072        0x2 
 .rodata.__func__.11
                0x10007074        0xa CMakeFiles/pico_multicore_temp.dir/D_/My_Wisdom/Works/Github/Raspberry_Pi_Pico/pico-sdk/src/common/pico_time/time.c.obj
 *fill*         0x1000707e        0x2 
 .rodata.__func__.3
                0x10007080       0x17 CMakeFiles/pico_multicore_temp.dir/D_/My_Wisdom/Works/Github/Raspberry_Pi_Pico/pico-sdk/src/common/pico_time/time.c.obj
 *fill*         0x10007097        0x1 
 .rodata.__func__.4
                0x10007098       0x12 CMakeFiles/pico_multicore_temp.dir/D_/My_Wisdom/Works/Github/Raspberry_Pi_Pico/pico-sdk/src/common/pico_time/time.c.obj
 *fill*         0x100070aa        0x2 
 .rodata.__func__.5
                0x100070ac        0xd CMakeFiles/pico_multicore_temp.dir/D_/My_Wisdom/Works/Github/Raspberry_Pi_Pico/pico-sdk/src/common/pico_time/time.c.obj
 *fill*         0x100070b9        0x3 
 .rodata.__func__.6
                0x100070bc       0x12 CMakeFiles/pico_multicore_temp.dir/D_/My_Wisdom/Works/Github/Raspberry_Pi_Pico/pico-sdk/src/common/pico_time/time.c.obj
 *fill*         0x100070ce        0x2 
 .rodata.__func__.7
                0x100070d0        0xf CMakeFiles/pico_multicore_temp.dir/D_/My_Wisdom/Works/Github/Raspberry_Pi_Pico/pico-sdk/src/common/pico_time/time.c.obj
 *fill*         0x100070df        0x1 
 .rodata.__func__.8
                0x100070e0        0xc CMakeFiles/pico_multicore_temp.dir/D_/My_Wisdom/Works/Github/Raspberry_Pi_Pico/pico-sdk/src/common/pico_time/time.c.obj
 .rodata.__func__.9
                0x100070ec       0x15 CMakeFiles/pico_multicore_temp.dir/D_/My_Wisdom/Works/Github/Raspberry_Pi_Pico/pico-sdk/src/common/pico_time/time.c.obj
 *fill*         0x10007101        0x3 
 .rodata.hardware_alarm_claim.str1.4
                0x10007104       0x22 CMakeFiles/pico_multicore_temp.dir/D_/My_Wisdom/Works/Github/Raspberry_Pi_Pico/pico-sdk/src/rp2_common/hardware_timer/timer.c.obj
 *fill*         0x10007126        0x2 
 .rodata.hardware_alarm_set_target.str1.4
                0x10007128       0x7f CMakeFiles/pico_multicore_temp.dir/D_/My_Wisdom/Works/Github/Raspberry_Pi_Pico/pico-sdk/src/rp2_common/hardware_timer/timer.c.obj
 *fill*         0x100071a7        0x1 
 .rodata.__func__.0
                0x100071a8       0x1a CMakeFiles/pico_multicore_temp.dir/D_/My_Wisdom/Works/Github/Raspberry_Pi_Pico/pico-sdk/src/rp2_common/hardware_timer/timer.c.obj
 *fill*         0x100071c2        0x2 
 .rodata.str1.4
                0x100071c4       0x78 CMakeFiles/pico_multicore_temp.dir/D_/My_Wisdom/Works/Github/Raspberry_Pi_Pico/pico-sdk/src/common/pico_sync/mutex.c.obj
 .rodata.__func__.0
                0x1000723c        0xb CMakeFiles/pico_multicore_temp.dir/D_/My_Wisdom/Works/Github/Raspberry_Pi_Pico/pico-sdk/src/common/pico_sync/mutex.c.obj
 *fill*         0x10007247        0x1 
 .rodata.__func__.1
                0x10007248       0x18 CMakeFiles/pico_multicore_temp.dir/D_/My_Wisdom/Works/Github/Raspberry_Pi_Pico/pico-sdk/src/common/pico_sync/mutex.c.obj
 .rodata.__func__.2
                0x10007260       0x15 CMakeFiles/pico_multicore_temp.dir/D_/My_Wisdom/Works/Github/Raspberry_Pi_Pico/pico-sdk/src/common/pico_sync/mutex.c.obj
 .rodata.ph_add_child_node.str1.4
                0x10007275       0xae CMakeFiles/pico_multicore_temp.dir/D_/My_Wisdom/Works/Github/Raspberry_Pi_Pico/pico-sdk/src/common/pico_util/pheap.c.obj
 *fill*         0x10007275        0x3 
 .rodata.ph_remove_any_head.str1.4
                0x10007278       0xa8 CMakeFiles/pico_multicore_temp.dir/D_/My_Wisdom/Works/Github/Raspberry_Pi_Pico/pico-sdk/src/common/pico_util/pheap.c.obj
 .rodata.ph_remove_and_free_node.str1.4
                0x10007320       0x26 CMakeFiles/pico_multicore_temp.dir/D_/My_Wisdom/Works/Github/Raspberry_Pi_Pico/pico-sdk/src/common/pico_util/pheap.c.obj
 *fill*         0x10007346        0x2 
 .rodata.__func__.0
                0x10007348       0x18 CMakeFiles/pico_multicore_temp.dir/D_/My_Wisdom/Works/Github/Raspberry_Pi_Pico/pico-sdk/src/common/pico_util/pheap.c.obj
 .rodata.__func__.1
                0x10007360       0x13 CMakeFiles/pico_multicore_temp.dir/D_/My_Wisdom/Works/Github/Raspberry_Pi_Pico/pico-sdk/src/common/pico_util/pheap.c.obj
 *fill*         0x10007373        0x1 
 .rodata.__func__.2
                0x10007374       0x12 CMakeFiles/pico_multicore_temp.dir/D_/My_Wisdom/Works/Github/Raspberry_Pi_Pico/pico-sdk/src/common/pico_util/pheap.c.obj
 *fill*         0x10007386        0x2 
 .rodata.__func__.3
                0x10007388        0xc CMakeFiles/pico_multicore_temp.dir/D_/My_Wisdom/Works/Github/Raspberry_Pi_Pico/pico-sdk/src/common/pico_util/pheap.c.obj
 .rodata.__assert_func.str1.4
                0x10007394       0x3f CMakeFiles/pico_multicore_temp.dir/D_/My_Wisdom/Works/Github/Raspberry_Pi_Pico/pico-sdk/src/rp2_common/pico_runtime/runtime.c.obj
                                 0x43 (size before relaxing)
 *fill*         0x100073d3        0x1 
 .rodata.panic.str1.4
                0x100073d4       0x12 CMakeFiles/pico_multicore_temp.dir/D_/My_Wisdom/Works/Github/Raspberry_Pi_Pico/pico-sdk/src/rp2_common/pico_runtime/runtime.c.obj
 *fill*         0x100073e6        0x2 
 .rodata.clock_configure.str1.4
                0x100073e8       0x71 CMakeFiles/pico_multicore_temp.dir/D_/My_Wisdom/Works/Github/Raspberry_Pi_Pico/pico-sdk/src/rp2_common/hardware_clocks/clocks.c.obj
 *fill*         0x10007459        0x3 
 .rodata.__func__.1
                0x1000745c       0x10 CMakeFiles/pico_multicore_temp.dir/D_/My_Wisdom/Works/Github/Raspberry_Pi_Pico/pico-sdk/src/rp2_common/hardware_clocks/clocks.c.obj
 .rodata.pll_init.str1.4
                0x1000746c       0xf3 CMakeFiles/pico_multicore_temp.dir/D_/My_Wisdom/Works/Github/Raspberry_Pi_Pico/pico-sdk/src/rp2_common/hardware_pll/pll.c.obj
 *fill*         0x1000755f        0x1 
 .rodata.__func__.0
                0x10007560        0x9 CMakeFiles/pico_multicore_temp.dir/D_/My_Wisdom/Works/Github/Raspberry_Pi_Pico/pico-sdk/src/rp2_common/hardware_pll/pll.c.obj
 *fill*         0x10007569        0x3 
 .rodata.make_branch.str1.4
                0x1000756c       0x67 CMakeFiles/pico_multicore_temp.dir/D_/My_Wisdom/Works/Github/Raspberry_Pi_Pico/pico-sdk/src/rp2_common/hardware_irq/irq.c.obj
 *fill*         0x100075d3        0x1 
 .rodata.irq_set_exclusive_handler.str1.4
                0x100075d4       0x36 CMakeFiles/pico_multicore_temp.dir/D_/My_Wisdom/Works/Github/Raspberry_Pi_Pico/pico-sdk/src/rp2_common/hardware_irq/irq.c.obj
 *fill*         0x1000760a        0x2 
 .rodata.irq_add_shared_handler.str1.4
                0x1000760c       0xd9 CMakeFiles/pico_multicore_temp.dir/D_/My_Wisdom/Works/Github/Raspberry_Pi_Pico/pico-sdk/src/rp2_common/hardware_irq/irq.c.obj
 *fill*         0x100076e5        0x3 
 .rodata.irq_remove_handler.str1.4
                0x100076e8       0x2a CMakeFiles/pico_multicore_temp.dir/D_/My_Wisdom/Works/Github/Raspberry_Pi_Pico/pico-sdk/src/rp2_common/hardware_irq/irq.c.obj
 *fill*         0x10007712        0x2 
 .rodata.irq_add_tail_to_free_list.str1.4
                0x10007714       0x32 CMakeFiles/pico_multicore_temp.dir/D_/My_Wisdom/Works/Github/Raspberry_Pi_Pico/pico-sdk/src/rp2_common/hardware_irq/irq.c.obj
                                 0x3a (size before relaxing)
 *fill*         0x10007746        0x2 
 .rodata.__func__.0
                0x10007748       0x1a CMakeFiles/pico_multicore_temp.dir/D_/My_Wisdom/Works/Github/Raspberry_Pi_Pico/pico-sdk/src/rp2_common/hardware_irq/irq.c.obj
 *fill*         0x10007762        0x2 
 .rodata.__func__.1
                0x10007764       0x17 CMakeFiles/pico_multicore_temp.dir/D_/My_Wisdom/Works/Github/Raspberry_Pi_Pico/pico-sdk/src/rp2_common/hardware_irq/irq.c.obj
 *fill*         0x1000777b        0x1 
 .rodata.__func__.2
                0x1000777c       0x13 CMakeFiles/pico_multicore_temp.dir/D_/My_Wisdom/Works/Github/Raspberry_Pi_Pico/pico-sdk/src/rp2_common/hardware_irq/irq.c.obj
 *fill*         0x1000778f        0x1 
 .rodata.__func__.3
                0x10007790        0xc CMakeFiles/pico_multicore_temp.dir/D_/My_Wisdom/Works/Github/Raspberry_Pi_Pico/pico-sdk/src/rp2_common/hardware_irq/irq.c.obj
 .rodata.__func__.4
                0x1000779c        0xf CMakeFiles/pico_multicore_temp.dir/D_/My_Wisdom/Works/Github/Raspberry_Pi_Pico/pico-sdk/src/rp2_common/hardware_irq/irq.c.obj
 *fill*         0x100077ab        0x1 
 .rodata.__func__.6
                0x100077ac       0x1a CMakeFiles/pico_multicore_temp.dir/D_/My_Wisdom/Works/Github/Raspberry_Pi_Pico/pico-sdk/src/rp2_common/hardware_irq/irq.c.obj
 *fill*         0x100077c6        0x2 
 .rodata._ftoa.str1.4
                0x100077c8       0x15 CMakeFiles/pico_multicore_temp.dir/D_/My_Wisdom/Works/Github/Raspberry_Pi_Pico/pico-sdk/src/rp2_common/pico_printf/printf.c.obj
 *fill*         0x100077dd        0x3 
 .rodata._vsnprintf
                0x100077e0      0x1e0 CMakeFiles/pico_multicore_temp.dir/D_/My_Wisdom/Works/Github/Raspberry_Pi_Pico/pico-sdk/src/rp2_common/pico_printf/printf.c.obj
 .rodata.pow10.0
                0x100079c0       0x50 CMakeFiles/pico_multicore_temp.dir/D_/My_Wisdom/Works/Github/Raspberry_Pi_Pico/pico-sdk/src/rp2_common/pico_printf/printf.c.obj
 .rodata.__aeabi_double_init.str1.4
                0x10007a10       0xc2 CMakeFiles/pico_multicore_temp.dir/D_/My_Wisdom/Works/Github/Raspberry_Pi_Pico/pico-sdk/src/rp2_common/pico_double/double_init_rom.c.obj
 *fill*         0x10007ad2        0x2 
 .rodata.__func__.0
                0x10007ad4       0x14 CMakeFiles/pico_multicore_temp.dir/D_/My_Wisdom/Works/Github/Raspberry_Pi_Pico/pico-sdk/src/rp2_common/pico_double/double_init_rom.c.obj
 .rodata.__aeabi_float_init.str1.4
                0x10007ae8       0x94 CMakeFiles/pico_multicore_temp.dir/D_/My_Wisdom/Works/Github/Raspberry_Pi_Pico/pico-sdk/src/rp2_common/pico_float/float_init_rom.c.obj
                                 0x98 (size before relaxing)
 .rodata.__func__.0
                0x10007b7c       0x13 CMakeFiles/pico_multicore_temp.dir/D_/My_Wisdom/Works/Github/Raspberry_Pi_Pico/pico-sdk/src/rp2_common/pico_float/float_init_rom.c.obj
 *fill*         0x10007b8f        0x1 
 .rodata.str1.4
                0x10007b90       0x48 CMakeFiles/pico_multicore_temp.dir/D_/My_Wisdom/Works/Github/Raspberry_Pi_Pico/pico-sdk/src/rp2_common/pico_standard_link/binary_info.c.obj
 .rodata.__bi_40
                0x10007bd8        0xc CMakeFiles/pico_multicore_temp.dir/D_/My_Wisdom/Works/Github/Raspberry_Pi_Pico/pico-sdk/src/rp2_common/pico_standard_link/binary_info.c.obj
 .rodata.__bi_71
                0x10007be4        0xc CMakeFiles/pico_multicore_temp.dir/D_/My_Wisdom/Works/Github/Raspberry_Pi_Pico/pico-sdk/src/rp2_common/pico_standard_link/binary_info.c.obj
 .rodata.__bi_77
                0x10007bf0        0xc CMakeFiles/pico_multicore_temp.dir/D_/My_Wisdom/Works/Github/Raspberry_Pi_Pico/pico-sdk/src/rp2_common/pico_standard_link/binary_info.c.obj
 .rodata.crlf_str.1
                0x10007bfc        0x2 CMakeFiles/pico_multicore_temp.dir/D_/My_Wisdom/Works/Github/Raspberry_Pi_Pico/pico-sdk/src/rp2_common/pico_stdio/stdio.c.obj
 *fill*         0x10007bfe        0x2 
 .rodata._resetd_driver
                0x10007c00       0x1c CMakeFiles/pico_multicore_temp.dir/D_/My_Wisdom/Works/Github/Raspberry_Pi_Pico/pico-sdk/src/rp2_common/pico_stdio_usb/reset_interface.c.obj
 .rodata.str1.4
                0x10007c1c       0x13 CMakeFiles/pico_multicore_temp.dir/D_/My_Wisdom/Works/Github/Raspberry_Pi_Pico/pico-sdk/src/rp2_common/pico_stdio_usb/stdio_usb.c.obj
 *fill*         0x10007c2f        0x1 
 .rodata.__bi_92.0
                0x10007c30        0xc CMakeFiles/pico_multicore_temp.dir/D_/My_Wisdom/Works/Github/Raspberry_Pi_Pico/pico-sdk/src/rp2_common/pico_stdio_usb/stdio_usb.c.obj
 .rodata.str1.4
                0x10007c3c       0x3a CMakeFiles/pico_multicore_temp.dir/D_/My_Wisdom/Works/Github/Raspberry_Pi_Pico/pico-sdk/src/rp2_common/pico_stdio_usb/stdio_usb_descriptors.c.obj
 *fill*         0x10007c76        0x2 
 .rodata.usbd_desc_cfg
                0x10007c78       0x54 CMakeFiles/pico_multicore_temp.dir/D_/My_Wisdom/Works/Github/Raspberry_Pi_Pico/pico-sdk/src/rp2_common/pico_stdio_usb/stdio_usb_descriptors.c.obj
 .rodata.usbd_desc_device
                0x10007ccc       0x12 CMakeFiles/pico_multicore_temp.dir/D_/My_Wisdom/Works/Github/Raspberry_Pi_Pico/pico-sdk/src/rp2_common/pico_stdio_usb/stdio_usb_descriptors.c.obj
 *fill*         0x10007cde        0x2 
 .rodata.usbd_desc_str
                0x10007ce0       0x18 CMakeFiles/pico_multicore_temp.dir/D_/My_Wisdom/Works/Github/Raspberry_Pi_Pico/pico-sdk/src/rp2_common/pico_stdio_usb/stdio_usb_descriptors.c.obj
 .rodata._hw_endpoint_alloc.str1.4
                0x10007cf8       0xd1 CMakeFiles/pico_multicore_temp.dir/D_/My_Wisdom/Works/Github/Raspberry_Pi_Pico/pico-sdk/lib/tinyusb/src/portable/raspberrypi/rp2040/dcd_rp2040.c.obj
 *fill*         0x10007dc9        0x3 
 .rodata._hw_endpoint_init.str1.4
                0x10007dcc       0x28 CMakeFiles/pico_multicore_temp.dir/D_/My_Wisdom/Works/Github/Raspberry_Pi_Pico/pico-sdk/lib/tinyusb/src/portable/raspberrypi/rp2040/dcd_rp2040.c.obj
 .rodata.hw_handle_buff_status.str1.4
                0x10007df4        0xb CMakeFiles/pico_multicore_temp.dir/D_/My_Wisdom/Works/Github/Raspberry_Pi_Pico/pico-sdk/lib/tinyusb/src/portable/raspberrypi/rp2040/dcd_rp2040.c.obj
 *fill*         0x10007dff        0x1 
 .rodata.dcd_rp2040_irq.str1.4
                0x10007e00       0x14 CMakeFiles/pico_multicore_temp.dir/D_/My_Wisdom/Works/Github/Raspberry_Pi_Pico/pico-sdk/lib/tinyusb/src/portable/raspberrypi/rp2040/dcd_rp2040.c.obj
 .rodata._hw_endpoint_stall.str1.4
                0x10007e14        0xd CMakeFiles/pico_multicore_temp.dir/D_/My_Wisdom/Works/Github/Raspberry_Pi_Pico/pico-sdk/lib/tinyusb/src/portable/raspberrypi/rp2040/dcd_rp2040.c.obj
 *fill*         0x10007e21        0x3 
 .rodata.dcd_int_enable.str1.4
                0x10007e24        0xc CMakeFiles/pico_multicore_temp.dir/D_/My_Wisdom/Works/Github/Raspberry_Pi_Pico/pico-sdk/lib/tinyusb/src/portable/raspberrypi/rp2040/dcd_rp2040.c.obj
 .rodata.__func__.0
                0x10007e30       0x15 CMakeFiles/pico_multicore_temp.dir/D_/My_Wisdom/Works/Github/Raspberry_Pi_Pico/pico-sdk/lib/tinyusb/src/portable/raspberrypi/rp2040/dcd_rp2040.c.obj
 *fill*         0x10007e45        0x3 
 .rodata.__func__.1
                0x10007e48       0x13 CMakeFiles/pico_multicore_temp.dir/D_/My_Wisdom/Works/Github/Raspberry_Pi_Pico/pico-sdk/lib/tinyusb/src/portable/raspberrypi/rp2040/dcd_rp2040.c.obj
 *fill*         0x10007e5b        0x1 
 .rodata.__func__.10
                0x10007e5c        0xf CMakeFiles/pico_multicore_temp.dir/D_/My_Wisdom/Works/Github/Raspberry_Pi_Pico/pico-sdk/lib/tinyusb/src/portable/raspberrypi/rp2040/dcd_rp2040.c.obj
 *fill*         0x10007e6b        0x1 
 .rodata.__func__.11
                0x10007e6c       0x13 CMakeFiles/pico_multicore_temp.dir/D_/My_Wisdom/Works/Github/Raspberry_Pi_Pico/pico-sdk/lib/tinyusb/src/portable/raspberrypi/rp2040/dcd_rp2040.c.obj
 *fill*         0x10007e7f        0x1 
 .rodata.__func__.12
                0x10007e80       0x16 CMakeFiles/pico_multicore_temp.dir/D_/My_Wisdom/Works/Github/Raspberry_Pi_Pico/pico-sdk/lib/tinyusb/src/portable/raspberrypi/rp2040/dcd_rp2040.c.obj
 *fill*         0x10007e96        0x2 
 .rodata.__func__.13
                0x10007e98        0x9 CMakeFiles/pico_multicore_temp.dir/D_/My_Wisdom/Works/Github/Raspberry_Pi_Pico/pico-sdk/lib/tinyusb/src/portable/raspberrypi/rp2040/dcd_rp2040.c.obj
 *fill*         0x10007ea1        0x3 
 .rodata.__func__.2
                0x10007ea4        0xf CMakeFiles/pico_multicore_temp.dir/D_/My_Wisdom/Works/Github/Raspberry_Pi_Pico/pico-sdk/lib/tinyusb/src/portable/raspberrypi/rp2040/dcd_rp2040.c.obj
 *fill*         0x10007eb3        0x1 
 .rodata.__func__.3
                0x10007eb4        0xe CMakeFiles/pico_multicore_temp.dir/D_/My_Wisdom/Works/Github/Raspberry_Pi_Pico/pico-sdk/lib/tinyusb/src/portable/raspberrypi/rp2040/dcd_rp2040.c.obj
 *fill*         0x10007ec2        0x2 
 .rodata.__func__.4
                0x10007ec4        0xe CMakeFiles/pico_multicore_temp.dir/D_/My_Wisdom/Works/Github/Raspberry_Pi_Pico/pico-sdk/lib/tinyusb/src/portable/raspberrypi/rp2040/dcd_rp2040.c.obj
 *fill*         0x10007ed2        0x2 
 .rodata.__func__.5
                0x10007ed4       0x1a CMakeFiles/pico_multicore_temp.dir/D_/My_Wisdom/Works/Github/Raspberry_Pi_Pico/pico-sdk/lib/tinyusb/src/portable/raspberrypi/rp2040/dcd_rp2040.c.obj
 *fill*         0x10007eee        0x2 
 .rodata.__func__.6
                0x10007ef0        0xc CMakeFiles/pico_multicore_temp.dir/D_/My_Wisdom/Works/Github/Raspberry_Pi_Pico/pico-sdk/lib/tinyusb/src/portable/raspberrypi/rp2040/dcd_rp2040.c.obj
 .rodata.__func__.8
                0x10007efc       0x10 CMakeFiles/pico_multicore_temp.dir/D_/My_Wisdom/Works/Github/Raspberry_Pi_Pico/pico-sdk/lib/tinyusb/src/portable/raspberrypi/rp2040/dcd_rp2040.c.obj
 .rodata._hw_endpoint_buffer_control_update32.str1.4
                0x10007f0c       0x1f CMakeFiles/pico_multicore_temp.dir/D_/My_Wisdom/Works/Github/Raspberry_Pi_Pico/pico-sdk/lib/tinyusb/src/portable/raspberrypi/rp2040/rp2040_usb.c.obj
 *fill*         0x10007f2b        0x1 
 .rodata._hw_endpoint_xfer_sync.str1.4
                0x10007f2c       0xad CMakeFiles/pico_multicore_temp.dir/D_/My_Wisdom/Works/Github/Raspberry_Pi_Pico/pico-sdk/lib/tinyusb/src/portable/raspberrypi/rp2040/rp2040_usb.c.obj
 *fill*         0x10007fd9        0x3 
 .rodata._hw_endpoint_xfer_continue.str1.4
                0x10007fdc       0x50 CMakeFiles/pico_multicore_temp.dir/D_/My_Wisdom/Works/Github/Raspberry_Pi_Pico/pico-sdk/lib/tinyusb/src/portable/raspberrypi/rp2040/rp2040_usb.c.obj
 .rodata._hw_endpoint_xfer.str1.4
                0x1000802c        0xf CMakeFiles/pico_multicore_temp.dir/D_/My_Wisdom/Works/Github/Raspberry_Pi_Pico/pico-sdk/lib/tinyusb/src/portable/raspberrypi/rp2040/rp2040_usb.c.obj
 *fill*         0x1000803b        0x1 
 .rodata.str1.4
                0x1000803c        0x7 CMakeFiles/pico_multicore_temp.dir/D_/My_Wisdom/Works/Github/Raspberry_Pi_Pico/pico-sdk/lib/tinyusb/src/portable/raspberrypi/rp2040/rp2040_usb.c.obj
 *fill*         0x10008043        0x1 
 .rodata.__func__.0
                0x10008044       0x12 CMakeFiles/pico_multicore_temp.dir/D_/My_Wisdom/Works/Github/Raspberry_Pi_Pico/pico-sdk/lib/tinyusb/src/portable/raspberrypi/rp2040/rp2040_usb.c.obj
 *fill*         0x10008056        0x2 
 .rodata.__func__.1
                0x10008058       0x17 CMakeFiles/pico_multicore_temp.dir/D_/My_Wisdom/Works/Github/Raspberry_Pi_Pico/pico-sdk/lib/tinyusb/src/portable/raspberrypi/rp2040/rp2040_usb.c.obj
 *fill*         0x1000806f        0x1 
 .rodata.process_set_config.str1.4
                0x10008070       0x17 CMakeFiles/pico_multicore_temp.dir/D_/My_Wisdom/Works/Github/Raspberry_Pi_Pico/pico-sdk/lib/tinyusb/src/device/usbd.c.obj
 *fill*         0x10008087        0x1 
 .rodata.process_get_descriptor
                0x10008088       0x40 CMakeFiles/pico_multicore_temp.dir/D_/My_Wisdom/Works/Github/Raspberry_Pi_Pico/pico-sdk/lib/tinyusb/src/device/usbd.c.obj
 .rodata.dcd_event_handler.str1.4
                0x100080c8       0x66 CMakeFiles/pico_multicore_temp.dir/D_/My_Wisdom/Works/Github/Raspberry_Pi_Pico/pico-sdk/lib/tinyusb/src/device/usbd.c.obj
 *fill*         0x1000812e        0x2 
 .rodata.process_control_request
                0x10008130       0x28 CMakeFiles/pico_multicore_temp.dir/D_/My_Wisdom/Works/Github/Raspberry_Pi_Pico/pico-sdk/lib/tinyusb/src/device/usbd.c.obj
 .rodata.tud_task
                0x10008158       0x24 CMakeFiles/pico_multicore_temp.dir/D_/My_Wisdom/Works/Github/Raspberry_Pi_Pico/pico-sdk/lib/tinyusb/src/device/usbd.c.obj
 .rodata.__func__.1
                0x1000817c        0xf CMakeFiles/pico_multicore_temp.dir/D_/My_Wisdom/Works/Github/Raspberry_Pi_Pico/pico-sdk/lib/tinyusb/src/device/usbd.c.obj
 *fill*         0x1000818b        0x1 
 .rodata.__func__.2
                0x1000818c       0x14 CMakeFiles/pico_multicore_temp.dir/D_/My_Wisdom/Works/Github/Raspberry_Pi_Pico/pico-sdk/lib/tinyusb/src/device/usbd.c.obj
 .rodata.__func__.3
                0x100081a0       0x10 CMakeFiles/pico_multicore_temp.dir/D_/My_Wisdom/Works/Github/Raspberry_Pi_Pico/pico-sdk/lib/tinyusb/src/device/usbd.c.obj
 .rodata.__func__.4
                0x100081b0       0x17 CMakeFiles/pico_multicore_temp.dir/D_/My_Wisdom/Works/Github/Raspberry_Pi_Pico/pico-sdk/lib/tinyusb/src/device/usbd.c.obj
 *fill*         0x100081c7        0x1 
 .rodata.__func__.5
                0x100081c8       0x13 CMakeFiles/pico_multicore_temp.dir/D_/My_Wisdom/Works/Github/Raspberry_Pi_Pico/pico-sdk/lib/tinyusb/src/device/usbd.c.obj
 *fill*         0x100081db        0x1 
 .rodata.__func__.6
                0x100081dc       0x18 CMakeFiles/pico_multicore_temp.dir/D_/My_Wisdom/Works/Github/Raspberry_Pi_Pico/pico-sdk/lib/tinyusb/src/device/usbd.c.obj
 .rodata.__func__.7
                0x100081f4       0x13 CMakeFiles/pico_multicore_temp.dir/D_/My_Wisdom/Works/Github/Raspberry_Pi_Pico/pico-sdk/lib/tinyusb/src/device/usbd.c.obj
 *fill*         0x10008207        0x1 
 .rodata.__func__.8
                0x10008208        0x9 CMakeFiles/pico_multicore_temp.dir/D_/My_Wisdom/Works/Github/Raspberry_Pi_Pico/pico-sdk/lib/tinyusb/src/device/usbd.c.obj
 *fill*         0x10008211        0x3 
 .rodata._usbd_driver
                0x10008214       0x1c CMakeFiles/pico_multicore_temp.dir/D_/My_Wisdom/Works/Github/Raspberry_Pi_Pico/pico-sdk/lib/tinyusb/src/device/usbd.c.obj
 .rodata.tud_control_xfer.str1.4
                0x10008230       0x17 CMakeFiles/pico_multicore_temp.dir/D_/My_Wisdom/Works/Github/Raspberry_Pi_Pico/pico-sdk/lib/tinyusb/src/device/usbd_control.c.obj
 .rodata.__func__.0
                0x10008230       0x15 CMakeFiles/pico_multicore_temp.dir/D_/My_Wisdom/Works/Github/Raspberry_Pi_Pico/pico-sdk/lib/tinyusb/src/device/usbd_control.c.obj
 *fill*         0x10008245        0x3 
 .rodata.__func__.1
                0x10008248       0x11 CMakeFiles/pico_multicore_temp.dir/D_/My_Wisdom/Works/Github/Raspberry_Pi_Pico/pico-sdk/lib/tinyusb/src/device/usbd_control.c.obj
 .rodata.tud_cdc_n_write_flush.str1.4
                0x10008259       0x17 CMakeFiles/pico_multicore_temp.dir/D_/My_Wisdom/Works/Github/Raspberry_Pi_Pico/pico-sdk/lib/tinyusb/src/class/cdc/cdc_device.c.obj