Archive member included to satisfy reference by file (symbol)

c:/progra~2/gnuarm~1/102020~1/bin/../lib/gcc/arm-none-eabi/10.2.1/thumb/v6-m/nofp\libgcc.a(_dvmd_tls.o)
                              CMakeFiles/pico_multicore_temp.dir/D_/My_Wisdom/Works/Github/Raspberry_Pi_Pico/pico-sdk/src/rp2_common/pico_divider/divider.S.obj (__aeabi_idiv0)
c:/progra~2/gnuarm~1/102020~1/bin/../lib/gcc/arm-none-eabi/10.2.1/../../../../arm-none-eabi/lib/thumb/v6-m/nofp\libg.a(lib_a-calloc.o)
                              CMakeFiles/pico_multicore_temp.dir/D_/My_Wisdom/Works/Github/Raspberry_Pi_Pico/pico-sdk/src/rp2_common/pico_malloc/pico_malloc.c.obj (calloc)
c:/progra~2/gnuarm~1/102020~1/bin/../lib/gcc/arm-none-eabi/10.2.1/../../../../arm-none-eabi/lib/thumb/v6-m/nofp\libg.a(lib_a-callocr.o)
                              c:/progra~2/gnuarm~1/102020~1/bin/../lib/gcc/arm-none-eabi/10.2.1/../../../../arm-none-eabi/lib/thumb/v6-m/nofp\libg.a(lib_a-calloc.o) (_calloc_r)
c:/progra~2/gnuarm~1/102020~1/bin/../lib/gcc/arm-none-eabi/10.2.1/../../../../arm-none-eabi/lib/thumb/v6-m/nofp\libg.a(lib_a-ctype_.o)
                              CMakeFiles/pico_multicore_temp.dir/D_/My_Wisdom/Works/Github/Raspberry_Pi_Pico/pico-sdk/lib/tinyusb/src/tusb.c.obj (_ctype_)
c:/progra~2/gnuarm~1/102020~1/bin/../lib/gcc/arm-none-eabi/10.2.1/../../../../arm-none-eabi/lib/thumb/v6-m/nofp\libg.a(lib_a-impure.o)
                              c:/progra~2/gnuarm~1/102020~1/bin/../lib/gcc/arm-none-eabi/10.2.1/../../../../arm-none-eabi/lib/thumb/v6-m/nofp\libg.a(lib_a-calloc.o) (_impure_ptr)
c:/progra~2/gnuarm~1/102020~1/bin/../lib/gcc/arm-none-eabi/10.2.1/../../../../arm-none-eabi/lib/thumb/v6-m/nofp\libg.a(lib_a-init.o)
                              c:/progra~2/gnuarm~1/102020~1/bin/../lib/gcc/arm-none-eabi/10.2.1/../../../../arm-none-eabi/lib/thumb/v6-m/nofp/crt0.o (__libc_init_array)
c:/progra~2/gnuarm~1/102020~1/bin/../lib/gcc/arm-none-eabi/10.2.1/../../../../arm-none-eabi/lib/thumb/v6-m/nofp\libg.a(lib_a-malloc.o)
                              CMakeFiles/pico_multicore_temp.dir/D_/My_Wisdom/Works/Github/Raspberry_Pi_Pico/pico-sdk/src/rp2_common/pico_malloc/pico_malloc.c.obj (malloc)
c:/progra~2/gnuarm~1/102020~1/bin/../lib/gcc/arm-none-eabi/10.2.1/../../../../arm-none-eabi/lib/thumb/v6-m/nofp\libg.a(lib_a-mallocr.o)
                              c:/progra~2/gnuarm~1/102020~1/bin/../lib/gcc/arm-none-eabi/10.2.1/../../../../arm-none-eabi/lib/thumb/v6-m/nofp\libg.a(lib_a-callocr.o) (_malloc_r)
c:/progra~2/gnuarm~1/102020~1/bin/../lib/gcc/arm-none-eabi/10.2.1/../../../../arm-none-eabi/lib/thumb/v6-m/nofp\libg.a(lib_a-mlock.o)
                              c:/progra~2/gnuarm~1/102020~1/bin/../lib/gcc/arm-none-eabi/10.2.1/../../../../arm-none-eabi/lib/thumb/v6-m/nofp\libg.a(lib_a-mallocr.o) (__malloc_lock)
c:/progra~2/gnuarm~1/102020~1/bin/../lib/gcc/arm-none-eabi/10.2.1/../../../../arm-none-eabi/lib/thumb/v6-m/nofp\libg.a(lib_a-sbrkr.o)
                              c:/progra~2/gnuarm~1/102020~1/bin/../lib/gcc/arm-none-eabi/10.2.1/../../../../arm-none-eabi/lib/thumb/v6-m/nofp\libg.a(lib_a-mallocr.o) (_sbrk_r)
c:/progra~2/gnuarm~1/102020~1/bin/../lib/gcc/arm-none-eabi/10.2.1/../../../../arm-none-eabi/lib/thumb/v6-m/nofp\libg.a(lib_a-strlen-stub.o)
                              CMakeFiles/pico_multicore_temp.dir/D_/My_Wisdom/Works/Github/Raspberry_Pi_Pico/pico-sdk/src/rp2_common/pico_stdio/stdio.c.obj (strlen)
c:/progra~2/gnuarm~1/102020~1/bin/../lib/gcc/arm-none-eabi/10.2.1/../../../../arm-none-eabi/lib/thumb/v6-m/nofp\libg.a(lib_a-freer.o)
                              c:/progra~2/gnuarm~1/102020~1/bin/../lib/gcc/arm-none-eabi/10.2.1/../../../../arm-none-eabi/lib/thumb/v6-m/nofp\libg.a(lib_a-malloc.o) (_free_r)
c:/progra~2/gnuarm~1/102020~1/bin/../lib/gcc/arm-none-eabi/10.2.1/../../../../arm-none-eabi/lib/thumb/v6-m/nofp\libg.a(lib_a-lock.o)
                              c:/progra~2/gnuarm~1/102020~1/bin/../lib/gcc/arm-none-eabi/10.2.1/../../../../arm-none-eabi/lib/thumb/v6-m/nofp\libg.a(lib_a-mlock.o) (__retarget_lock_acquire_recursive)
c:/progra~2/gnuarm~1/102020~1/bin/../lib/gcc/arm-none-eabi/10.2.1/../../../../arm-none-eabi/lib/thumb/v6-m/nofp\libg.a(lib_a-reent.o)
                              c:/progra~2/gnuarm~1/102020~1/bin/../lib/gcc/arm-none-eabi/10.2.1/../../../../arm-none-eabi/lib/thumb/v6-m/nofp\libg.a(lib_a-sbrkr.o) (errno)

Discarded input sections

 .text          0x00000000        0x0 c:/progra~2/gnuarm~1/102020~1/bin/../lib/gcc/arm-none-eabi/10.2.1/thumb/v6-m/nofp/crti.o
 .data          0x00000000        0x0 c:/progra~2/gnuarm~1/102020~1/bin/../lib/gcc/arm-none-eabi/10.2.1/thumb/v6-m/nofp/crti.o
 .bss           0x00000000        0x0 c:/progra~2/gnuarm~1/102020~1/bin/../lib/gcc/arm-none-eabi/10.2.1/thumb/v6-m/nofp/crti.o
 .data          0x00000000        0x4 c:/progra~2/gnuarm~1/102020~1/bin/../lib/gcc/arm-none-eabi/10.2.1/thumb/v6-m/nofp/crtbegin.o
[...]
Memory Configuration

Name             Origin             Length             Attributes
FLASH            0x10000000         0x00200000         xr
RAM              0x20000000         0x00040000         xrw
SCRATCH_X        0x20040000         0x00001000         xrw
SCRATCH_Y        0x20041000         0x00001000         xrw
*default*        0x00000000         0xffffffff

Linker script and memory map

LOAD c:/progra~2/gnuarm~1/102020~1/bin/../lib/gcc/arm-none-eabi/10.2.1/thumb/v6-m/nofp/crti.o
LOAD c:/progra~2/gnuarm~1/102020~1/bin/../lib/gcc/arm-none-eabi/10.2.1/thumb/v6-m/nofp/crtbegin.o
LOAD c:/progra~2/gnuarm~1/102020~1/bin/../lib/gcc/arm-none-eabi/10.2.1/../../../../arm-none-eabi/lib/thumb/v6-m/nofp/crt0.o

.flash_begin    0x10000000        0x0
                0x10000000                __flash_binary_start = .

.boot2          0x10000000      0x100
                0x10000000                __boot2_start__ = .
 *(.boot2)
 .boot2         0x10000000      0x100 C:\Users\ASWIN\AppData\Local\Temp\ccGZq74X.o
                0x10000100                __boot2_end__ = .
                0x00000001                ASSERT (((__boot2_end__ - __boot2_start__) == 0x100), ERROR: Pico second stage bootloader must be 256 bytes in size)

.text           0x10000100     0x6c90
                0x10000100                __logical_binary_start = .
 *(.vectors)
 .vectors       0x10000100       0xd4 CMakeFiles/pico_multicore_temp.dir/D_/My_Wisdom/Works/Github/Raspberry_Pi_Pico/pico-sdk/src/rp2_common/pico_standard_link/crt0.S.obj
                0x10000100                __vectors
                0x100001c0                isr_invalid
                0x100001c2                isr_nmi
                0x100001c4                isr_hardfault
                0x100001c6                isr_svcall
                0x100001c8                isr_pendsv
                0x100001ca                isr_systick
                0x100001cc                isr_irq11
                0x100001cc                isr_irq5
                0x100001cc                isr_irq23
                0x100001cc                isr_irq18
                0x100001cc                isr_irq31
                0x100001cc                isr_irq28
                0x100001cc                isr_irq19
                0x100001cc                isr_irq0
                0x100001cc                isr_irq6
                0x100001cc                isr_irq27
                0x100001cc                isr_irq12
                0x100001cc                isr_irq22
                0x100001cc                isr_irq13
                0x100001cc                isr_irq17
                0x100001cc                isr_irq14
                0x100001cc                isr_irq2
                0x100001cc                isr_irq10
                0x100001cc                isr_irq8
                0x100001cc                isr_irq24
                0x100001cc                isr_irq1
                0x100001cc                isr_irq7
                0x100001cc                isr_irq21
                0x100001cc                isr_irq20
                0x100001cc                isr_irq15
                0x100001cc                isr_irq25
                0x100001cc                __unhandled_user_irq
                0x100001cc                isr_irq4
                0x100001cc                isr_irq16
                0x100001cc                isr_irq29
                0x100001cc                isr_irq26
                0x100001cc                isr_irq3
                0x100001cc                isr_irq30
                0x100001cc                isr_irq9
                0x100001d2                unhandled_user_irq_num_in_r0
 *(.binary_info_header)
 .binary_info_header
                0x100001d4       0x14 CMakeFiles/pico_multicore_temp.dir/D_/My_Wisdom/Works/Github/Raspberry_Pi_Pico/pico-sdk/src/rp2_common/pico_standard_link/crt0.S.obj
                0x100001e8                __binary_info_header_end = .
 *(.reset)
 .reset         0x100001e8       0xa8 CMakeFiles/pico_multicore_temp.dir/D_/My_Wisdom/Works/Github/Raspberry_Pi_Pico/pico-sdk/src/rp2_common/pico_standard_link/crt0.S.obj
                0x100001e8                _entry_point
                0x10000266                __get_current_exception
 .reset         0x10000290       0x30 CMakeFiles/pico_multicore_temp.dir/D_/My_Wisdom/Works/Github/Raspberry_Pi_Pico/pico-sdk/src/rp2_common/pico_standard_link/binary_info.c.obj
 *(.init)
 .init          0x100002c0        0x4 c:/progra~2/gnuarm~1/102020~1/bin/../lib/gcc/arm-none-eabi/10.2.1/thumb/v6-m/nofp/crti.o
                0x100002c0                _init
 *(EXCLUDE_FILE(*libm.a: *libc.a:*lib_a-mem*.o *libgcc.a:) .text*)
 .text          0x100002c4       0x48 c:/progra~2/gnuarm~1/102020~1/bin/../lib/gcc/arm-none-eabi/10.2.1/thumb/v6-m/nofp/crtbegin.o
 .text.core1_func
                0x1000030c      0x10c CMakeFiles/pico_multicore_temp.dir/multicore_temp.c.obj
                0x1000030c                core1_func
 .text.main     0x10000418       0x5c CMakeFiles/pico_multicore_temp.dir/multicore_temp.c.obj
                0x10000418                main
 .text.gpio_set_function
                0x10000474       0x30 CMakeFiles/pico_multicore_temp.dir/D_/My_Wisdom/Works/Github/Raspberry_Pi_Pico/pico-sdk/src/rp2_common/hardware_gpio/gpio.c.obj
                0x10000474                gpio_set_function
 .text.gpio_init
                0x100004a4       0x16 CMakeFiles/pico_multicore_temp.dir/D_/My_Wisdom/Works/Github/Raspberry_Pi_Pico/pico-sdk/src/rp2_common/hardware_gpio/gpio.c.obj
                0x100004a4                gpio_init
 *fill*         0x100004ba        0x2 
 .text.hw_claim_lock
                0x100004bc       0x18 CMakeFiles/pico_multicore_temp.dir/D_/My_Wisdom/Works/Github/Raspberry_Pi_Pico/pico-sdk/src/rp2_common/hardware_claim/claim.c.obj
                0x100004bc                hw_claim_lock
 .text.hw_claim_unlock
                0x100004d4       0x14 CMakeFiles/pico_multicore_temp.dir/D_/My_Wisdom/Works/Github/Raspberry_Pi_Pico/pico-sdk/src/rp2_common/hardware_claim/claim.c.obj
                0x100004d4                hw_claim_unlock
 .text.hw_claim_or_assert
                0x100004e8       0x36 CMakeFiles/pico_multicore_temp.dir/D_/My_Wisdom/Works/Github/Raspberry_Pi_Pico/pico-sdk/src/rp2_common/hardware_claim/claim.c.obj
                0x100004e8                hw_claim_or_assert
 .text.hw_claim_unused_from_range
                0x1000051e       0x58 CMakeFiles/pico_multicore_temp.dir/D_/My_Wisdom/Works/Github/Raspberry_Pi_Pico/pico-sdk/src/rp2_common/hardware_claim/claim.c.obj
                0x1000051e                hw_claim_unused_from_range
 *fill*         0x10000576        0x2 
 .text.spin_locks_reset
                0x10000578       0x20 CMakeFiles/pico_multicore_temp.dir/D_/My_Wisdom/Works/Github/Raspberry_Pi_Pico/pico-sdk/src/rp2_common/hardware_sync/sync.c.obj
                0x10000578                spin_locks_reset
 .text.next_striped_spin_lock_num
                0x10000598       0x1c CMakeFiles/pico_multicore_temp.dir/D_/My_Wisdom/Works/Github/Raspberry_Pi_Pico/pico-sdk/src/rp2_common/hardware_sync/sync.c.obj
                0x10000598                next_striped_spin_lock_num
 .text.spin_lock_claim_unused
                0x100005b4       0x20 CMakeFiles/pico_multicore_temp.dir/D_/My_Wisdom/Works/Github/Raspberry_Pi_Pico/pico-sdk/src/rp2_common/hardware_sync/sync.c.obj
                0x100005b4                spin_lock_claim_unused
 .text.running_on_fpga
                0x100005d4       0x14 CMakeFiles/pico_multicore_temp.dir/D_/My_Wisdom/Works/Github/Raspberry_Pi_Pico/pico-sdk/src/rp2_common/pico_platform/platform.c.obj
                0x100005d4                running_on_fpga
 .text.sev_callback
                0x100005e8        0x8 CMakeFiles/pico_multicore_temp.dir/D_/My_Wisdom/Works/Github/Raspberry_Pi_Pico/pico-sdk/src/common/pico_time/time.c.obj
 .text.alarm_pool_post_alloc_init
                0x100005f0       0x40 CMakeFiles/pico_multicore_temp.dir/D_/My_Wisdom/Works/Github/Raspberry_Pi_Pico/pico-sdk/src/common/pico_time/time.c.obj
 .text.timer_pool_entry_comparator
                0x10000630       0x78 CMakeFiles/pico_multicore_temp.dir/D_/My_Wisdom/Works/Github/Raspberry_Pi_Pico/pico-sdk/src/common/pico_time/time.c.obj
                0x10000630                timer_pool_entry_comparator
 .text.ph_add_child_node
                0x100006a8       0xa4 CMakeFiles/pico_multicore_temp.dir/D_/My_Wisdom/Works/Github/Raspberry_Pi_Pico/pico-sdk/src/common/pico_time/time.c.obj
 .text.ph_merge_nodes
                0x1000074c       0x3e CMakeFiles/pico_multicore_temp.dir/D_/My_Wisdom/Works/Github/Raspberry_Pi_Pico/pico-sdk/src/common/pico_time/time.c.obj
 *fill*         0x1000078a        0x2 
 .text.add_alarm_under_lock
                0x1000078c      0x174 CMakeFiles/pico_multicore_temp.dir/D_/My_Wisdom/Works/Github/Raspberry_Pi_Pico/pico-sdk/src/common/pico_time/time.c.obj
 .text.alarm_pool_alarm_callback
                0x10000900      0x308 CMakeFiles/pico_multicore_temp.dir/D_/My_Wisdom/Works/Github/Raspberry_Pi_Pico/pico-sdk/src/common/pico_time/time.c.obj
 .text.alarm_pool_init_default
                0x10000c08       0x2c CMakeFiles/pico_multicore_temp.dir/D_/My_Wisdom/Works/Github/Raspberry_Pi_Pico/pico-sdk/src/common/pico_time/time.c.obj
                0x10000c08                alarm_pool_init_default
 .text.alarm_pool_get_default
                0x10000c34       0x2c CMakeFiles/pico_multicore_temp.dir/D_/My_Wisdom/Works/Github/Raspberry_Pi_Pico/pico-sdk/src/common/pico_time/time.c.obj
                0x10000c34                alarm_pool_get_default
 .text.alarm_pool_add_alarm_at
                0x10000c60      0x140 CMakeFiles/pico_multicore_temp.dir/D_/My_Wisdom/Works/Github/Raspberry_Pi_Pico/pico-sdk/src/common/pico_time/time.c.obj
                0x10000c60                alarm_pool_add_alarm_at
 .text.alarm_pool_cancel_alarm
                0x10000da0       0xec CMakeFiles/pico_multicore_temp.dir/D_/My_Wisdom/Works/Github/Raspberry_Pi_Pico/pico-sdk/src/common/pico_time/time.c.obj
                0x10000da0                alarm_pool_cancel_alarm
 .text.sleep_until
                0x10000e8c       0xa0 CMakeFiles/pico_multicore_temp.dir/D_/My_Wisdom/Works/Github/Raspberry_Pi_Pico/pico-sdk/src/common/pico_time/time.c.obj
                0x10000e8c                sleep_until
 .text.sleep_us
                0x10000f2c       0x2e CMakeFiles/pico_multicore_temp.dir/D_/My_Wisdom/Works/Github/Raspberry_Pi_Pico/pico-sdk/src/common/pico_time/time.c.obj
                0x10000f2c                sleep_us
 .text.sleep_ms
                0x10000f5a       0x14 CMakeFiles/pico_multicore_temp.dir/D_/My_Wisdom/Works/Github/Raspberry_Pi_Pico/pico-sdk/src/common/pico_time/time.c.obj
                0x10000f5a                sleep_ms
 *fill*         0x10000f6e        0x2 
 .text.best_effort_wfe_or_timeout
                0x10000f70       0x80 CMakeFiles/pico_multicore_temp.dir/D_/My_Wisdom/Works/Github/Raspberry_Pi_Pico/pico-sdk/src/common/pico_time/time.c.obj
                0x10000f70                best_effort_wfe_or_timeout
 .text.hardware_alarm_irq_handler
                0x10000ff0       0x8c CMakeFiles/pico_multicore_temp.dir/D_/My_Wisdom/Works/Github/Raspberry_Pi_Pico/pico-sdk/src/rp2_common/hardware_timer/timer.c.obj
 .text.hardware_alarm_claim
                0x1000107c       0x18 CMakeFiles/pico_multicore_temp.dir/D_/My_Wisdom/Works/Github/Raspberry_Pi_Pico/pico-sdk/src/rp2_common/hardware_timer/timer.c.obj
                0x1000107c                hardware_alarm_claim
 .text.time_us_64
                0x10001094       0x18 CMakeFiles/pico_multicore_temp.dir/D_/My_Wisdom/Works/Github/Raspberry_Pi_Pico/pico-sdk/src/rp2_common/hardware_timer/timer.c.obj
                0x10001094                time_us_64
 .text.busy_wait_until
                0x100010ac       0x28 CMakeFiles/pico_multicore_temp.dir/D_/My_Wisdom/Works/Github/Raspberry_Pi_Pico/pico-sdk/src/rp2_common/hardware_timer/timer.c.obj
                0x100010ac                busy_wait_until
 .text.hardware_alarm_set_callback
                0x100010d4       0x90 CMakeFiles/pico_multicore_temp.dir/D_/My_Wisdom/Works/Github/Raspberry_Pi_Pico/pico-sdk/src/rp2_common/hardware_timer/timer.c.obj
                0x100010d4                hardware_alarm_set_callback
 .text.hardware_alarm_set_target
                0x10001164       0xc8 CMakeFiles/pico_multicore_temp.dir/D_/My_Wisdom/Works/Github/Raspberry_Pi_Pico/pico-sdk/src/rp2_common/hardware_timer/timer.c.obj
                0x10001164                hardware_alarm_set_target
 .text.hardware_alarm_cancel
                0x1000122c       0x40 CMakeFiles/pico_multicore_temp.dir/D_/My_Wisdom/Works/Github/Raspberry_Pi_Pico/pico-sdk/src/rp2_common/hardware_timer/timer.c.obj
                0x1000122c                hardware_alarm_cancel
 .text.lock_init
                0x1000126c       0x10 CMakeFiles/pico_multicore_temp.dir/D_/My_Wisdom/Works/Github/Raspberry_Pi_Pico/pico-sdk/src/common/pico_sync/lock_core.c.obj
                0x1000126c                lock_init
 .text.mutex_init
                0x1000127c       0x1a CMakeFiles/pico_multicore_temp.dir/D_/My_Wisdom/Works/Github/Raspberry_Pi_Pico/pico-sdk/src/common/pico_sync/mutex.c.obj
                0x1000127c                mutex_init
 .text.critical_section_init_with_lock_num
                0x10001296        0xc CMakeFiles/pico_multicore_temp.dir/D_/My_Wisdom/Works/Github/Raspberry_Pi_Pico/pico-sdk/src/common/pico_sync/critical_section.c.obj
                0x10001296                critical_section_init_with_lock_num
 .text.critical_section_init
                0x100012a2       0x14 CMakeFiles/pico_multicore_temp.dir/D_/My_Wisdom/Works/Github/Raspberry_Pi_Pico/pico-sdk/src/common/pico_sync/critical_section.c.obj
                0x100012a2                critical_section_init
 *fill*         0x100012b6        0x2 
 .text.ph_add_child_node
                0x100012b8       0xa4 CMakeFiles/pico_multicore_temp.dir/D_/My_Wisdom/Works/Github/Raspberry_Pi_Pico/pico-sdk/src/common/pico_util/pheap.c.obj
 .text.ph_merge_nodes
                0x1000135c       0x3e CMakeFiles/pico_multicore_temp.dir/D_/My_Wisdom/Works/Github/Raspberry_Pi_Pico/pico-sdk/src/common/pico_util/pheap.c.obj
 *fill*         0x1000139a        0x2 
 .text.ph_clear
                0x1000139c       0x70 CMakeFiles/pico_multicore_temp.dir/D_/My_Wisdom/Works/Github/Raspberry_Pi_Pico/pico-sdk/src/common/pico_util/pheap.c.obj
                0x1000139c                ph_clear
 .text.ph_post_alloc_init
                0x1000140c        0xe CMakeFiles/pico_multicore_temp.dir/D_/My_Wisdom/Works/Github/Raspberry_Pi_Pico/pico-sdk/src/common/pico_util/pheap.c.obj
                0x1000140c                ph_post_alloc_init
 *fill*         0x1000141a        0x2 
 .text.ph_merge_two_pass
                0x1000141c       0xa8 CMakeFiles/pico_multicore_temp.dir/D_/My_Wisdom/Works/Github/Raspberry_Pi_Pico/pico-sdk/src/common/pico_util/pheap.c.obj
                0x1000141c                ph_merge_two_pass
 .text.ph_remove_any_head
                0x100014c4      0x108 CMakeFiles/pico_multicore_temp.dir/D_/My_Wisdom/Works/Github/Raspberry_Pi_Pico/pico-sdk/src/common/pico_util/pheap.c.obj
 .text.ph_remove_head
                0x100015cc       0x14 CMakeFiles/pico_multicore_temp.dir/D_/My_Wisdom/Works/Github/Raspberry_Pi_Pico/pico-sdk/src/common/pico_util/pheap.c.obj
                0x100015cc                ph_remove_head
 .text.ph_remove_and_free_node
                0x100015e0       0xf8 CMakeFiles/pico_multicore_temp.dir/D_/My_Wisdom/Works/Github/Raspberry_Pi_Pico/pico-sdk/src/common/pico_util/pheap.c.obj
                0x100015e0                ph_remove_and_free_node
 .text.runtime_init
                0x100016d8       0xcc CMakeFiles/pico_multicore_temp.dir/D_/My_Wisdom/Works/Github/Raspberry_Pi_Pico/pico-sdk/src/rp2_common/pico_runtime/runtime.c.obj
                0x100016d8                runtime_init
 .text._exit    0x100017a4        0x4 CMakeFiles/pico_multicore_temp.dir/D_/My_Wisdom/Works/Github/Raspberry_Pi_Pico/pico-sdk/src/rp2_common/pico_runtime/runtime.c.obj
                0x100017a4                _exit
 .text.exit     0x100017a8        0x6 CMakeFiles/pico_multicore_temp.dir/D_/My_Wisdom/Works/Github/Raspberry_Pi_Pico/pico-sdk/src/rp2_common/pico_runtime/runtime.c.obj
                0x100017a8                exit
 *fill*         0x100017ae        0x2 
 .text.__assert_func
                0x100017b0       0x3c CMakeFiles/pico_multicore_temp.dir/D_/My_Wisdom/Works/Github/Raspberry_Pi_Pico/pico-sdk/src/rp2_common/pico_runtime/runtime.c.obj
                0x100017b0                __assert_func
 .text.panic    0x100017ec       0x30 CMakeFiles/pico_multicore_temp.dir/D_/My_Wisdom/Works/Github/Raspberry_Pi_Pico/pico-sdk/src/rp2_common/pico_runtime/runtime.c.obj
                0x100017ec                panic
 .text.clock_configure
                0x1000181c       0xe8 CMakeFiles/pico_multicore_temp.dir/D_/My_Wisdom/Works/Github/Raspberry_Pi_Pico/pico-sdk/src/rp2_common/hardware_clocks/clocks.c.obj
                0x1000181c                clock_configure
 .text.clocks_init
                0x10001904      0x124 CMakeFiles/pico_multicore_temp.dir/D_/My_Wisdom/Works/Github/Raspberry_Pi_Pico/pico-sdk/src/rp2_common/hardware_clocks/clocks.c.obj
                0x10001904                clocks_init
 .text.watchdog_start_tick
                0x10001a28       0x10 CMakeFiles/pico_multicore_temp.dir/D_/My_Wisdom/Works/Github/Raspberry_Pi_Pico/pico-sdk/src/rp2_common/hardware_watchdog/watchdog.c.obj
                0x10001a28                watchdog_start_tick
 .text.watchdog_update
                0x10001a38       0x14 CMakeFiles/pico_multicore_temp.dir/D_/My_Wisdom/Works/Github/Raspberry_Pi_Pico/pico-sdk/src/rp2_common/hardware_watchdog/watchdog.c.obj
                0x10001a38                watchdog_update
 .text._watchdog_enable
                0x10001a4c       0x70 CMakeFiles/pico_multicore_temp.dir/D_/My_Wisdom/Works/Github/Raspberry_Pi_Pico/pico-sdk/src/rp2_common/hardware_watchdog/watchdog.c.obj
                0x10001a4c                _watchdog_enable
 .text.watchdog_reboot
                0x10001abc       0x48 CMakeFiles/pico_multicore_temp.dir/D_/My_Wisdom/Works/Github/Raspberry_Pi_Pico/pico-sdk/src/rp2_common/hardware_watchdog/watchdog.c.obj
                0x10001abc                watchdog_reboot
 .text.xosc_init
                0x10001b04       0x28 CMakeFiles/pico_multicore_temp.dir/D_/My_Wisdom/Works/Github/Raspberry_Pi_Pico/pico-sdk/src/rp2_common/hardware_xosc/xosc.c.obj
                0x10001b04                xosc_init
 .text.pll_init
                0x10001b2c       0xd0 CMakeFiles/pico_multicore_temp.dir/D_/My_Wisdom/Works/Github/Raspberry_Pi_Pico/pico-sdk/src/rp2_common/hardware_pll/pll.c.obj
                0x10001b2c                pll_init
 .text.set_raw_irq_handler_and_unlock
                0x10001bfc       0x28 CMakeFiles/pico_multicore_temp.dir/D_/My_Wisdom/Works/Github/Raspberry_Pi_Pico/pico-sdk/src/rp2_common/hardware_irq/irq.c.obj
 .text.make_branch
                0x10001c24       0x34 CMakeFiles/pico_multicore_temp.dir/D_/My_Wisdom/Works/Github/Raspberry_Pi_Pico/pico-sdk/src/rp2_common/hardware_irq/irq.c.obj
 .text.insert_branch_and_link
                0x10001c58       0x40 CMakeFiles/pico_multicore_temp.dir/D_/My_Wisdom/Works/Github/Raspberry_Pi_Pico/pico-sdk/src/rp2_common/hardware_irq/irq.c.obj
 .text.irq_is_enabled
                0x10001c98       0x18 CMakeFiles/pico_multicore_temp.dir/D_/My_Wisdom/Works/Github/Raspberry_Pi_Pico/pico-sdk/src/rp2_common/hardware_irq/irq.c.obj
                0x10001c98                irq_is_enabled
 .text.irq_set_mask_enabled
                0x10001cb0       0x20 CMakeFiles/pico_multicore_temp.dir/D_/My_Wisdom/Works/Github/Raspberry_Pi_Pico/pico-sdk/src/rp2_common/hardware_irq/irq.c.obj
                0x10001cb0                irq_set_mask_enabled
 .text.irq_set_enabled
                0x10001cd0        0xe CMakeFiles/pico_multicore_temp.dir/D_/My_Wisdom/Works/Github/Raspberry_Pi_Pico/pico-sdk/src/rp2_common/hardware_irq/irq.c.obj
                0x10001cd0                irq_set_enabled
 *fill*         0x10001cde        0x2 
 .text.irq_set_pending
                0x10001ce0       0x10 CMakeFiles/pico_multicore_temp.dir/D_/My_Wisdom/Works/Github/Raspberry_Pi_Pico/pico-sdk/src/rp2_common/hardware_irq/irq.c.obj
                0x10001ce0                irq_set_pending
 .text.irq_get_vtable_handler
                0x10001cf0       0x10 CMakeFiles/pico_multicore_temp.dir/D_/My_Wisdom/Works/Github/Raspberry_Pi_Pico/pico-sdk/src/rp2_common/hardware_irq/irq.c.obj
                0x10001cf0                irq_get_vtable_handler
 .text.irq_set_exclusive_handler
                0x10001d00       0x54 CMakeFiles/pico_multicore_temp.dir/D_/My_Wisdom/Works/Github/Raspberry_Pi_Pico/pico-sdk/src/rp2_common/hardware_irq/irq.c.obj
                0x10001d00                irq_set_exclusive_handler
 .text.irq_remove_handler
                0x10001d54      0x1ac CMakeFiles/pico_multicore_temp.dir/D_/My_Wisdom/Works/Github/Raspberry_Pi_Pico/pico-sdk/src/rp2_common/hardware_irq/irq.c.obj
                0x10001d54                irq_remove_handler
 .text.irq_set_priority
                0x10001f00       0x28 CMakeFiles/pico_multicore_temp.dir/D_/My_Wisdom/Works/Github/Raspberry_Pi_Pico/pico-sdk/src/rp2_common/hardware_irq/irq.c.obj
                0x10001f00                irq_set_priority
 .text.irq_add_tail_to_free_list
                0x10001f28       0xf0 CMakeFiles/pico_multicore_temp.dir/D_/My_Wisdom/Works/Github/Raspberry_Pi_Pico/pico-sdk/src/rp2_common/hardware_irq/irq.c.obj
                0x10001f28                irq_add_tail_to_free_list
 .text.irq_init_priorities
                0x10002018       0x16 CMakeFiles/pico_multicore_temp.dir/D_/My_Wisdom/Works/Github/Raspberry_Pi_Pico/pico-sdk/src/rp2_common/hardware_irq/irq.c.obj
                0x10002018                irq_init_priorities
 .text._out_null
                0x1000202e        0x2 CMakeFiles/pico_multicore_temp.dir/D_/My_Wisdom/Works/Github/Raspberry_Pi_Pico/pico-sdk/src/rp2_common/pico_printf/printf.c.obj
 .text._out_fct
                0x10002030        0xe CMakeFiles/pico_multicore_temp.dir/D_/My_Wisdom/Works/Github/Raspberry_Pi_Pico/pico-sdk/src/rp2_common/pico_printf/printf.c.obj
 .text._atoi    0x1000203e       0x24 CMakeFiles/pico_multicore_temp.dir/D_/My_Wisdom/Works/Github/Raspberry_Pi_Pico/pico-sdk/src/rp2_common/pico_printf/printf.c.obj
 .text._out_rev
                0x10002062       0xae CMakeFiles/pico_multicore_temp.dir/D_/My_Wisdom/Works/Github/Raspberry_Pi_Pico/pico-sdk/src/rp2_common/pico_printf/printf.c.obj
 .text._ntoa_format
                0x10002110      0x112 CMakeFiles/pico_multicore_temp.dir/D_/My_Wisdom/Works/Github/Raspberry_Pi_Pico/pico-sdk/src/rp2_common/pico_printf/printf.c.obj
 .text._ntoa_long
                0x10002222       0xbc CMakeFiles/pico_multicore_temp.dir/D_/My_Wisdom/Works/Github/Raspberry_Pi_Pico/pico-sdk/src/rp2_common/pico_printf/printf.c.obj
 .text._ntoa_long_long
                0x100022de       0xe2 CMakeFiles/pico_multicore_temp.dir/D_/My_Wisdom/Works/Github/Raspberry_Pi_Pico/pico-sdk/src/rp2_common/pico_printf/printf.c.obj
 .text._etoa    0x100023c0      0x414 CMakeFiles/pico_multicore_temp.dir/D_/My_Wisdom/Works/Github/Raspberry_Pi_Pico/pico-sdk/src/rp2_common/pico_printf/printf.c.obj
 .text._ftoa    0x100027d4      0x354 CMakeFiles/pico_multicore_temp.dir/D_/My_Wisdom/Works/Github/Raspberry_Pi_Pico/pico-sdk/src/rp2_common/pico_printf/printf.c.obj
 .text._vsnprintf
                0x10002b28      0x624 CMakeFiles/pico_multicore_temp.dir/D_/My_Wisdom/Works/Github/Raspberry_Pi_Pico/pico-sdk/src/rp2_common/pico_printf/printf.c.obj
 .text.vfctprintf
                0x1000314c       0x20 CMakeFiles/pico_multicore_temp.dir/D_/My_Wisdom/Works/Github/Raspberry_Pi_Pico/pico-sdk/src/rp2_common/pico_printf/printf.c.obj
                0x1000314c                vfctprintf
 .text          0x1000316c       0x10 CMakeFiles/pico_multicore_temp.dir/D_/My_Wisdom/Works/Github/Raspberry_Pi_Pico/pico-sdk/src/rp2_common/pico_bit_ops/bit_ops_aeabi.S.obj
 .text.rom_func_lookup
                0x1000317c       0x10 CMakeFiles/pico_multicore_temp.dir/D_/My_Wisdom/Works/Github/Raspberry_Pi_Pico/pico-sdk/src/rp2_common/pico_bootrom/bootrom.c.obj
                0x1000317c                rom_func_lookup
 .text.rom_data_lookup
                0x1000318c       0x10 CMakeFiles/pico_multicore_temp.dir/D_/My_Wisdom/Works/Github/Raspberry_Pi_Pico/pico-sdk/src/rp2_common/pico_bootrom/bootrom.c.obj
                0x1000318c                rom_data_lookup
 .text.rom_funcs_lookup
                0x1000319c       0x36 CMakeFiles/pico_multicore_temp.dir/D_/My_Wisdom/Works/Github/Raspberry_Pi_Pico/pico-sdk/src/rp2_common/pico_bootrom/bootrom.c.obj
                0x1000319c                rom_funcs_lookup
 *fill*         0x100031d2        0x2 
 .text.__wrap___aeabi_idiv
                0x100031d4       0x58 CMakeFiles/pico_multicore_temp.dir/D_/My_Wisdom/Works/Github/Raspberry_Pi_Pico/pico-sdk/src/rp2_common/pico_divider/divider.S.obj
                0x100031d4                __wrap___aeabi_idivmod
                0x100031d4                divmod_s32s32
                0x100031d4                div_s32s32
                0x100031d4                __wrap___aeabi_idiv
                0x100031dc                divmod_s32s32_unsafe
                0x10003208                divmod_s32s32_savestate
 .text.__wrap___aeabi_uidiv
                0x1000322c       0x54 CMakeFiles/pico_multicore_temp.dir/D_/My_Wisdom/Works/Github/Raspberry_Pi_Pico/pico-sdk/src/rp2_common/pico_divider/divider.S.obj
                0x1000322c                __wrap___aeabi_uidiv
                0x1000322c                __wrap___aeabi_uidivmod
                0x1000322c                div_u32u32
                0x1000322c                divmod_u32u32
                0x10003234                divmod_u32u32_unsafe
                0x1000325c                divmod_u32u32_savestate
 .text.__wrap___aeabi_ldiv
                0x10003280      0x430 CMakeFiles/pico_multicore_temp.dir/D_/My_Wisdom/Works/Github/Raspberry_Pi_Pico/pico-sdk/src/rp2_common/pico_divider/divider.S.obj
                0x10003280                div_s64s64
                0x10003280                divmod_s64s64
                0x10003280                __wrap___aeabi_ldivmod
                0x100032b8                divmod_u64u64
                0x100032b8                div_u64u64
                0x100032b8                __wrap___aeabi_uldivmod
                0x100032c8                divmod_u64u64_savestate
                0x100032f0                divmod_s64s64_unsafe
                0x10003378                divmod_u64u64_unsafe
 .text.__wrap___aeabi_darithmetic
                0x100036b0       0x54 CMakeFiles/pico_multicore_temp.dir/D_/My_Wisdom/Works/Github/Raspberry_Pi_Pico/pico-sdk/src/rp2_common/pico_double/double_aeabi.S.obj
                0x100036b0                __wrap___aeabi_drsub
                0x100036b6                __wrap___aeabi_dsub
                0x100036c8                __wrap___aeabi_dadd
                0x100036da                __wrap___aeabi_ddiv
                0x100036ec                __wrap___aeabi_dmul
 .text.__wrap___aeabi_cdcmple
                0x10003704       0x6c CMakeFiles/pico_multicore_temp.dir/D_/My_Wisdom/Works/Github/Raspberry_Pi_Pico/pico-sdk/src/rp2_common/pico_double/double_aeabi.S.obj
                0x10003704                __wrap___aeabi_cdrcmple
                0x10003714                __wrap___aeabi_cdcmpeq
                0x10003714                __wrap___aeabi_cdcmple
 .text.__wrap___aeabi_dcmplt
                0x10003770        0xc CMakeFiles/pico_multicore_temp.dir/D_/My_Wisdom/Works/Github/Raspberry_Pi_Pico/pico-sdk/src/rp2_common/pico_double/double_aeabi.S.obj
                0x10003770                __wrap___aeabi_dcmplt
 .text.__wrap___aeabi_dcmple
                0x1000377c       0x10 CMakeFiles/pico_multicore_temp.dir/D_/My_Wisdom/Works/Github/Raspberry_Pi_Pico/pico-sdk/src/rp2_common/pico_double/double_aeabi.S.obj
                0x1000377c                __wrap___aeabi_dcmple
 .text.__wrap___aeabi_dcmpge
                0x1000378c       0x10 CMakeFiles/pico_multicore_temp.dir/D_/My_Wisdom/Works/Github/Raspberry_Pi_Pico/pico-sdk/src/rp2_common/pico_double/double_aeabi.S.obj
                0x1000378c                __wrap___aeabi_dcmpge
 .text.__wrap___aeabi_dcmpgt
                0x1000379c        0xa CMakeFiles/pico_multicore_temp.dir/D_/My_Wisdom/Works/Github/Raspberry_Pi_Pico/pico-sdk/src/rp2_common/pico_double/double_aeabi.S.obj
                0x1000379c                __wrap___aeabi_dcmpgt
 .text.__wrap___aeabi_dcmpun
                0x100037a6       0x1c CMakeFiles/pico_multicore_temp.dir/D_/My_Wisdom/Works/Github/Raspberry_Pi_Pico/pico-sdk/src/rp2_common/pico_double/double_aeabi.S.obj
                0x100037a6                __wrap___aeabi_dcmpun
 *fill*         0x100037c2        0x2 
 .text.__wrap___aeabi_i2d
                0x100037c4       0x38 CMakeFiles/pico_multicore_temp.dir/D_/My_Wisdom/Works/Github/Raspberry_Pi_Pico/pico-sdk/src/rp2_common/pico_double/double_aeabi.S.obj
                0x100037c4                __wrap___aeabi_ui2d
                0x100037cc                __wrap___aeabi_i2d
 .text.__wrap___aeabi_d2iz
                0x100037fc       0x48 CMakeFiles/pico_multicore_temp.dir/D_/My_Wisdom/Works/Github/Raspberry_Pi_Pico/pico-sdk/src/rp2_common/pico_double/double_aeabi.S.obj
                0x100037fc                double2int_z
                0x100037fc                __wrap___aeabi_d2iz
 .text.__wrap___aeabi_d2uiz
                0x10003844       0x18 CMakeFiles/pico_multicore_temp.dir/D_/My_Wisdom/Works/Github/Raspberry_Pi_Pico/pico-sdk/src/rp2_common/pico_double/double_aeabi.S.obj
                0x10003844                __wrap___aeabi_d2uiz
                0x10003844                double2uint
 .text.__wrap___aeabi_d2f
                0x1000385c       0x18 CMakeFiles/pico_multicore_temp.dir/D_/My_Wisdom/Works/Github/Raspberry_Pi_Pico/pico-sdk/src/rp2_common/pico_double/double_aeabi.S.obj
                0x1000385c                __wrap___aeabi_d2f
 .text.__aeabi_double_init
                0x10003874       0xb8 CMakeFiles/pico_multicore_temp.dir/D_/My_Wisdom/Works/Github/Raspberry_Pi_Pico/pico-sdk/src/rp2_common/pico_double/double_init_rom.c.obj
                0x10003874                __aeabi_double_init
 .text.double_table_shim_on_use_helper
                0x1000392c       0x34 CMakeFiles/pico_multicore_temp.dir/D_/My_Wisdom/Works/Github/Raspberry_Pi_Pico/pico-sdk/src/rp2_common/pico_double/double_v1_rom_shim.S.obj
                0x1000392c                double_table_shim_on_use_helper
 .text.__wrap___aeabi_dsub
                0x10003960       0x10 CMakeFiles/pico_multicore_temp.dir/D_/My_Wisdom/Works/Github/Raspberry_Pi_Pico/pico-sdk/src/rp2_common/pico_double/double_v1_rom_shim.S.obj
                0x10003960                drsub_shim
                0x10003966                dsub_shim
 .text.dadd_shim
                0x10003970      0x15c CMakeFiles/pico_multicore_temp.dir/D_/My_Wisdom/Works/Github/Raspberry_Pi_Pico/pico-sdk/src/rp2_common/pico_double/double_v1_rom_shim.S.obj
                0x10003970                dadd_shim
 .text.dmul_shim
                0x10003acc      0x15c CMakeFiles/pico_multicore_temp.dir/D_/My_Wisdom/Works/Github/Raspberry_Pi_Pico/pico-sdk/src/rp2_common/pico_double/double_v1_rom_shim.S.obj
                0x10003acc                dmul_shim
 .text.ddiv_shim
                0x10003c28      0x1b0 CMakeFiles/pico_multicore_temp.dir/D_/My_Wisdom/Works/Github/Raspberry_Pi_Pico/pico-sdk/src/rp2_common/pico_double/double_v1_rom_shim.S.obj
                0x10003c28                ddiv_shim
 .text.dcordic_rot_step
                0x10003dd8       0x7c CMakeFiles/pico_multicore_temp.dir/D_/My_Wisdom/Works/Github/Raspberry_Pi_Pico/pico-sdk/src/rp2_common/pico_double/double_v1_rom_shim.S.obj
                0x10003dd8                dcordic_rot_step
 .text.double2uint_shim
                0x10003e54        0xe CMakeFiles/pico_multicore_temp.dir/D_/My_Wisdom/Works/Github/Raspberry_Pi_Pico/pico-sdk/src/rp2_common/pico_double/double_v1_rom_shim.S.obj
                0x10003e54                double2uint_shim
                0x10003e56                double2ufix_shim
 *fill*         0x10003e62        0x2 
 .text.double2uint64_shim
                0x10003e64       0x6c CMakeFiles/pico_multicore_temp.dir/D_/My_Wisdom/Works/Github/Raspberry_Pi_Pico/pico-sdk/src/rp2_common/pico_double/double_v1_rom_shim.S.obj
                0x10003e64                double2uint64_shim
                0x10003e66                double2ufix64_shim
                0x10003e80                d2fix_a
 .text.double2float_shim
                0x10003ed0       0x5c CMakeFiles/pico_multicore_temp.dir/D_/My_Wisdom/Works/Github/Raspberry_Pi_Pico/pico-sdk/src/rp2_common/pico_double/double_v1_rom_shim.S.obj
                0x10003ed0                double2float_shim
 .text.dunpacks
                0x10003f2c       0x3c CMakeFiles/pico_multicore_temp.dir/D_/My_Wisdom/Works/Github/Raspberry_Pi_Pico/pico-sdk/src/rp2_common/pico_double/double_v1_rom_shim.S.obj
                0x10003f2c                dunpacks
 .text.__aeabi_lmul
                0x10003f68       0x32 CMakeFiles/pico_multicore_temp.dir/D_/My_Wisdom/Works/Github/Raspberry_Pi_Pico/pico-sdk/src/rp2_common/pico_int64_ops/pico_int64_ops_aeabi.S.obj
                0x10003f68                __wrap___aeabi_lmul
 *fill*         0x10003f9a        0x2 
 .text.__wrap___aeabi_farithmetic
                0x10003f9c       0x34 CMakeFiles/pico_multicore_temp.dir/D_/My_Wisdom/Works/Github/Raspberry_Pi_Pico/pico-sdk/src/rp2_common/pico_float/float_aeabi.S.obj
                0x10003f9c                __wrap___aeabi_frsub
                0x10003fa2                __wrap___aeabi_fsub
                0x10003fac                __wrap___aeabi_fadd
                0x10003fb6                __wrap___aeabi_fdiv
                0x10003fc0                __wrap___aeabi_fmul
 .text.__wrap___aeabi_cfcmple
                0x10003fd0       0x50 CMakeFiles/pico_multicore_temp.dir/D_/My_Wisdom/Works/Github/Raspberry_Pi_Pico/pico-sdk/src/rp2_common/pico_float/float_aeabi.S.obj
                0x10003fd0                __wrap___aeabi_cfrcmple
                0x10003fdc                __wrap___aeabi_cfcmple
                0x10003fdc                __wrap___aeabi_cfcmpeq
 .text.__wrap___aeabi_fcmplt
                0x10004020        0xc CMakeFiles/pico_multicore_temp.dir/D_/My_Wisdom/Works/Github/Raspberry_Pi_Pico/pico-sdk/src/rp2_common/pico_float/float_aeabi.S.obj
                0x10004020                __wrap___aeabi_fcmplt
 .text.__wrap___aeabi_fcmpgt
                0x1000402c        0xa CMakeFiles/pico_multicore_temp.dir/D_/My_Wisdom/Works/Github/Raspberry_Pi_Pico/pico-sdk/src/rp2_common/pico_float/float_aeabi.S.obj
                0x1000402c                __wrap___aeabi_fcmpgt
 *fill*         0x10004036        0x2 
 .text.__wrap___aeabi_i2f
                0x10004038       0x44 CMakeFiles/pico_multicore_temp.dir/D_/My_Wisdom/Works/Github/Raspberry_Pi_Pico/pico-sdk/src/rp2_common/pico_float/float_aeabi.S.obj
                0x10004038                __wrap___aeabi_i2f
 .text.__wrap___aeabi_f2d
                0x1000407c       0x14 CMakeFiles/pico_multicore_temp.dir/D_/My_Wisdom/Works/Github/Raspberry_Pi_Pico/pico-sdk/src/rp2_common/pico_float/float_aeabi.S.obj
                0x1000407c                __wrap___aeabi_f2d
 .text.__aeabi_float_init
                0x10004090       0xfc CMakeFiles/pico_multicore_temp.dir/D_/My_Wisdom/Works/Github/Raspberry_Pi_Pico/pico-sdk/src/rp2_common/pico_float/float_init_rom.c.obj
                0x10004090                __aeabi_float_init
 .text.float_table_shim_on_use_helper
                0x1000418c       0x34 CMakeFiles/pico_multicore_temp.dir/D_/My_Wisdom/Works/Github/Raspberry_Pi_Pico/pico-sdk/src/rp2_common/pico_float/float_v1_rom_shim.S.obj
                0x1000418c                float_table_shim_on_use_helper
 .text.float2double_shim
                0x100041c0       0x30 CMakeFiles/pico_multicore_temp.dir/D_/My_Wisdom/Works/Github/Raspberry_Pi_Pico/pico-sdk/src/rp2_common/pico_float/float_v1_rom_shim.S.obj
                0x100041c0                float2double_shim
 .text          0x100041f0       0x10 CMakeFiles/pico_multicore_temp.dir/D_/My_Wisdom/Works/Github/Raspberry_Pi_Pico/pico-sdk/src/rp2_common/pico_mem_ops/mem_ops_aeabi.S.obj
                0x100041f0                __aeabi_mem_init
 .text.memset   0x10004200        0xc CMakeFiles/pico_multicore_temp.dir/D_/My_Wisdom/Works/Github/Raspberry_Pi_Pico/pico-sdk/src/rp2_common/pico_mem_ops/mem_ops_aeabi.S.obj
                0x10004200                __wrap_memset
 .text.memcpy   0x1000420c        0xc CMakeFiles/pico_multicore_temp.dir/D_/My_Wisdom/Works/Github/Raspberry_Pi_Pico/pico-sdk/src/rp2_common/pico_mem_ops/mem_ops_aeabi.S.obj
                0x1000420c                __wrap_memcpy
                0x1000420c                __wrap___aeabi_memcpy
 .text.stdio_out_chars_crlf
                0x10004218       0x80 CMakeFiles/pico_multicore_temp.dir/D_/My_Wisdom/Works/Github/Raspberry_Pi_Pico/pico-sdk/src/rp2_common/pico_stdio/stdio.c.obj
 .text.stdio_stack_buffer_flush
                0x10004298       0x44 CMakeFiles/pico_multicore_temp.dir/D_/My_Wisdom/Works/Github/Raspberry_Pi_Pico/pico-sdk/src/rp2_common/pico_stdio/stdio.c.obj
 .text.stdio_buffered_printer
                0x100042dc       0x20 CMakeFiles/pico_multicore_temp.dir/D_/My_Wisdom/Works/Github/Raspberry_Pi_Pico/pico-sdk/src/rp2_common/pico_stdio/stdio.c.obj
 .text.stdout_serialize_begin
                0x100042fc       0x2c CMakeFiles/pico_multicore_temp.dir/D_/My_Wisdom/Works/Github/Raspberry_Pi_Pico/pico-sdk/src/rp2_common/pico_stdio/stdio.c.obj
                0x100042fc                stdout_serialize_begin
 .text.stdout_serialize_end
                0x10004328       0x10 CMakeFiles/pico_multicore_temp.dir/D_/My_Wisdom/Works/Github/Raspberry_Pi_Pico/pico-sdk/src/rp2_common/pico_stdio/stdio.c.obj
                0x10004328                stdout_serialize_end
 .text.stdio_put_string
                0x10004338       0x84 CMakeFiles/pico_multicore_temp.dir/D_/My_Wisdom/Works/Github/Raspberry_Pi_Pico/pico-sdk/src/rp2_common/pico_stdio/stdio.c.obj
 .text.stdio_set_driver_enabled
                0x100043bc       0x38 CMakeFiles/pico_multicore_temp.dir/D_/My_Wisdom/Works/Github/Raspberry_Pi_Pico/pico-sdk/src/rp2_common/pico_stdio/stdio.c.obj
                0x100043bc                stdio_set_driver_enabled
 .text.stdio_flush
                0x100043f4       0x20 CMakeFiles/pico_multicore_temp.dir/D_/My_Wisdom/Works/Github/Raspberry_Pi_Pico/pico-sdk/src/rp2_common/pico_stdio/stdio.c.obj
                0x100043f4                stdio_flush
 .text.__wrap_puts
                0x10004414       0x1c CMakeFiles/pico_multicore_temp.dir/D_/My_Wisdom/Works/Github/Raspberry_Pi_Pico/pico-sdk/src/rp2_common/pico_stdio/stdio.c.obj
                0x10004414                __wrap_puts
 .text.__wrap_vprintf
                0x10004430       0x44 CMakeFiles/pico_multicore_temp.dir/D_/My_Wisdom/Works/Github/Raspberry_Pi_Pico/pico-sdk/src/rp2_common/pico_stdio/stdio.c.obj
                0x10004430                __wrap_vprintf
 .text.__wrap_printf
                0x10004474       0x18 CMakeFiles/pico_multicore_temp.dir/D_/My_Wisdom/Works/Github/Raspberry_Pi_Pico/pico-sdk/src/rp2_common/pico_stdio/stdio.c.obj
                0x10004474                __wrap_printf
 .text.stdio_init_all
                0x1000448c        0x8 CMakeFiles/pico_multicore_temp.dir/D_/My_Wisdom/Works/Github/Raspberry_Pi_Pico/pico-sdk/src/rp2_common/pico_stdio/stdio.c.obj
                0x1000448c                stdio_init_all
 .text.resetd_init
                0x10004494        0x2 CMakeFiles/pico_multicore_temp.dir/D_/My_Wisdom/Works/Github/Raspberry_Pi_Pico/pico-sdk/src/rp2_common/pico_stdio_usb/reset_interface.c.obj
 *fill*         0x10004496        0x2 
 .text.resetd_reset
                0x10004498        0xc CMakeFiles/pico_multicore_temp.dir/D_/My_Wisdom/Works/Github/Raspberry_Pi_Pico/pico-sdk/src/rp2_common/pico_stdio_usb/reset_interface.c.obj
 .text.resetd_open
                0x100044a4       0x34 CMakeFiles/pico_multicore_temp.dir/D_/My_Wisdom/Works/Github/Raspberry_Pi_Pico/pico-sdk/src/rp2_common/pico_stdio_usb/reset_interface.c.obj
 .text.resetd_control_complete_cb
                0x100044d8        0x4 CMakeFiles/pico_multicore_temp.dir/D_/My_Wisdom/Works/Github/Raspberry_Pi_Pico/pico-sdk/src/rp2_common/pico_stdio_usb/reset_interface.c.obj
 .text.resetd_xfer_cb
                0x100044dc        0x4 CMakeFiles/pico_multicore_temp.dir/D_/My_Wisdom/Works/Github/Raspberry_Pi_Pico/pico-sdk/src/rp2_common/pico_stdio_usb/reset_interface.c.obj
 .text.reset_usb_boot
                0x100044e0       0x18 CMakeFiles/pico_multicore_temp.dir/D_/My_Wisdom/Works/Github/Raspberry_Pi_Pico/pico-sdk/src/rp2_common/pico_stdio_usb/reset_interface.c.obj
 .text.resetd_control_request_cb
                0x100044f8       0x5c CMakeFiles/pico_multicore_temp.dir/D_/My_Wisdom/Works/Github/Raspberry_Pi_Pico/pico-sdk/src/rp2_common/pico_stdio_usb/reset_interface.c.obj
 .text.usbd_app_driver_get_cb
                0x10004554        0xc CMakeFiles/pico_multicore_temp.dir/D_/My_Wisdom/Works/Github/Raspberry_Pi_Pico/pico-sdk/src/rp2_common/pico_stdio_usb/reset_interface.c.obj
                0x10004554                usbd_app_driver_get_cb
 .text.tud_cdc_line_coding_cb
                0x10004560       0x28 CMakeFiles/pico_multicore_temp.dir/D_/My_Wisdom/Works/Github/Raspberry_Pi_Pico/pico-sdk/src/rp2_common/pico_stdio_usb/reset_interface.c.obj
                0x10004560                tud_cdc_line_coding_cb
 .text.stdio_usb_in_chars
                0x10004588       0x70 CMakeFiles/pico_multicore_temp.dir/D_/My_Wisdom/Works/Github/Raspberry_Pi_Pico/pico-sdk/src/rp2_common/pico_stdio_usb/stdio_usb.c.obj
                0x10004588                stdio_usb_in_chars
 .text.low_priority_worker_irq
                0x100045f8       0x20 CMakeFiles/pico_multicore_temp.dir/D_/My_Wisdom/Works/Github/Raspberry_Pi_Pico/pico-sdk/src/rp2_common/pico_stdio_usb/stdio_usb.c.obj
 .text.stdio_usb_out_chars
                0x10004618       0xd4 CMakeFiles/pico_multicore_temp.dir/D_/My_Wisdom/Works/Github/Raspberry_Pi_Pico/pico-sdk/src/rp2_common/pico_stdio_usb/stdio_usb.c.obj
 .text.timer_task
                0x100046ec       0x10 CMakeFiles/pico_multicore_temp.dir/D_/My_Wisdom/Works/Github/Raspberry_Pi_Pico/pico-sdk/src/rp2_common/pico_stdio_usb/stdio_usb.c.obj
 .text.stdio_usb_init
                0x100046fc       0x90 CMakeFiles/pico_multicore_temp.dir/D_/My_Wisdom/Works/Github/Raspberry_Pi_Pico/pico-sdk/src/rp2_common/pico_stdio_usb/stdio_usb.c.obj
                0x100046fc                stdio_usb_init
 .text.tud_descriptor_device_cb
                0x1000478c        0x8 CMakeFiles/pico_multicore_temp.dir/D_/My_Wisdom/Works/Github/Raspberry_Pi_Pico/pico-sdk/src/rp2_common/pico_stdio_usb/stdio_usb_descriptors.c.obj
                0x1000478c                tud_descriptor_device_cb
 .text.tud_descriptor_configuration_cb
                0x10004794        0x8 CMakeFiles/pico_multicore_temp.dir/D_/My_Wisdom/Works/Github/Raspberry_Pi_Pico/pico-sdk/src/rp2_common/pico_stdio_usb/stdio_usb_descriptors.c.obj
                0x10004794                tud_descriptor_configuration_cb
 .text.tud_descriptor_string_cb
                0x1000479c       0x50 CMakeFiles/pico_multicore_temp.dir/D_/My_Wisdom/Works/Github/Raspberry_Pi_Pico/pico-sdk/src/rp2_common/pico_stdio_usb/stdio_usb_descriptors.c.obj
                0x1000479c                tud_descriptor_string_cb
 .text.hw_endpoint_get_by_addr
                0x100047ec       0x1c CMakeFiles/pico_multicore_temp.dir/D_/My_Wisdom/Works/Github/Raspberry_Pi_Pico/pico-sdk/lib/tinyusb/src/portable/raspberrypi/rp2040/dcd_rp2040.c.obj
 .text.reset_ep0
                0x10004808       0x2c CMakeFiles/pico_multicore_temp.dir/D_/My_Wisdom/Works/Github/Raspberry_Pi_Pico/pico-sdk/lib/tinyusb/src/portable/raspberrypi/rp2040/dcd_rp2040.c.obj
 .text._hw_endpoint_alloc
                0x10004834       0x7c CMakeFiles/pico_multicore_temp.dir/D_/My_Wisdom/Works/Github/Raspberry_Pi_Pico/pico-sdk/lib/tinyusb/src/portable/raspberrypi/rp2040/dcd_rp2040.c.obj
 .text._hw_endpoint_init
                0x100048b0       0xbc CMakeFiles/pico_multicore_temp.dir/D_/My_Wisdom/Works/Github/Raspberry_Pi_Pico/pico-sdk/lib/tinyusb/src/portable/raspberrypi/rp2040/dcd_rp2040.c.obj
 .text.hw_endpoint_init
                0x1000496c       0x18 CMakeFiles/pico_multicore_temp.dir/D_/My_Wisdom/Works/Github/Raspberry_Pi_Pico/pico-sdk/lib/tinyusb/src/portable/raspberrypi/rp2040/dcd_rp2040.c.obj
 .text.hw_handle_buff_status
                0x10004984       0xb8 CMakeFiles/pico_multicore_temp.dir/D_/My_Wisdom/Works/Github/Raspberry_Pi_Pico/pico-sdk/lib/tinyusb/src/portable/raspberrypi/rp2040/dcd_rp2040.c.obj
 .text.dcd_rp2040_irq
                0x10004a3c       0x8c CMakeFiles/pico_multicore_temp.dir/D_/My_Wisdom/Works/Github/Raspberry_Pi_Pico/pico-sdk/lib/tinyusb/src/portable/raspberrypi/rp2040/dcd_rp2040.c.obj
 .text.hw_endpoint_xfer
                0x10004ac8       0x18 CMakeFiles/pico_multicore_temp.dir/D_/My_Wisdom/Works/Github/Raspberry_Pi_Pico/pico-sdk/lib/tinyusb/src/portable/raspberrypi/rp2040/dcd_rp2040.c.obj
 .text.ep0_0len_status
                0x10004ae0       0x14 CMakeFiles/pico_multicore_temp.dir/D_/My_Wisdom/Works/Github/Raspberry_Pi_Pico/pico-sdk/lib/tinyusb/src/portable/raspberrypi/rp2040/dcd_rp2040.c.obj
 .text._hw_endpoint_stall
                0x10004af4       0x54 CMakeFiles/pico_multicore_temp.dir/D_/My_Wisdom/Works/Github/Raspberry_Pi_Pico/pico-sdk/lib/tinyusb/src/portable/raspberrypi/rp2040/dcd_rp2040.c.obj
 .text.hw_endpoint_stall
                0x10004b48        0xc CMakeFiles/pico_multicore_temp.dir/D_/My_Wisdom/Works/Github/Raspberry_Pi_Pico/pico-sdk/lib/tinyusb/src/portable/raspberrypi/rp2040/dcd_rp2040.c.obj
 .text._hw_endpoint_clear_stall
                0x10004b54       0x34 CMakeFiles/pico_multicore_temp.dir/D_/My_Wisdom/Works/Github/Raspberry_Pi_Pico/pico-sdk/lib/tinyusb/src/portable/raspberrypi/rp2040/dcd_rp2040.c.obj
 .text.hw_endpoint_clear_stall
                0x10004b88        0xc CMakeFiles/pico_multicore_temp.dir/D_/My_Wisdom/Works/Github/Raspberry_Pi_Pico/pico-sdk/lib/tinyusb/src/portable/raspberrypi/rp2040/dcd_rp2040.c.obj
 .text.dcd_int_enable
                0x10004b94       0x2c CMakeFiles/pico_multicore_temp.dir/D_/My_Wisdom/Works/Github/Raspberry_Pi_Pico/pico-sdk/lib/tinyusb/src/portable/raspberrypi/rp2040/dcd_rp2040.c.obj
                0x10004b94                dcd_int_enable
 .text.dcd_set_address
                0x10004bc0       0x30 CMakeFiles/pico_multicore_temp.dir/D_/My_Wisdom/Works/Github/Raspberry_Pi_Pico/pico-sdk/lib/tinyusb/src/portable/raspberrypi/rp2040/dcd_rp2040.c.obj
                0x10004bc0                dcd_set_address
 .text.dcd_connect
                0x10004bf0       0x30 CMakeFiles/pico_multicore_temp.dir/D_/My_Wisdom/Works/Github/Raspberry_Pi_Pico/pico-sdk/lib/tinyusb/src/portable/raspberrypi/rp2040/dcd_rp2040.c.obj
                0x10004bf0                dcd_connect
 .text.dcd_init
                0x10004c20       0x90 CMakeFiles/pico_multicore_temp.dir/D_/My_Wisdom/Works/Github/Raspberry_Pi_Pico/pico-sdk/lib/tinyusb/src/portable/raspberrypi/rp2040/dcd_rp2040.c.obj
                0x10004c20                dcd_init
 .text.dcd_edpt0_status_complete
                0x10004cb0       0x44 CMakeFiles/pico_multicore_temp.dir/D_/My_Wisdom/Works/Github/Raspberry_Pi_Pico/pico-sdk/lib/tinyusb/src/portable/raspberrypi/rp2040/dcd_rp2040.c.obj
                0x10004cb0                dcd_edpt0_status_complete
 .text.dcd_edpt_open
                0x10004cf4       0x40 CMakeFiles/pico_multicore_temp.dir/D_/My_Wisdom/Works/Github/Raspberry_Pi_Pico/pico-sdk/lib/tinyusb/src/portable/raspberrypi/rp2040/dcd_rp2040.c.obj
                0x10004cf4                dcd_edpt_open
 .text.dcd_edpt_xfer
                0x10004d34       0x34 CMakeFiles/pico_multicore_temp.dir/D_/My_Wisdom/Works/Github/Raspberry_Pi_Pico/pico-sdk/lib/tinyusb/src/portable/raspberrypi/rp2040/dcd_rp2040.c.obj
                0x10004d34                dcd_edpt_xfer
 .text.dcd_edpt_stall
                0x10004d68       0x28 CMakeFiles/pico_multicore_temp.dir/D_/My_Wisdom/Works/Github/Raspberry_Pi_Pico/pico-sdk/lib/tinyusb/src/portable/raspberrypi/rp2040/dcd_rp2040.c.obj
                0x10004d68                dcd_edpt_stall
 .text.dcd_edpt_clear_stall
                0x10004d90       0x28 CMakeFiles/pico_multicore_temp.dir/D_/My_Wisdom/Works/Github/Raspberry_Pi_Pico/pico-sdk/lib/tinyusb/src/portable/raspberrypi/rp2040/dcd_rp2040.c.obj
                0x10004d90                dcd_edpt_clear_stall
 .text.rp2040_usb_init
                0x10004db8       0x50 CMakeFiles/pico_multicore_temp.dir/D_/My_Wisdom/Works/Github/Raspberry_Pi_Pico/pico-sdk/lib/tinyusb/src/portable/raspberrypi/rp2040/rp2040_usb.c.obj
                0x10004db8                rp2040_usb_init
 .text.hw_endpoint_reset_transfer
                0x10004e08       0x14 CMakeFiles/pico_multicore_temp.dir/D_/My_Wisdom/Works/Github/Raspberry_Pi_Pico/pico-sdk/lib/tinyusb/src/portable/raspberrypi/rp2040/rp2040_usb.c.obj
                0x10004e08                hw_endpoint_reset_transfer
 .text._hw_endpoint_buffer_control_update32
                0x10004e1c       0x54 CMakeFiles/pico_multicore_temp.dir/D_/My_Wisdom/Works/Github/Raspberry_Pi_Pico/pico-sdk/lib/tinyusb/src/portable/raspberrypi/rp2040/rp2040_usb.c.obj
                0x10004e1c                _hw_endpoint_buffer_control_update32
 .text._hw_endpoint_start_next_buffer
                0x10004e70       0x5a CMakeFiles/pico_multicore_temp.dir/D_/My_Wisdom/Works/Github/Raspberry_Pi_Pico/pico-sdk/lib/tinyusb/src/portable/raspberrypi/rp2040/rp2040_usb.c.obj
                0x10004e70                _hw_endpoint_start_next_buffer
 .text._hw_endpoint_xfer_start
                0x10004eca       0x46 CMakeFiles/pico_multicore_temp.dir/D_/My_Wisdom/Works/Github/Raspberry_Pi_Pico/pico-sdk/lib/tinyusb/src/portable/raspberrypi/rp2040/rp2040_usb.c.obj
                0x10004eca                _hw_endpoint_xfer_start
 .text._hw_endpoint_xfer_sync
                0x10004f10       0x74 CMakeFiles/pico_multicore_temp.dir/D_/My_Wisdom/Works/Github/Raspberry_Pi_Pico/pico-sdk/lib/tinyusb/src/portable/raspberrypi/rp2040/rp2040_usb.c.obj
                0x10004f10                _hw_endpoint_xfer_sync
 .text._hw_endpoint_xfer_continue
                0x10004f84       0x58 CMakeFiles/pico_multicore_temp.dir/D_/My_Wisdom/Works/Github/Raspberry_Pi_Pico/pico-sdk/lib/tinyusb/src/portable/raspberrypi/rp2040/rp2040_usb.c.obj
                0x10004f84                _hw_endpoint_xfer_continue
 .text._hw_endpoint_xfer
                0x10004fdc       0x34 CMakeFiles/pico_multicore_temp.dir/D_/My_Wisdom/Works/Github/Raspberry_Pi_Pico/pico-sdk/lib/tinyusb/src/portable/raspberrypi/rp2040/rp2040_usb.c.obj
                0x10004fdc                _hw_endpoint_xfer
 .text.mark_interface_endpoint
                0x10005010       0x2a CMakeFiles/pico_multicore_temp.dir/D_/My_Wisdom/Works/Github/Raspberry_Pi_Pico/pico-sdk/lib/tinyusb/src/device/usbd.c.obj
 *fill*         0x1000503a        0x2 
 .text.usbd_reset
                0x1000503c       0x88 CMakeFiles/pico_multicore_temp.dir/D_/My_Wisdom/Works/Github/Raspberry_Pi_Pico/pico-sdk/lib/tinyusb/src/device/usbd.c.obj
 .text.invoke_class_control
                0x100050c4       0x18 CMakeFiles/pico_multicore_temp.dir/D_/My_Wisdom/Works/Github/Raspberry_Pi_Pico/pico-sdk/lib/tinyusb/src/device/usbd.c.obj
 .text.process_set_config
                0x100050dc      0x1d0 CMakeFiles/pico_multicore_temp.dir/D_/My_Wisdom/Works/Github/Raspberry_Pi_Pico/pico-sdk/lib/tinyusb/src/device/usbd.c.obj
 .text.process_get_descriptor
                0x100052ac       0xf4 CMakeFiles/pico_multicore_temp.dir/D_/My_Wisdom/Works/Github/Raspberry_Pi_Pico/pico-sdk/lib/tinyusb/src/device/usbd.c.obj
 .text.tud_mounted
                0x100053a0       0x10 CMakeFiles/pico_multicore_temp.dir/D_/My_Wisdom/Works/Github/Raspberry_Pi_Pico/pico-sdk/lib/tinyusb/src/device/usbd.c.obj
                0x100053a0                tud_mounted
 .text.tud_suspended
                0x100053b0       0x10 CMakeFiles/pico_multicore_temp.dir/D_/My_Wisdom/Works/Github/Raspberry_Pi_Pico/pico-sdk/lib/tinyusb/src/device/usbd.c.obj
                0x100053b0                tud_suspended
 .text.tud_init
                0x100053c0       0xb8 CMakeFiles/pico_multicore_temp.dir/D_/My_Wisdom/Works/Github/Raspberry_Pi_Pico/pico-sdk/lib/tinyusb/src/device/usbd.c.obj
                0x100053c0                tud_init
 .text.dcd_event_handler
                0x10005478      0x1c4 CMakeFiles/pico_multicore_temp.dir/D_/My_Wisdom/Works/Github/Raspberry_Pi_Pico/pico-sdk/lib/tinyusb/src/device/usbd.c.obj
                0x10005478                dcd_event_handler
 .text.dcd_event_bus_signal
                0x1000563c       0x26 CMakeFiles/pico_multicore_temp.dir/D_/My_Wisdom/Works/Github/Raspberry_Pi_Pico/pico-sdk/lib/tinyusb/src/device/usbd.c.obj
                0x1000563c                dcd_event_bus_signal
 .text.dcd_event_setup_received
                0x10005662       0x34 CMakeFiles/pico_multicore_temp.dir/D_/My_Wisdom/Works/Github/Raspberry_Pi_Pico/pico-sdk/lib/tinyusb/src/device/usbd.c.obj
                0x10005662                dcd_event_setup_received
 .text.dcd_event_xfer_complete
                0x10005696       0x44 CMakeFiles/pico_multicore_temp.dir/D_/My_Wisdom/Works/Github/Raspberry_Pi_Pico/pico-sdk/lib/tinyusb/src/device/usbd.c.obj
                0x10005696                dcd_event_xfer_complete
 .text.usbd_edpt_open
                0x100056da        0x8 CMakeFiles/pico_multicore_temp.dir/D_/My_Wisdom/Works/Github/Raspberry_Pi_Pico/pico-sdk/lib/tinyusb/src/device/usbd.c.obj
                0x100056da                usbd_edpt_open
 *fill*         0x100056e2        0x2 
 .text.usbd_open_edpt_pair
                0x100056e4       0x8c CMakeFiles/pico_multicore_temp.dir/D_/My_Wisdom/Works/Github/Raspberry_Pi_Pico/pico-sdk/lib/tinyusb/src/device/usbd.c.obj
                0x100056e4                usbd_open_edpt_pair
 .text.usbd_edpt_claim
                0x10005770       0x8c CMakeFiles/pico_multicore_temp.dir/D_/My_Wisdom/Works/Github/Raspberry_Pi_Pico/pico-sdk/lib/tinyusb/src/device/usbd.c.obj
                0x10005770                usbd_edpt_claim
 .text.usbd_edpt_release
                0x100057fc       0x68 CMakeFiles/pico_multicore_temp.dir/D_/My_Wisdom/Works/Github/Raspberry_Pi_Pico/pico-sdk/lib/tinyusb/src/device/usbd.c.obj
                0x100057fc                usbd_edpt_release
 .text.usbd_edpt_xfer
                0x10005864       0x80 CMakeFiles/pico_multicore_temp.dir/D_/My_Wisdom/Works/Github/Raspberry_Pi_Pico/pico-sdk/lib/tinyusb/src/device/usbd.c.obj
                0x10005864                usbd_edpt_xfer
 .text.usbd_edpt_stall
                0x100058e4       0x2c CMakeFiles/pico_multicore_temp.dir/D_/My_Wisdom/Works/Github/Raspberry_Pi_Pico/pico-sdk/lib/tinyusb/src/device/usbd.c.obj
                0x100058e4                usbd_edpt_stall
 .text.usbd_edpt_clear_stall
                0x10005910       0x2c CMakeFiles/pico_multicore_temp.dir/D_/My_Wisdom/Works/Github/Raspberry_Pi_Pico/pico-sdk/lib/tinyusb/src/device/usbd.c.obj
                0x10005910                usbd_edpt_clear_stall
 .text.usbd_edpt_stalled
                0x1000593c       0x1c CMakeFiles/pico_multicore_temp.dir/D_/My_Wisdom/Works/Github/Raspberry_Pi_Pico/pico-sdk/lib/tinyusb/src/device/usbd.c.obj
                0x1000593c                usbd_edpt_stalled
 .text.process_control_request
                0x10005958      0x37c CMakeFiles/pico_multicore_temp.dir/D_/My_Wisdom/Works/Github/Raspberry_Pi_Pico/pico-sdk/lib/tinyusb/src/device/usbd.c.obj
 .text.tud_task
                0x10005cd4      0x204 CMakeFiles/pico_multicore_temp.dir/D_/My_Wisdom/Works/Github/Raspberry_Pi_Pico/pico-sdk/lib/tinyusb/src/device/usbd.c.obj
                0x10005cd4                tud_task
 .text._data_stage_xact
                0x10005ed8       0x58 CMakeFiles/pico_multicore_temp.dir/D_/My_Wisdom/Works/Github/Raspberry_Pi_Pico/pico-sdk/lib/tinyusb/src/device/usbd_control.c.obj
 .text.tud_control_status
                0x10005f30       0x38 CMakeFiles/pico_multicore_temp.dir/D_/My_Wisdom/Works/Github/Raspberry_Pi_Pico/pico-sdk/lib/tinyusb/src/device/usbd_control.c.obj
                0x10005f30                tud_control_status
 .text.tud_control_xfer
                0x10005f68       0xa8 CMakeFiles/pico_multicore_temp.dir/D_/My_Wisdom/Works/Github/Raspberry_Pi_Pico/pico-sdk/lib/tinyusb/src/device/usbd_control.c.obj
                0x10005f68                tud_control_xfer
 .text.usbd_control_reset
                0x10006010       0x14 CMakeFiles/pico_multicore_temp.dir/D_/My_Wisdom/Works/Github/Raspberry_Pi_Pico/pico-sdk/lib/tinyusb/src/device/usbd_control.c.obj
                0x10006010                usbd_control_reset
 .text.usbd_control_set_complete_callback
                0x10006024        0xc CMakeFiles/pico_multicore_temp.dir/D_/My_Wisdom/Works/Github/Raspberry_Pi_Pico/pico-sdk/lib/tinyusb/src/device/usbd_control.c.obj
                0x10006024                usbd_control_set_complete_callback
 .text.usbd_control_set_request
                0x10006030       0x1c CMakeFiles/pico_multicore_temp.dir/D_/My_Wisdom/Works/Github/Raspberry_Pi_Pico/pico-sdk/lib/tinyusb/src/device/usbd_control.c.obj
                0x10006030                usbd_control_set_request
 .text.usbd_control_xfer_cb
                0x1000604c       0xe8 CMakeFiles/pico_multicore_temp.dir/D_/My_Wisdom/Works/Github/Raspberry_Pi_Pico/pico-sdk/lib/tinyusb/src/device/usbd_control.c.obj
                0x1000604c                usbd_control_xfer_cb
 .text._prep_out_transaction
                0x10006134       0x46 CMakeFiles/pico_multicore_temp.dir/D_/My_Wisdom/Works/Github/Raspberry_Pi_Pico/pico-sdk/lib/tinyusb/src/class/cdc/cdc_device.c.obj
 *fill*         0x1000617a        0x2 
 .text.tud_cdc_n_connected
                0x1000617c       0x48 CMakeFiles/pico_multicore_temp.dir/D_/My_Wisdom/Works/Github/Raspberry_Pi_Pico/pico-sdk/lib/tinyusb/src/class/cdc/cdc_device.c.obj
                0x1000617c                tud_cdc_n_connected
 .text.tud_cdc_n_available
                0x100061c4       0x20 CMakeFiles/pico_multicore_temp.dir/D_/My_Wisdom/Works/Github/Raspberry_Pi_Pico/pico-sdk/lib/tinyusb/src/class/cdc/cdc_device.c.obj
                0x100061c4                tud_cdc_n_available
 .text.tud_cdc_n_read
                0x100061e4       0x30 CMakeFiles/pico_multicore_temp.dir/D_/My_Wisdom/Works/Github/Raspberry_Pi_Pico/pico-sdk/lib/tinyusb/src/class/cdc/cdc_device.c.obj
                0x100061e4                tud_cdc_n_read
 .text.tud_cdc_n_write_flush
                0x10006214       0xc4 CMakeFiles/pico_multicore_temp.dir/D_/My_Wisdom/Works/Github/Raspberry_Pi_Pico/pico-sdk/lib/tinyusb/src/class/cdc/cdc_device.c.obj
                0x10006214                tud_cdc_n_write_flush
 .text.tud_cdc_n_write
                0x100062d8       0x38 CMakeFiles/pico_multicore_temp.dir/D_/My_Wisdom/Works/Github/Raspberry_Pi_Pico/pico-sdk/lib/tinyusb/src/class/cdc/cdc_device.c.obj
                0x100062d8                tud_cdc_n_write
 .text.tud_cdc_n_write_available
                0x10006310       0x20 CMakeFiles/pico_multicore_temp.dir/D_/My_Wisdom/Works/Github/Raspberry_Pi_Pico/pico-sdk/lib/tinyusb/src/class/cdc/cdc_device.c.obj
                0x10006310                tud_cdc_n_write_available
 .text.cdcd_init
                0x10006330       0xdc CMakeFiles/pico_multicore_temp.dir/D_/My_Wisdom/Works/Github/Raspberry_Pi_Pico/pico-sdk/lib/tinyusb/src/class/cdc/cdc_device.c.obj
                0x10006330                cdcd_init
 .text.cdcd_reset
                0x1000640c       0x44 CMakeFiles/pico_multicore_temp.dir/D_/My_Wisdom/Works/Github/Raspberry_Pi_Pico/pico-sdk/lib/tinyusb/src/class/cdc/cdc_device.c.obj
                0x1000640c                cdcd_reset
 .text.cdcd_open
                0x10006450      0x118 CMakeFiles/pico_multicore_temp.dir/D_/My_Wisdom/Works/Github/Raspberry_Pi_Pico/pico-sdk/lib/tinyusb/src/class/cdc/cdc_device.c.obj
                0x10006450                cdcd_open
 .text.cdcd_control_complete
                0x10006568       0x60 CMakeFiles/pico_multicore_temp.dir/D_/My_Wisdom/Works/Github/Raspberry_Pi_Pico/pico-sdk/lib/tinyusb/src/class/cdc/cdc_device.c.obj
                0x10006568                cdcd_control_complete
 .text.cdcd_control_request
                0x100065c8       0x9c CMakeFiles/pico_multicore_temp.dir/D_/My_Wisdom/Works/Github/Raspberry_Pi_Pico/pico-sdk/lib/tinyusb/src/class/cdc/cdc_device.c.obj
                0x100065c8                cdcd_control_request
 .text.cdcd_xfer_cb
                0x10006664      0x130 CMakeFiles/pico_multicore_temp.dir/D_/My_Wisdom/Works/Github/Raspberry_Pi_Pico/pico-sdk/lib/tinyusb/src/class/cdc/cdc_device.c.obj
                0x10006664                cdcd_xfer_cb
 .text.tusb_init
                0x10006794       0x38 CMakeFiles/pico_multicore_temp.dir/D_/My_Wisdom/Works/Github/Raspberry_Pi_Pico/pico-sdk/lib/tinyusb/src/tusb.c.obj
                0x10006794                tusb_init
 .text.tusb_inited
                0x100067cc        0xc CMakeFiles/pico_multicore_temp.dir/D_/My_Wisdom/Works/Github/Raspberry_Pi_Pico/pico-sdk/lib/tinyusb/src/tusb.c.obj
                0x100067cc                tusb_inited
 .text.advance_pointer
                0x100067d8       0x1e CMakeFiles/pico_multicore_temp.dir/D_/My_Wisdom/Works/Github/Raspberry_Pi_Pico/pico-sdk/lib/tinyusb/src/common/tusb_fifo.c.obj
 .text.backward_pointer
                0x100067f6       0x1a CMakeFiles/pico_multicore_temp.dir/D_/My_Wisdom/Works/Github/Raspberry_Pi_Pico/pico-sdk/lib/tinyusb/src/common/tusb_fifo.c.obj
 .text.get_relative_pointer
                0x10006810       0x16 CMakeFiles/pico_multicore_temp.dir/D_/My_Wisdom/Works/Github/Raspberry_Pi_Pico/pico-sdk/lib/tinyusb/src/common/tusb_fifo.c.obj
 .text.tu_fifo_lock
                0x10006826       0x12 CMakeFiles/pico_multicore_temp.dir/D_/My_Wisdom/Works/Github/Raspberry_Pi_Pico/pico-sdk/lib/tinyusb/src/common/tusb_fifo.c.obj
 .text.tu_fifo_unlock
                0x10006838        0xe CMakeFiles/pico_multicore_temp.dir/D_/My_Wisdom/Works/Github/Raspberry_Pi_Pico/pico-sdk/lib/tinyusb/src/common/tusb_fifo.c.obj
 .text._tu_fifo_peek_at
                0x10006846       0x66 CMakeFiles/pico_multicore_temp.dir/D_/My_Wisdom/Works/Github/Raspberry_Pi_Pico/pico-sdk/lib/tinyusb/src/common/tusb_fifo.c.obj
 .text._ff_pull_n
                0x100068ac       0x4a CMakeFiles/pico_multicore_temp.dir/D_/My_Wisdom/Works/Github/Raspberry_Pi_Pico/pico-sdk/lib/tinyusb/src/common/tusb_fifo.c.obj
 .text._tu_fifo_peek_at_n
                0x100068f6       0x72 CMakeFiles/pico_multicore_temp.dir/D_/My_Wisdom/Works/Github/Raspberry_Pi_Pico/pico-sdk/lib/tinyusb/src/common/tusb_fifo.c.obj
 .text._ff_push_n
                0x10006968       0x4a CMakeFiles/pico_multicore_temp.dir/D_/My_Wisdom/Works/Github/Raspberry_Pi_Pico/pico-sdk/lib/tinyusb/src/common/tusb_fifo.c.obj
 .text.tu_fifo_config
                0x100069b2       0x48 CMakeFiles/pico_multicore_temp.dir/D_/My_Wisdom/Works/Github/Raspberry_Pi_Pico/pico-sdk/lib/tinyusb/src/common/tusb_fifo.c.obj
                0x100069b2                tu_fifo_config
 .text.tu_fifo_count
                0x100069fa       0x1c CMakeFiles/pico_multicore_temp.dir/D_/My_Wisdom/Works/Github/Raspberry_Pi_Pico/pico-sdk/lib/tinyusb/src/common/tusb_fifo.c.obj
                0x100069fa                tu_fifo_count
 .text.tu_fifo_remaining
                0x10006a16       0x20 CMakeFiles/pico_multicore_temp.dir/D_/My_Wisdom/Works/Github/Raspberry_Pi_Pico/pico-sdk/lib/tinyusb/src/common/tusb_fifo.c.obj
                0x10006a16                tu_fifo_remaining
 .text.tu_fifo_read
                0x10006a36       0x3a CMakeFiles/pico_multicore_temp.dir/D_/My_Wisdom/Works/Github/Raspberry_Pi_Pico/pico-sdk/lib/tinyusb/src/common/tusb_fifo.c.obj
                0x10006a36                tu_fifo_read
 .text.tu_fifo_read_n
                0x10006a70       0x3e CMakeFiles/pico_multicore_temp.dir/D_/My_Wisdom/Works/Github/Raspberry_Pi_Pico/pico-sdk/lib/tinyusb/src/common/tusb_fifo.c.obj
                0x10006a70                tu_fifo_read_n
 .text.tu_fifo_write
                0x10006aae       0x5c CMakeFiles/pico_multicore_temp.dir/D_/My_Wisdom/Works/Github/Raspberry_Pi_Pico/pico-sdk/lib/tinyusb/src/common/tusb_fifo.c.obj
                0x10006aae                tu_fifo_write
 .text.tu_fifo_write_n
                0x10006b0a       0x7c CMakeFiles/pico_multicore_temp.dir/D_/My_Wisdom/Works/Github/Raspberry_Pi_Pico/pico-sdk/lib/tinyusb/src/common/tusb_fifo.c.obj
                0x10006b0a                tu_fifo_write_n
 .text.tu_fifo_clear
                0x10006b86       0x18 CMakeFiles/pico_multicore_temp.dir/D_/My_Wisdom/Works/Github/Raspberry_Pi_Pico/pico-sdk/lib/tinyusb/src/common/tusb_fifo.c.obj
                0x10006b86                tu_fifo_clear
 .text.core1_trampoline
                0x10006b9e        0x2 CMakeFiles/pico_multicore_temp.dir/D_/My_Wisdom/Works/Github/Raspberry_Pi_Pico/pico-sdk/src/rp2_common/pico_multicore/multicore.c.obj
 .text.core1_wrapper
                0x10006ba0        0xc CMakeFiles/pico_multicore_temp.dir/D_/My_Wisdom/Works/Github/Raspberry_Pi_Pico/pico-sdk/src/rp2_common/pico_multicore/multicore.c.obj
                0x10006ba0                core1_wrapper
 .text.multicore_fifo_push_blocking
                0x10006bac       0x14 CMakeFiles/pico_multicore_temp.dir/D_/My_Wisdom/Works/Github/Raspberry_Pi_Pico/pico-sdk/src/rp2_common/pico_multicore/multicore.c.obj
                0x10006bac                multicore_fifo_push_blocking
 .text.multicore_fifo_pop_blocking
                0x10006bc0       0x16 CMakeFiles/pico_multicore_temp.dir/D_/My_Wisdom/Works/Github/Raspberry_Pi_Pico/pico-sdk/src/rp2_common/pico_multicore/multicore.c.obj
                0x10006bc0                multicore_fifo_pop_blocking
 .text.multicore_launch_core1_raw
                0x10006bd6       0x50 CMakeFiles/pico_multicore_temp.dir/D_/My_Wisdom/Works/Github/Raspberry_Pi_Pico/pico-sdk/src/rp2_common/pico_multicore/multicore.c.obj
                0x10006bd6                multicore_launch_core1_raw
 *fill*         0x10006c26        0x2 
 .text.multicore_launch_core1_with_stack
                0x10006c28       0x50 CMakeFiles/pico_multicore_temp.dir/D_/My_Wisdom/Works/Github/Raspberry_Pi_Pico/pico-sdk/src/rp2_common/pico_multicore/multicore.c.obj
                0x10006c28                multicore_launch_core1_with_stack
 .text.multicore_launch_core1
                0x10006c78       0x24 CMakeFiles/pico_multicore_temp.dir/D_/My_Wisdom/Works/Github/Raspberry_Pi_Pico/pico-sdk/src/rp2_common/pico_multicore/multicore.c.obj
                0x10006c78                multicore_launch_core1
 .text.adc_init
                0x10006c9c       0x34 CMakeFiles/pico_multicore_temp.dir/D_/My_Wisdom/Works/Github/Raspberry_Pi_Pico/pico-sdk/src/rp2_common/hardware_adc/adc.c.obj
                0x10006c9c                adc_init
 .text.strlen   0x10006cd0       0x5c c:/progra~2/gnuarm~1/102020~1/bin/../lib/gcc/arm-none-eabi/10.2.1/../../../../arm-none-eabi/lib/thumb/v6-m/nofp\libg.a(lib_a-strlen-stub.o)
                0x10006cd0                strlen
 *(.fini)
 .fini          0x10006d2c        0x4 c:/progra~2/gnuarm~1/102020~1/bin/../lib/gcc/arm-none-eabi/10.2.1/thumb/v6-m/nofp/crti.o
                0x10006d2c                _fini
 .fini.__stub   0x10006d30       0x60 linker stubs
 *crtbegin.o(.ctors)
 *crtbegin?.o(.ctors)
 *(EXCLUDE_FILE(*crtend.o *crtend?.o) .ctors)
 *(SORT_BY_NAME(.ctors.*))
 *(.ctors)
 *crtbegin.o(.dtors)
 *crtbegin?.o(.dtors)
 *(EXCLUDE_FILE(*crtend.o *crtend?.o) .dtors)
 *(SORT_BY_NAME(.dtors.*))
 *(.dtors)
 *(.eh_frame*)
 .eh_frame      0x10006d90        0x0 c:/progra~2/gnuarm~1/102020~1/bin/../lib/gcc/arm-none-eabi/10.2.1/thumb/v6-m/nofp/crtbegin.o
                0x10006d90                . = ALIGN (0x4)

.glue_7         0x10006d90        0x0
 .glue_7        0x10006d90        0x0 linker stubs

.glue_7t        0x10006d90        0x0
 .glue_7t       0x10006d90        0x0 linker stubs

.vfp11_veneer   0x10006d90        0x0
 .vfp11_veneer  0x10006d90        0x0 linker stubs

.v4_bx          0x10006d90        0x0
 .v4_bx         0x10006d90        0x0 linker stubs

.iplt           0x10006d90        0x0
 .iplt          0x10006d90        0x0 c:/progra~2/gnuarm~1/102020~1/bin/../lib/gcc/arm-none-eabi/10.2.1/thumb/v6-m/nofp/crtbegin.o

.rodata         0x10006d90     0x15ec
 *(EXCLUDE_FILE(*libm.a: *libc.a:*lib_a-mem*.o *libgcc.a:) .rodata*)
 .rodata.core1_func.str1.4
                0x10006d90       0x36 CMakeFiles/pico_multicore_temp.dir/multicore_temp.c.obj
 *fill*         0x10006dc6        0x2 
 .rodata.spin_lock_claim_unused.str1.4
                0x10006dc8       0x1b CMakeFiles/pico_multicore_temp.dir/D_/My_Wisdom/Works/Github/Raspberry_Pi_Pico/pico-sdk/src/rp2_common/hardware_sync/sync.c.obj
 *fill*         0x10006de3        0x1 
 .rodata.repeating_timer_callback.str1.4
                0x10006de4       0x65 CMakeFiles/pico_multicore_temp.dir/D_/My_Wisdom/Works/Github/Raspberry_Pi_Pico/pico-sdk/src/common/pico_time/time.c.obj
 *fill*         0x10006e49        0x3 
 .rodata.timer_pool_entry_comparator.str1.4
                0x10006e4c       0x22 CMakeFiles/pico_multicore_temp.dir/D_/My_Wisdom/Works/Github/Raspberry_Pi_Pico/pico-sdk/src/common/pico_time/time.c.obj
 *fill*         0x10006e6e        0x2 
 .rodata.ph_add_child_node.str1.4
                0x10006e70       0xae CMakeFiles/pico_multicore_temp.dir/D_/My_Wisdom/Works/Github/Raspberry_Pi_Pico/pico-sdk/src/common/pico_time/time.c.obj
 *fill*         0x10006f1e        0x2 
 .rodata.add_alarm_under_lock.str1.4
                0x10006f20       0x28 CMakeFiles/pico_multicore_temp.dir/D_/My_Wisdom/Works/Github/Raspberry_Pi_Pico/pico-sdk/src/common/pico_time/time.c.obj
                                 0x2b (size before relaxing)
 .rodata.alarm_pool_alarm_callback.str1.4
                0x10006f48       0x82 CMakeFiles/pico_multicore_temp.dir/D_/My_Wisdom/Works/Github/Raspberry_Pi_Pico/pico-sdk/src/common/pico_time/time.c.obj
 *fill*         0x10006fca        0x2 
 .rodata.alarm_pool_get_default.str1.4
                0x10006fcc       0x21 CMakeFiles/pico_multicore_temp.dir/D_/My_Wisdom/Works/Github/Raspberry_Pi_Pico/pico-sdk/src/common/pico_time/time.c.obj
 *fill*         0x10006fed        0x3 
 .rodata.alarm_pool_cancel_alarm.str1.4
                0x10006ff0       0x27 CMakeFiles/pico_multicore_temp.dir/D_/My_Wisdom/Works/Github/Raspberry_Pi_Pico/pico-sdk/src/common/pico_time/time.c.obj
 *fill*         0x10007017        0x1 
 .rodata.sleep_until.str1.4
                0x10007018       0x4d CMakeFiles/pico_multicore_temp.dir/D_/My_Wisdom/Works/Github/Raspberry_Pi_Pico/pico-sdk/src/common/pico_time/time.c.obj
 *fill*         0x10007065        0x3 
 .rodata.__func__.1
                0x10007068       0x18 CMakeFiles/pico_multicore_temp.dir/D_/My_Wisdom/Works/Github/Raspberry_Pi_Pico/pico-sdk/src/common/pico_time/time.c.obj
 .rodata.__func__.10
                0x10007080       0x1a CMakeFiles/pico_multicore_temp.dir/D_/My_Wisdom/Works/Github/Raspberry_Pi_Pico/pico-sdk/src/common/pico_time/time.c.obj
 *fill*         0x1000709a        0x2 
 .rodata.__func__.11
                0x1000709c        0xa CMakeFiles/pico_multicore_temp.dir/D_/My_Wisdom/Works/Github/Raspberry_Pi_Pico/pico-sdk/src/common/pico_time/time.c.obj
 *fill*         0x100070a6        0x2 
 .rodata.__func__.3
                0x100070a8       0x17 CMakeFiles/pico_multicore_temp.dir/D_/My_Wisdom/Works/Github/Raspberry_Pi_Pico/pico-sdk/src/common/pico_time/time.c.obj
 *fill*         0x100070bf        0x1 
 .rodata.__func__.4
                0x100070c0       0x12 CMakeFiles/pico_multicore_temp.dir/D_/My_Wisdom/Works/Github/Raspberry_Pi_Pico/pico-sdk/src/common/pico_time/time.c.obj
 *fill*         0x100070d2        0x2 
 .rodata.__func__.5
                0x100070d4        0xd CMakeFiles/pico_multicore_temp.dir/D_/My_Wisdom/Works/Github/Raspberry_Pi_Pico/pico-sdk/src/common/pico_time/time.c.obj
 *fill*         0x100070e1        0x3 
 .rodata.__func__.6
                0x100070e4       0x12 CMakeFiles/pico_multicore_temp.dir/D_/My_Wisdom/Works/Github/Raspberry_Pi_Pico/pico-sdk/src/common/pico_time/time.c.obj
 *fill*         0x100070f6        0x2 
 .rodata.__func__.7
                0x100070f8        0xf CMakeFiles/pico_multicore_temp.dir/D_/My_Wisdom/Works/Github/Raspberry_Pi_Pico/pico-sdk/src/common/pico_time/time.c.obj
 *fill*         0x10007107        0x1 
 .rodata.__func__.8
                0x10007108        0xc CMakeFiles/pico_multicore_temp.dir/D_/My_Wisdom/Works/Github/Raspberry_Pi_Pico/pico-sdk/src/common/pico_time/time.c.obj
 .rodata.__func__.9
                0x10007114       0x15 CMakeFiles/pico_multicore_temp.dir/D_/My_Wisdom/Works/Github/Raspberry_Pi_Pico/pico-sdk/src/common/pico_time/time.c.obj
 *fill*         0x10007129        0x3 
 .rodata.hardware_alarm_claim.str1.4
                0x1000712c       0x22 CMakeFiles/pico_multicore_temp.dir/D_/My_Wisdom/Works/Github/Raspberry_Pi_Pico/pico-sdk/src/rp2_common/hardware_timer/timer.c.obj
 *fill*         0x1000714e        0x2 
 .rodata.hardware_alarm_set_target.str1.4
                0x10007150       0x7f CMakeFiles/pico_multicore_temp.dir/D_/My_Wisdom/Works/Github/Raspberry_Pi_Pico/pico-sdk/src/rp2_common/hardware_timer/timer.c.obj
 *fill*         0x100071cf        0x1 
 .rodata.__func__.0
                0x100071d0       0x1a CMakeFiles/pico_multicore_temp.dir/D_/My_Wisdom/Works/Github/Raspberry_Pi_Pico/pico-sdk/src/rp2_common/hardware_timer/timer.c.obj
 *fill*         0x100071ea        0x2 
 .rodata.str1.4
                0x100071ec       0x78 CMakeFiles/pico_multicore_temp.dir/D_/My_Wisdom/Works/Github/Raspberry_Pi_Pico/pico-sdk/src/common/pico_sync/mutex.c.obj
 .rodata.__func__.0
                0x10007264        0xb CMakeFiles/pico_multicore_temp.dir/D_/My_Wisdom/Works/Github/Raspberry_Pi_Pico/pico-sdk/src/common/pico_sync/mutex.c.obj
 *fill*         0x1000726f        0x1 
 .rodata.__func__.1
                0x10007270       0x18 CMakeFiles/pico_multicore_temp.dir/D_/My_Wisdom/Works/Github/Raspberry_Pi_Pico/pico-sdk/src/common/pico_sync/mutex.c.obj
 .rodata.__func__.2
                0x10007288       0x15 CMakeFiles/pico_multicore_temp.dir/D_/My_Wisdom/Works/Github/Raspberry_Pi_Pico/pico-sdk/src/common/pico_sync/mutex.c.obj
 .rodata.ph_add_child_node.str1.4
                0x1000729d       0xae CMakeFiles/pico_multicore_temp.dir/D_/My_Wisdom/Works/Github/Raspberry_Pi_Pico/pico-sdk/src/common/pico_util/pheap.c.obj
 *fill*         0x1000729d        0x3 
 .rodata.ph_remove_any_head.str1.4
                0x100072a0       0xa8 CMakeFiles/pico_multicore_temp.dir/D_/My_Wisdom/Works/Github/Raspberry_Pi_Pico/pico-sdk/src/common/pico_util/pheap.c.obj
 .rodata.ph_remove_and_free_node.str1.4
                0x10007348       0x26 CMakeFiles/pico_multicore_temp.dir/D_/My_Wisdom/Works/Github/Raspberry_Pi_Pico/pico-sdk/src/common/pico_util/pheap.c.obj
 *fill*         0x1000736e        0x2 
 .rodata.__func__.0
                0x10007370       0x18 CMakeFiles/pico_multicore_temp.dir/D_/My_Wisdom/Works/Github/Raspberry_Pi_Pico/pico-sdk/src/common/pico_util/pheap.c.obj
 .rodata.__func__.1
                0x10007388       0x13 CMakeFiles/pico_multicore_temp.dir/D_/My_Wisdom/Works/Github/Raspberry_Pi_Pico/pico-sdk/src/common/pico_util/pheap.c.obj
 *fill*         0x1000739b        0x1 
 .rodata.__func__.2
                0x1000739c       0x12 CMakeFiles/pico_multicore_temp.dir/D_/My_Wisdom/Works/Github/Raspberry_Pi_Pico/pico-sdk/src/common/pico_util/pheap.c.obj
 *fill*         0x100073ae        0x2 
 .rodata.__func__.3
                0x100073b0        0xc CMakeFiles/pico_multicore_temp.dir/D_/My_Wisdom/Works/Github/Raspberry_Pi_Pico/pico-sdk/src/common/pico_util/pheap.c.obj
 .rodata.__assert_func.str1.4
                0x100073bc       0x3f CMakeFiles/pico_multicore_temp.dir/D_/My_Wisdom/Works/Github/Raspberry_Pi_Pico/pico-sdk/src/rp2_common/pico_runtime/runtime.c.obj
                                 0x43 (size before relaxing)
 *fill*         0x100073fb        0x1 
 .rodata.panic.str1.4
                0x100073fc       0x12 CMakeFiles/pico_multicore_temp.dir/D_/My_Wisdom/Works/Github/Raspberry_Pi_Pico/pico-sdk/src/rp2_common/pico_runtime/runtime.c.obj
 *fill*         0x1000740e        0x2 
 .rodata.clock_configure.str1.4
                0x10007410       0x71 CMakeFiles/pico_multicore_temp.dir/D_/My_Wisdom/Works/Github/Raspberry_Pi_Pico/pico-sdk/src/rp2_common/hardware_clocks/clocks.c.obj
 *fill*         0x10007481        0x3 
 .rodata.__func__.1
                0x10007484       0x10 CMakeFiles/pico_multicore_temp.dir/D_/My_Wisdom/Works/Github/Raspberry_Pi_Pico/pico-sdk/src/rp2_common/hardware_clocks/clocks.c.obj
 .rodata.pll_init.str1.4
                0x10007494       0xf3 CMakeFiles/pico_multicore_temp.dir/D_/My_Wisdom/Works/Github/Raspberry_Pi_Pico/pico-sdk/src/rp2_common/hardware_pll/pll.c.obj
 *fill*         0x10007587        0x1 
 .rodata.__func__.0
                0x10007588        0x9 CMakeFiles/pico_multicore_temp.dir/D_/My_Wisdom/Works/Github/Raspberry_Pi_Pico/pico-sdk/src/rp2_common/hardware_pll/pll.c.obj
 *fill*         0x10007591        0x3 
 .rodata.make_branch.str1.4
                0x10007594       0x67 CMakeFiles/pico_multicore_temp.dir/D_/My_Wisdom/Works/Github/Raspberry_Pi_Pico/pico-sdk/src/rp2_common/hardware_irq/irq.c.obj
 *fill*         0x100075fb        0x1 
 .rodata.irq_set_exclusive_handler.str1.4
                0x100075fc       0x36 CMakeFiles/pico_multicore_temp.dir/D_/My_Wisdom/Works/Github/Raspberry_Pi_Pico/pico-sdk/src/rp2_common/hardware_irq/irq.c.obj
 *fill*         0x10007632        0x2 
 .rodata.irq_add_shared_handler.str1.4
                0x10007634       0xd9 CMakeFiles/pico_multicore_temp.dir/D_/My_Wisdom/Works/Github/Raspberry_Pi_Pico/pico-sdk/src/rp2_common/hardware_irq/irq.c.obj
 *fill*         0x1000770d        0x3 
 .rodata.irq_remove_handler.str1.4
                0x10007710       0x2a CMakeFiles/pico_multicore_temp.dir/D_/My_Wisdom/Works/Github/Raspberry_Pi_Pico/pico-sdk/src/rp2_common/hardware_irq/irq.c.obj
 *fill*         0x1000773a        0x2 
 .rodata.irq_add_tail_to_free_list.str1.4
                0x1000773c       0x32 CMakeFiles/pico_multicore_temp.dir/D_/My_Wisdom/Works/Github/Raspberry_Pi_Pico/pico-sdk/src/rp2_common/hardware_irq/irq.c.obj
                                 0x3a (size before relaxing)
 *fill*         0x1000776e        0x2 
 .rodata.__func__.0
                0x10007770       0x1a CMakeFiles/pico_multicore_temp.dir/D_/My_Wisdom/Works/Github/Raspberry_Pi_Pico/pico-sdk/src/rp2_common/hardware_irq/irq.c.obj
 *fill*         0x1000778a        0x2 
 .rodata.__func__.1
                0x1000778c       0x17 CMakeFiles/pico_multicore_temp.dir/D_/My_Wisdom/Works/Github/Raspberry_Pi_Pico/pico-sdk/src/rp2_common/hardware_irq/irq.c.obj
 *fill*         0x100077a3        0x1 
 .rodata.__func__.2
                0x100077a4       0x13 CMakeFiles/pico_multicore_temp.dir/D_/My_Wisdom/Works/Github/Raspberry_Pi_Pico/pico-sdk/src/rp2_common/hardware_irq/irq.c.obj
 *fill*         0x100077b7        0x1 
 .rodata.__func__.3
                0x100077b8        0xc CMakeFiles/pico_multicore_temp.dir/D_/My_Wisdom/Works/Github/Raspberry_Pi_Pico/pico-sdk/src/rp2_common/hardware_irq/irq.c.obj
 .rodata.__func__.4
                0x100077c4        0xf CMakeFiles/pico_multicore_temp.dir/D_/My_Wisdom/Works/Github/Raspberry_Pi_Pico/pico-sdk/src/rp2_common/hardware_irq/irq.c.obj
 *fill*         0x100077d3        0x1 
 .rodata.__func__.6
                0x100077d4       0x1a CMakeFiles/pico_multicore_temp.dir/D_/My_Wisdom/Works/Github/Raspberry_Pi_Pico/pico-sdk/src/rp2_common/hardware_irq/irq.c.obj
 *fill*         0x100077ee        0x2 
 .rodata._ftoa.str1.4
                0x100077f0       0x15 CMakeFiles/pico_multicore_temp.dir/D_/My_Wisdom/Works/Github/Raspberry_Pi_Pico/pico-sdk/src/rp2_common/pico_printf/printf.c.obj
 *fill*         0x10007805        0x3 
 .rodata._vsnprintf
                0x10007808      0x1e0 CMakeFiles/pico_multicore_temp.dir/D_/My_Wisdom/Works/Github/Raspberry_Pi_Pico/pico-sdk/src/rp2_common/pico_printf/printf.c.obj
 .rodata.pow10.0
                0x100079e8       0x50 CMakeFiles/pico_multicore_temp.dir/D_/My_Wisdom/Works/Github/Raspberry_Pi_Pico/pico-sdk/src/rp2_common/pico_printf/printf.c.obj
 .rodata.__aeabi_double_init.str1.4
                0x10007a38       0xc2 CMakeFiles/pico_multicore_temp.dir/D_/My_Wisdom/Works/Github/Raspberry_Pi_Pico/pico-sdk/src/rp2_common/pico_double/double_init_rom.c.obj
 *fill*         0x10007afa        0x2 
 .rodata.__func__.0
                0x10007afc       0x14 CMakeFiles/pico_multicore_temp.dir/D_/My_Wisdom/Works/Github/Raspberry_Pi_Pico/pico-sdk/src/rp2_common/pico_double/double_init_rom.c.obj
 .rodata.__aeabi_float_init.str1.4
                0x10007b10       0x94 CMakeFiles/pico_multicore_temp.dir/D_/My_Wisdom/Works/Github/Raspberry_Pi_Pico/pico-sdk/src/rp2_common/pico_float/float_init_rom.c.obj
                                 0x98 (size before relaxing)
 .rodata.__func__.0
                0x10007ba4       0x13 CMakeFiles/pico_multicore_temp.dir/D_/My_Wisdom/Works/Github/Raspberry_Pi_Pico/pico-sdk/src/rp2_common/pico_float/float_init_rom.c.obj
 *fill*         0x10007bb7        0x1 
 .rodata.str1.4
                0x10007bb8       0x48 CMakeFiles/pico_multicore_temp.dir/D_/My_Wisdom/Works/Github/Raspberry_Pi_Pico/pico-sdk/src/rp2_common/pico_standard_link/binary_info.c.obj
 .rodata.__bi_40
                0x10007c00        0xc CMakeFiles/pico_multicore_temp.dir/D_/My_Wisdom/Works/Github/Raspberry_Pi_Pico/pico-sdk/src/rp2_common/pico_standard_link/binary_info.c.obj
 .rodata.__bi_71
                0x10007c0c        0xc CMakeFiles/pico_multicore_temp.dir/D_/My_Wisdom/Works/Github/Raspberry_Pi_Pico/pico-sdk/src/rp2_common/pico_standard_link/binary_info.c.obj
 .rodata.__bi_77
                0x10007c18        0xc CMakeFiles/pico_multicore_temp.dir/D_/My_Wisdom/Works/Github/Raspberry_Pi_Pico/pico-sdk/src/rp2_common/pico_standard_link/binary_info.c.obj
 .rodata.crlf_str.1
                0x10007c24        0x2 CMakeFiles/pico_multicore_temp.dir/D_/My_Wisdom/Works/Github/Raspberry_Pi_Pico/pico-sdk/src/rp2_common/pico_stdio/stdio.c.obj
 *fill*         0x10007c26        0x2 
 .rodata._resetd_driver
                0x10007c28       0x1c CMakeFiles/pico_multicore_temp.dir/D_/My_Wisdom/Works/Github/Raspberry_Pi_Pico/pico-sdk/src/rp2_common/pico_stdio_usb/reset_interface.c.obj
 .rodata.str1.4
                0x10007c44       0x13 CMakeFiles/pico_multicore_temp.dir/D_/My_Wisdom/Works/Github/Raspberry_Pi_Pico/pico-sdk/src/rp2_common/pico_stdio_usb/stdio_usb.c.obj
 *fill*         0x10007c57        0x1 
 .rodata.__bi_92.0
                0x10007c58        0xc CMakeFiles/pico_multicore_temp.dir/D_/My_Wisdom/Works/Github/Raspberry_Pi_Pico/pico-sdk/src/rp2_common/pico_stdio_usb/stdio_usb.c.obj
 .rodata.str1.4
                0x10007c64       0x3a CMakeFiles/pico_multicore_temp.dir/D_/My_Wisdom/Works/Github/Raspberry_Pi_Pico/pico-sdk/src/rp2_common/pico_stdio_usb/stdio_usb_descriptors.c.obj
 *fill*         0x10007c9e        0x2 
 .rodata.usbd_desc_cfg
                0x10007ca0       0x54 CMakeFiles/pico_multicore_temp.dir/D_/My_Wisdom/Works/Github/Raspberry_Pi_Pico/pico-sdk/src/rp2_common/pico_stdio_usb/stdio_usb_descriptors.c.obj
 .rodata.usbd_desc_device
                0x10007cf4       0x12 CMakeFiles/pico_multicore_temp.dir/D_/My_Wisdom/Works/Github/Raspberry_Pi_Pico/pico-sdk/src/rp2_common/pico_stdio_usb/stdio_usb_descriptors.c.obj
 *fill*         0x10007d06        0x2 
 .rodata.usbd_desc_str
                0x10007d08       0x18 CMakeFiles/pico_multicore_temp.dir/D_/My_Wisdom/Works/Github/Raspberry_Pi_Pico/pico-sdk/src/rp2_common/pico_stdio_usb/stdio_usb_descriptors.c.obj
 .rodata._hw_endpoint_alloc.str1.4
                0x10007d20       0xd1 CMakeFiles/pico_multicore_temp.dir/D_/My_Wisdom/Works/Github/Raspberry_Pi_Pico/pico-sdk/lib/tinyusb/src/portable/raspberrypi/rp2040/dcd_rp2040.c.obj
 *fill*         0x10007df1        0x3 
 .rodata._hw_endpoint_init.str1.4
                0x10007df4       0x28 CMakeFiles/pico_multicore_temp.dir/D_/My_Wisdom/Works/Github/Raspberry_Pi_Pico/pico-sdk/lib/tinyusb/src/portable/raspberrypi/rp2040/dcd_rp2040.c.obj
 .rodata.hw_handle_buff_status.str1.4
                0x10007e1c        0xb CMakeFiles/pico_multicore_temp.dir/D_/My_Wisdom/Works/Github/Raspberry_Pi_Pico/pico-sdk/lib/tinyusb/src/portable/raspberrypi/rp2040/dcd_rp2040.c.obj
 *fill*         0x10007e27        0x1 
 .rodata.dcd_rp2040_irq.str1.4
                0x10007e28       0x14 CMakeFiles/pico_multicore_temp.dir/D_/My_Wisdom/Works/Github/Raspberry_Pi_Pico/pico-sdk/lib/tinyusb/src/portable/raspberrypi/rp2040/dcd_rp2040.c.obj
 .rodata._hw_endpoint_stall.str1.4
                0x10007e3c        0xd CMakeFiles/pico_multicore_temp.dir/D_/My_Wisdom/Works/Github/Raspberry_Pi_Pico/pico-sdk/lib/tinyusb/src/portable/raspberrypi/rp2040/dcd_rp2040.c.obj
 *fill*         0x10007e49        0x3 
 .rodata.dcd_int_enable.str1.4
                0x10007e4c        0xc CMakeFiles/pico_multicore_temp.dir/D_/My_Wisdom/Works/Github/Raspberry_Pi_Pico/pico-sdk/lib/tinyusb/src/portable/raspberrypi/rp2040/dcd_rp2040.c.obj
 .rodata.__func__.0
                0x10007e58       0x15 CMakeFiles/pico_multicore_temp.dir/D_/My_Wisdom/Works/Github/Raspberry_Pi_Pico/pico-sdk/lib/tinyusb/src/portable/raspberrypi/rp2040/dcd_rp2040.c.obj
 *fill*         0x10007e6d        0x3 
 .rodata.__func__.1
                0x10007e70       0x13 CMakeFiles/pico_multicore_temp.dir/D_/My_Wisdom/Works/Github/Raspberry_Pi_Pico/pico-sdk/lib/tinyusb/src/portable/raspberrypi/rp2040/dcd_rp2040.c.obj
 *fill*         0x10007e83        0x1 
 .rodata.__func__.10
                0x10007e84        0xf CMakeFiles/pico_multicore_temp.dir/D_/My_Wisdom/Works/Github/Raspberry_Pi_Pico/pico-sdk/lib/tinyusb/src/portable/raspberrypi/rp2040/dcd_rp2040.c.obj
 *fill*         0x10007e93        0x1 
 .rodata.__func__.11
                0x10007e94       0x13 CMakeFiles/pico_multicore_temp.dir/D_/My_Wisdom/Works/Github/Raspberry_Pi_Pico/pico-sdk/lib/tinyusb/src/portable/raspberrypi/rp2040/dcd_rp2040.c.obj
 *fill*         0x10007ea7        0x1 
 .rodata.__func__.12
                0x10007ea8       0x16 CMakeFiles/pico_multicore_temp.dir/D_/My_Wisdom/Works/Github/Raspberry_Pi_Pico/pico-sdk/lib/tinyusb/src/portable/raspberrypi/rp2040/dcd_rp2040.c.obj
 *fill*         0x10007ebe        0x2 
 .rodata.__func__.13
                0x10007ec0        0x9 CMakeFiles/pico_multicore_temp.dir/D_/My_Wisdom/Works/Github/Raspberry_Pi_Pico/pico-sdk/lib/tinyusb/src/portable/raspberrypi/rp2040/dcd_rp2040.c.obj
 *fill*         0x10007ec9        0x3 
 .rodata.__func__.2
                0x10007ecc        0xf CMakeFiles/pico_multicore_temp.dir/D_/My_Wisdom/Works/Github/Raspberry_Pi_Pico/pico-sdk/lib/tinyusb/src/portable/raspberrypi/rp2040/dcd_rp2040.c.obj
 *fill*         0x10007edb        0x1 
 .rodata.__func__.3
                0x10007edc        0xe CMakeFiles/pico_multicore_temp.dir/D_/My_Wisdom/Works/Github/Raspberry_Pi_Pico/pico-sdk/lib/tinyusb/src/portable/raspberrypi/rp2040/dcd_rp2040.c.obj
 *fill*         0x10007eea        0x2 
 .rodata.__func__.4
                0x10007eec        0xe CMakeFiles/pico_multicore_temp.dir/D_/My_Wisdom/Works/Github/Raspberry_Pi_Pico/pico-sdk/lib/tinyusb/src/portable/raspberrypi/rp2040/dcd_rp2040.c.obj
 *fill*         0x10007efa        0x2 
 .rodata.__func__.5
                0x10007efc       0x1a CMakeFiles/pico_multicore_temp.dir/D_/My_Wisdom/Works/Github/Raspberry_Pi_Pico/pico-sdk/lib/tinyusb/src/portable/raspberrypi/rp2040/dcd_rp2040.c.obj
 *fill*         0x10007f16        0x2 
 .rodata.__func__.6
                0x10007f18        0xc CMakeFiles/pico_multicore_temp.dir/D_/My_Wisdom/Works/Github/Raspberry_Pi_Pico/pico-sdk/lib/tinyusb/src/portable/raspberrypi/rp2040/dcd_rp2040.c.obj
 .rodata.__func__.8
                0x10007f24       0x10 CMakeFiles/pico_multicore_temp.dir/D_/My_Wisdom/Works/Github/Raspberry_Pi_Pico/pico-sdk/lib/tinyusb/src/portable/raspberrypi/rp2040/dcd_rp2040.c.obj
 .rodata._hw_endpoint_buffer_control_update32.str1.4
                0x10007f34       0x1f CMakeFiles/pico_multicore_temp.dir/D_/My_Wisdom/Works/Github/Raspberry_Pi_Pico/pico-sdk/lib/tinyusb/src/portable/raspberrypi/rp2040/rp2040_usb.c.obj
 *fill*         0x10007f53        0x1 
 .rodata._hw_endpoint_xfer_sync.str1.4
                0x10007f54       0xad CMakeFiles/pico_multicore_temp.dir/D_/My_Wisdom/Works/Github/Raspberry_Pi_Pico/pico-sdk/lib/tinyusb/src/portable/raspberrypi/rp2040/rp2040_usb.c.obj
 *fill*         0x10008001        0x3 
 .rodata._hw_endpoint_xfer_continue.str1.4
                0x10008004       0x50 CMakeFiles/pico_multicore_temp.dir/D_/My_Wisdom/Works/Github/Raspberry_Pi_Pico/pico-sdk/lib/tinyusb/src/portable/raspberrypi/rp2040/rp2040_usb.c.obj
 .rodata._hw_endpoint_xfer.str1.4
                0x10008054        0xf CMakeFiles/pico_multicore_temp.dir/D_/My_Wisdom/Works/Github/Raspberry_Pi_Pico/pico-sdk/lib/tinyusb/src/portable/raspberrypi/rp2040/rp2040_usb.c.obj
 *fill*         0x10008063        0x1 
 .rodata.str1.4
                0x10008064        0x7 CMakeFiles/pico_multicore_temp.dir/D_/My_Wisdom/Works/Github/Raspberry_Pi_Pico/pico-sdk/lib/tinyusb/src/portable/raspberrypi/rp2040/rp2040_usb.c.obj
 *fill*         0x1000806b        0x1 
 .rodata.__func__.0
                0x1000806c       0x12 CMakeFiles/pico_multicore_temp.dir/D_/My_Wisdom/Works/Github/Raspberry_Pi_Pico/pico-sdk/lib/tinyusb/src/portable/raspberrypi/rp2040/rp2040_usb.c.obj
 *fill*         0x1000807e        0x2 
 .rodata.__func__.1
                0x10008080       0x17 CMakeFiles/pico_multicore_temp.dir/D_/My_Wisdom/Works/Github/Raspberry_Pi_Pico/pico-sdk/lib/tinyusb/src/portable/raspberrypi/rp2040/rp2040_usb.c.obj
 *fill*         0x10008097        0x1 
 .rodata.process_set_config.str1.4
                0x10008098       0x17 CMakeFiles/pico_multicore_temp.dir/D_/My_Wisdom/Works/Github/Raspberry_Pi_Pico/pico-sdk/lib/tinyusb/src/device/usbd.c.obj
 *fill*         0x100080af        0x1 
 .rodata.process_get_descriptor
                0x100080b0       0x40 CMakeFiles/pico_multicore_temp.dir/D_/My_Wisdom/Works/Github/Raspberry_Pi_Pico/pico-sdk/lib/tinyusb/src/device/usbd.c.obj
 .rodata.dcd_event_handler.str1.4
                0x100080f0       0x66 CMakeFiles/pico_multicore_temp.dir/D_/My_Wisdom/Works/Github/Raspberry_Pi_Pico/pico-sdk/lib/tinyusb/src/device/usbd.c.obj
 *fill*         0x10008156        0x2 
 .rodata.process_control_request
                0x10008158       0x28 CMakeFiles/pico_multicore_temp.dir/D_/My_Wisdom/Works/Github/Raspberry_Pi_Pico/pico-sdk/lib/tinyusb/src/device/usbd.c.obj
 .rodata.tud_task
                0x10008180       0x24 CMakeFiles/pico_multicore_temp.dir/D_/My_Wisdom/Works/Github/Raspberry_Pi_Pico/pico-sdk/lib/tinyusb/src/device/usbd.c.obj
 .rodata.__func__.1
                0x100081a4        0xf CMakeFiles/pico_multicore_temp.dir/D_/My_Wisdom/Works/Github/Raspberry_Pi_Pico/pico-sdk/lib/tinyusb/src/device/usbd.c.obj
 *fill*         0x100081b3        0x1 
 .rodata.__func__.2
                0x100081b4       0x14 CMakeFiles/pico_multicore_temp.dir/D_/My_Wisdom/Works/Github/Raspberry_Pi_Pico/pico-sdk/lib/tinyusb/src/device/usbd.c.obj
 .rodata.__func__.3
                0x100081c8       0x10 CMakeFiles/pico_multicore_temp.dir/D_/My_Wisdom/Works/Github/Raspberry_Pi_Pico/pico-sdk/lib/tinyusb/src/device/usbd.c.obj
 .rodata.__func__.4
                0x100081d8       0x17 CMakeFiles/pico_multicore_temp.dir/D_/My_Wisdom/Works/Github/Raspberry_Pi_Pico/pico-sdk/lib/tinyusb/src/device/usbd.c.obj
 *fill*         0x100081ef        0x1 
 .rodata.__func__.5
                0x100081f0       0x13 CMakeFiles/pico_multicore_temp.dir/D_/My_Wisdom/Works/Github/Raspberry_Pi_Pico/pico-sdk/lib/tinyusb/src/device/usbd.c.obj
 *fill*         0x10008203        0x1 
 .rodata.__func__.6
                0x10008204       0x18 CMakeFiles/pico_multicore_temp.dir/D_/My_Wisdom/Works/Github/Raspberry_Pi_Pico/pico-sdk/lib/tinyusb/src/device/usbd.c.obj
 .rodata.__func__.7
                0x1000821c       0x13 CMakeFiles/pico_multicore_temp.dir/D_/My_Wisdom/Works/Github/Raspberry_Pi_Pico/pico-sdk/lib/tinyusb/src/device/usbd.c.obj
 *fill*         0x1000822f        0x1 
 .rodata.__func__.8
                0x10008230        0x9 CMakeFiles/pico_multicore_temp.dir/D_/My_Wisdom/Works/Github/Raspberry_Pi_Pico/pico-sdk/lib/tinyusb/src/device/usbd.c.obj
 *fill*         0x10008239        0x3 
 .rodata._usbd_driver
                0x1000823c       0x1c CMakeFiles/pico_multicore_temp.dir/D_/My_Wisdom/Works/Github/Raspberry_Pi_Pico/pico-sdk/lib/tinyusb/src/device/usbd.c.obj
 .rodata.tud_control_xfer.str1.4
                0x10008258       0x17 CMakeFiles/pico_multicore_temp.dir/D_/My_Wisdom/Works/Github/Raspberry_Pi_Pico/pico-sdk/lib/tinyusb/src/device/usbd_control.c.obj
 .rodata.__func__.0
                0x10008258       0x15 CMakeFiles/pico_multicore_temp.dir/D_/My_Wisdom/Works/Github/Raspberry_Pi_Pico/pico-sdk/lib/tinyusb/src/device/usbd_control.c.obj
 *fill*         0x1000826d        0x3 
 .rodata.__func__.1
                0x10008270       0x11 CMakeFiles/pico_multicore_temp.dir/D_/My_Wisdom/Works/Github/Raspberry_Pi_Pico/pico-sdk/lib/tinyusb/src/device/usbd_control.c.obj
 .rodata.tud_cdc_n_write_flush.str1.4
                0x10008281       0x17 CMakeFiles/pico_multicore_temp.dir/D_/My_Wisdom/Works/Github/Raspberry_Pi_Pico/pico-sdk/lib/tinyusb/src/class/cdc/cdc_device.c.obj
 *fill*         0x10008281        0x3 
 .rodata.__func__.0
                0x10008284        0xd CMakeFiles/pico_multicore_temp.dir/D_/My_Wisdom/Works/Github/Raspberry_Pi_Pico/pico-sdk/lib/tinyusb/src/class/cdc/cdc_device.c.obj
 *fill*         0x10008291        0x3 
 .rodata.__func__.1